MPLINK 4.48, Linker
Linker Map File - Created Fri Nov 21 17:31:58 2014

                                 Section Info
                  Section       Type    Address   Location Size(Bytes)
                ---------  ---------  ---------  ---------  ---------
               _entry_scn       code   0x000000    program   0x000006
           .code___init.o       code   0x000006    program   0x000002
      InterruptVectorHigh       code   0x000008    program   0x000022
                   .cinit    romdata   0x00002a    program   0x000092
              .code_TCP.o       code   0x0000bc    program   0x00608c
      .code_BerkeleyAPI.o       code   0x006148    program   0x001d14
              .code_UDP.o       code   0x007e5c    program   0x001324
          .code_Helpers.o       code   0x009180    program   0x001142
         .code_ETH97J60.o       code   0x00a2c2    program   0x000d98
              .code_ARP.o       code   0x00b05a    program   0x0006aa
   .code_UART2TCPBridge.o       code   0x00b704    program   0x000598
         .code_MainDemo.o       code   0x00bc9c    program   0x000458
.code_BerkeleyTCPServerDemo.o       code   0x00c0f4    program   0x000408
               .code_IP.o       code   0x00c4fc    program   0x0003fc
         .code_StackTsk.o       code   0x00c8f8    program   0x00024c
             .code_UART.o       code   0x00cb44    program   0x0001be
                   STRING       code   0x00cd02    program   0x0001bc
             .code_Tick.o       code   0x00cebe    program   0x0001b4
             .code_ICMP.o       code   0x00d072    program   0x00014a
               _cinit_scn       code   0x00d1bc    program   0x00009e
 .code_externInterrupts.o       code   0x00d25a    program   0x00007a
          .code_rb1open.o       code   0x00d2d4    program   0x000054
          .code_rb0open.o       code   0x00d328    program   0x00004a
         .code_fxd3232u.o       code   0x00d372    program   0x000048
                     PROG       code   0x00d3ba    program   0x00003c
           .romdata_TCP.o    romdata   0x00d3f6    program   0x000036
         .code_fxd1616u.o       code   0x00d42c    program   0x00002c
                    .code       code   0x00d458    program   0x00002c
             _startup_scn       code   0x00d484    program   0x00001c
             .stringtable    romdata   0x00d4a0    program   0x00001a
            .code_board.o       code   0x00d4ba    program   0x00000e
      .romdata_MainDemo.o    romdata   0x00d4c8    program   0x000006
             EXINT_DATA_i    romdata   0x00d4ce    program   0x000002
          .romdata_Tick.o    romdata   0x00d4d0    program   0x000000
         .romdata_TFTPc.o    romdata   0x00d4d0    program   0x000000
       .romdata_rb0open.o    romdata   0x00d4d0    program   0x000000
        .romdata_Telnet.o    romdata   0x00d4d0    program   0x000000
.romdata_TCPPerformanceTest.o    romdata   0x00d4d0    program   0x000000
       .idata_rb1open.o_i    romdata   0x00d4d0    program   0x000000
       .romdata_rb1open.o    romdata   0x00d4d0    program   0x000000
        .idata___init.o_i    romdata   0x00d4d0    program   0x000000
        .romdata___init.o    romdata   0x00d4d0    program   0x000000
      .romdata_StackTsk.o    romdata   0x00d4d0    program   0x000000
           .romdata_SSL.o    romdata   0x00d4d0    program   0x000000
        .romdata_SPIRAM.o    romdata   0x00d4d0    program   0x000000
      .romdata_SPIFlash.o    romdata   0x00d4d0    program   0x000000
     .romdata_SPIEEPROM.o    romdata   0x00d4d0    program   0x000000
          .romdata_SNTP.o    romdata   0x00d4d0    program   0x000000
     .romdata_SNMPv3USM.o    romdata   0x00d4d0    program   0x000000
        .romdata_SNMPv3.o    romdata   0x00d4d0    program   0x000000
          .romdata_SNMP.o    romdata   0x00d4d0    program   0x000000
.idata_interruptvector.o_i    romdata   0x00d4d0    program   0x000000
         .romdata_board.o    romdata   0x00d4d0    program   0x000000
         .idata_board.o_i    romdata   0x00d4d0    program   0x000000
.romdata_interruptvector.o    romdata   0x00d4d0    program   0x000000
.idata_externInterrupts.o_i    romdata   0x00d4d0    program   0x000000
.romdata_externInterrupts.o    romdata   0x00d4d0    program   0x000000
.romdata_BerkeleyTCPServerDemo.o    romdata   0x00d4d0    program   0x000000
      .idata_fxd1616u.o_i    romdata   0x00d4d0    program   0x000000
           .romdata_UDP.o    romdata   0x00d4d0    program   0x000000
           .idata_UDP.o_i    romdata   0x00d4d0    program   0x000002
      .romdata_fxd1616u.o    romdata   0x00d4d0    program   0x000000
.romdata_UART2TCPBridge.o    romdata   0x00d4d0    program   0x000000
      .idata_fxd3232u.o_i    romdata   0x00d4d0    program   0x000000
          .romdata_UART.o    romdata   0x00d4d0    program   0x000000
      .romdata_fxd3232u.o    romdata   0x00d4d0    program   0x000000
         .romdata_timer.o    romdata   0x00d4d0    program   0x000000
         .idata_timer.o_i    romdata   0x00d4d0    program   0x000000
       .idata_rb0open.o_i    romdata   0x00d4d0    program   0x000000
            .romdata_IP.o    romdata   0x00d4d0    program   0x000000
   .romdata_LCDBlocking.o    romdata   0x00d4d0    program   0x000000
          .romdata_ICMP.o    romdata   0x00d4d0    program   0x000000
         .romdata_MPFS2.o    romdata   0x00d4d0    program   0x000000
         .romdata_HTTP2.o    romdata   0x00d4d0    program   0x000000
       .romdata_Helpers.o    romdata   0x00d4d0    program   0x000000
        .romdata_Hashes.o    romdata   0x00d4d0    program   0x000000
           .romdata_FTP.o    romdata   0x00d4d0    program   0x000000
      .romdata_ETH97J60.o    romdata   0x00d4d0    program   0x000000
          .romdata_NBNS.o    romdata   0x00d4d0    program   0x000000
        .romdata_DynDNS.o    romdata   0x00d4d0    program   0x000000
         .idata_c018i.o_i    romdata   0x00d4d0    program   0x000000
         .romdata_c018i.o    romdata   0x00d4d0    program   0x000000
      .romdata_Announce.o    romdata   0x00d4d0    program   0x000000
           .romdata_ARP.o    romdata   0x00d4d0    program   0x000000
          .romdata_SMTP.o    romdata   0x00d4d0    program   0x000000
        .romdata_AutoIP.o    romdata   0x00d4d0    program   0x000000
   .romdata_BerkeleyAPI.o    romdata   0x00d4d0    program   0x000000
         .romdata_Delay.o    romdata   0x00d4d0    program   0x000000
          .romdata_DHCP.o    romdata   0x00d4d0    program   0x000000
         .romdata_DHCPs.o    romdata   0x00d4d0    program   0x000000
           .romdata_DNS.o    romdata   0x00d4d0    program   0x000000
          .romdata_DNSs.o    romdata   0x00d4d0    program   0x000000
.idata_UART2TCPBridge.o_i    romdata   0x00d4d2    program   0x00000d
          .idata_UART.o_i    romdata   0x00d4df    program   0x000000
          .idata_Tick.o_i    romdata   0x00d4df    program   0x000008
         .idata_TFTPc.o_i    romdata   0x00d4e7    program   0x000000
           .idata_TCP.o_i    romdata   0x00d4e7    program   0x000002
        .idata_Telnet.o_i    romdata   0x00d4e7    program   0x000000
.idata_TCPPerformanceTest.o_i    romdata   0x00d4e7    program   0x000000
      .idata_StackTsk.o_i    romdata   0x00d4e9    program   0x000001
      .idata_MainDemo.o_i    romdata   0x00d4ea    program   0x000010
        .idata_SPIRAM.o_i    romdata   0x00d4ea    program   0x000000
     .idata_SPIEEPROM.o_i    romdata   0x00d4ea    program   0x000000
        .idata_SNMPv3.o_i    romdata   0x00d4ea    program   0x000000
          .idata_SMTP.o_i    romdata   0x00d4ea    program   0x000000
           .idata_SSL.o_i    romdata   0x00d4ea    program   0x000000
     .idata_SNMPv3USM.o_i    romdata   0x00d4ea    program   0x000000
      .idata_SPIFlash.o_i    romdata   0x00d4ea    program   0x000000
          .idata_NBNS.o_i    romdata   0x00d4ea    program   0x000000
          .idata_SNTP.o_i    romdata   0x00d4ea    program   0x000000
          .idata_SNMP.o_i    romdata   0x00d4ea    program   0x000000
         .idata_MPFS2.o_i    romdata   0x00d4fa    program   0x000000
            .idata_IP.o_i    romdata   0x00d4fa    program   0x000002
   .idata_LCDBlocking.o_i    romdata   0x00d4fa    program   0x000000
          .idata_ICMP.o_i    romdata   0x00d4fc    program   0x000000
       .idata_Helpers.o_i    romdata   0x00d4fc    program   0x000004
      .idata_ETH97J60.o_i    romdata   0x00d500    program   0x000000
           .idata_FTP.o_i    romdata   0x00d500    program   0x000000
         .idata_Delay.o_i    romdata   0x00d500    program   0x000000
          .idata_DHCP.o_i    romdata   0x00d500    program   0x000000
        .idata_DynDNS.o_i    romdata   0x00d500    program   0x000000
          .idata_DNSs.o_i    romdata   0x00d500    program   0x000000
         .idata_DHCPs.o_i    romdata   0x00d500    program   0x000000
           .idata_DNS.o_i    romdata   0x00d500    program   0x000000
         .idata_HTTP2.o_i    romdata   0x00d500    program   0x000000
        .idata_Hashes.o_i    romdata   0x00d500    program   0x000000
.idata_BerkeleyTCPServerDemo.o_i    romdata   0x00d500    program   0x00000a
   .idata_BerkeleyAPI.o_i    romdata   0x00d50a    program   0x000002
        .idata_AutoIP.o_i    romdata   0x00d50c    program   0x000000
           .idata_ARP.o_i    romdata   0x00d50c    program   0x000001
      .idata_Announce.o_i    romdata   0x00d50c    program   0x000000
           .code_AutoIP.o       code   0x00d50e    program   0x000000
           .code_SNMPv3.o       code   0x00d50e    program   0x000000
            .code_Delay.o       code   0x00d50e    program   0x000000
         .code_Announce.o       code   0x00d50e    program   0x000000
        .code_SNMPv3USM.o       code   0x00d50e    program   0x000000
             .code_DHCP.o       code   0x00d50e    program   0x000000
             .code_SNMP.o       code   0x00d50e    program   0x000000
            .code_c018i.o       code   0x00d50e    program   0x000000
            .code_DHCPs.o       code   0x00d50e    program   0x000000
             .code_SMTP.o       code   0x00d50e    program   0x000000
.code_TCPPerformanceTest.o       code   0x00d50e    program   0x000000
           .code_Telnet.o       code   0x00d50e    program   0x000000
      .code_LCDBlocking.o       code   0x00d50e    program   0x000000
            .code_TFTPc.o       code   0x00d50e    program   0x000000
              .code_SSL.o       code   0x00d50e    program   0x000000
            .code_HTTP2.o       code   0x00d50e    program   0x000000
            .code_timer.o       code   0x00d50e    program   0x000000
           .code_SPIRAM.o       code   0x00d50e    program   0x000000
            .code_MPFS2.o       code   0x00d50e    program   0x000000
           .code_Hashes.o       code   0x00d50e    program   0x000000
         .code_SPIFlash.o       code   0x00d50e    program   0x000000
              .code_FTP.o       code   0x00d50e    program   0x000000
        .code_SPIEEPROM.o       code   0x00d50e    program   0x000000
           .code_DynDNS.o       code   0x00d50e    program   0x000000
             .code_DNSs.o       code   0x00d50e    program   0x000000
             .code_SNTP.o       code   0x00d50e    program   0x000000
              .code_DNS.o       code   0x00d50e    program   0x000000
  .code_interruptvector.o       code   0x00d50e    program   0x000000
             .code_NBNS.o       code   0x00d50e    program   0x000000
 .config_1fff8_MainDemo.o    romdata   0x01fff8    program   0x000001
 .config_1fffa_MainDemo.o    romdata   0x01fffa    program   0x000001
 .config_1fffd_MainDemo.o    romdata   0x01fffd    program   0x000001
                MATH_DATA      udata   0x000000       data   0x000014
                 .tmpdata      udata   0x000014       data   0x00000e
              temp_tblptr      udata   0x000060       data   0x000001
           .udata_board.o      udata   0x000061       data   0x000001
              .udata_IP.o      udata   0x000062       data   0x000001
        .idata_StackTsk.o      idata   0x000063       data   0x000001
             .idata_ARP.o      idata   0x000064       data   0x000001
          .idata_Telnet.o      idata   0x000065       data   0x000000
          .udata_Telnet.o      udata   0x000065       data   0x000000
.idata_TCPPerformanceTest.o      idata   0x000065       data   0x000000
.udata_TCPPerformanceTest.o      udata   0x000065       data   0x000000
             .idata_SSL.o      idata   0x000065       data   0x000000
             .udata_SSL.o      udata   0x000065       data   0x000000
          .idata_SPIRAM.o      idata   0x000065       data   0x000000
          .udata_SPIRAM.o      udata   0x000065       data   0x000000
        .idata_SPIFlash.o      idata   0x000065       data   0x000000
        .udata_SPIFlash.o      udata   0x000065       data   0x000000
       .idata_SPIEEPROM.o      idata   0x000065       data   0x000000
       .udata_SPIEEPROM.o      udata   0x000065       data   0x000000
            .idata_SNTP.o      idata   0x000065       data   0x000000
            .udata_SNTP.o      udata   0x000065       data   0x000000
       .idata_SNMPv3USM.o      idata   0x000065       data   0x000000
       .udata_SNMPv3USM.o      udata   0x000065       data   0x000000
          .idata_SNMPv3.o      idata   0x000065       data   0x000000
          .udata_SNMPv3.o      udata   0x000065       data   0x000000
            .idata_SNMP.o      idata   0x000065       data   0x000000
          .idata___init.o      idata   0x000065       data   0x000000
          .udata___init.o      udata   0x000065       data   0x000000
         .idata_rb1open.o      idata   0x000065       data   0x000000
         .udata_rb1open.o      udata   0x000065       data   0x000000
         .idata_rb0open.o      idata   0x000065       data   0x000000
         .udata_rb0open.o      udata   0x000065       data   0x000000
        .idata_fxd3232u.o      idata   0x000065       data   0x000000
        .udata_fxd3232u.o      udata   0x000065       data   0x000000
        .idata_fxd1616u.o      idata   0x000065       data   0x000000
        .udata_fxd1616u.o      udata   0x000065       data   0x000000
.idata_externInterrupts.o      idata   0x000065       data   0x000000
.udata_externInterrupts.o      udata   0x000065       data   0x000000
 .idata_interruptvector.o      idata   0x000065       data   0x000000
 .udata_interruptvector.o      udata   0x000065       data   0x000000
           .idata_board.o      idata   0x000065       data   0x000000
.udata_BerkeleyTCPServerDemo.o      udata   0x000065       data   0x000000
            .idata_UART.o      idata   0x000065       data   0x000000
            .udata_UART.o      udata   0x000065       data   0x000000
           .idata_timer.o      idata   0x000065       data   0x000000
           .udata_timer.o      udata   0x000065       data   0x000000
           .idata_TFTPc.o      idata   0x000065       data   0x000000
           .udata_TFTPc.o      udata   0x000065       data   0x000000
          .idata_Hashes.o      idata   0x000065       data   0x000000
          .udata_Hashes.o      udata   0x000065       data   0x000000
             .idata_FTP.o      idata   0x000065       data   0x000000
             .udata_FTP.o      udata   0x000065       data   0x000000
        .idata_ETH97J60.o      idata   0x000065       data   0x000000
          .udata_AutoIP.o      udata   0x000065       data   0x000000
          .idata_AutoIP.o      idata   0x000065       data   0x000000
          .idata_DynDNS.o      idata   0x000065       data   0x000000
          .udata_DynDNS.o      udata   0x000065       data   0x000000
            .idata_DNSs.o      idata   0x000065       data   0x000000
            .udata_DNSs.o      udata   0x000065       data   0x000000
           .udata_Delay.o      udata   0x000065       data   0x000000
             .idata_DNS.o      idata   0x000065       data   0x000000
           .idata_Delay.o      idata   0x000065       data   0x000000
            .udata_DHCP.o      udata   0x000065       data   0x000000
             .udata_DNS.o      udata   0x000065       data   0x000000
           .idata_DHCPs.o      idata   0x000065       data   0x000000
           .udata_DHCPs.o      udata   0x000065       data   0x000000
            .idata_DHCP.o      idata   0x000065       data   0x000000
            .udata_SNMP.o      udata   0x000065       data   0x000000
            .idata_SMTP.o      idata   0x000065       data   0x000000
            .udata_SMTP.o      udata   0x000065       data   0x000000
            .idata_NBNS.o      idata   0x000065       data   0x000000
            .udata_NBNS.o      udata   0x000065       data   0x000000
           .idata_MPFS2.o      idata   0x000065       data   0x000000
           .udata_MPFS2.o      udata   0x000065       data   0x000000
     .idata_LCDBlocking.o      idata   0x000065       data   0x000000
     .udata_LCDBlocking.o      udata   0x000065       data   0x000000
            .idata_ICMP.o      idata   0x000065       data   0x000000
            .udata_ICMP.o      udata   0x000065       data   0x000000
           .idata_HTTP2.o      idata   0x000065       data   0x000000
           .udata_HTTP2.o      udata   0x000065       data   0x000000
           .idata_c018i.o      idata   0x000065       data   0x000000
        .udata_Announce.o      udata   0x000065       data   0x000000
        .idata_Announce.o      idata   0x000065       data   0x000000
                 TCB_uRAM      udata   0x000300       data   0x0000fc
         .udata_Helpers.o      udata   0x0003fc       data   0x000004
             .udata_UDP.o      udata   0x000400       data   0x0000c4
       SYN_QUEUE_RAM_SECT      udata   0x0004c4       data   0x00003c
                 BSD_uRAM      udata   0x000c00       data   0x000087
             .udata_TCP.o      udata   0x000c87       data   0x000051
             .udata_ARP.o      udata   0x000cd8       data   0x000014
        .idata_MainDemo.o      idata   0x000cec       data   0x000010
     .udata_BerkeleyAPI.o      udata   0x000cfc       data   0x000004
                   .stack      udata   0x000d00       data   0x000100
        .udata_MainDemo.o      udata   0x000e00       data   0x00003e
        .udata_StackTsk.o      udata   0x000e3e       data   0x00000b
           .udata_c018i.o      udata   0x000e49       data   0x00000a
.idata_BerkeleyTCPServerDemo.o      idata   0x000e53       data   0x00000a
            .idata_Tick.o      idata   0x000e5d       data   0x000008
        .udata_ETH97J60.o      udata   0x000e65       data   0x000007
            .udata_Tick.o      udata   0x000e6c       data   0x000006
         .idata_Helpers.o      idata   0x000e72       data   0x000004
               EXINT_DATA      idata   0x000e76       data   0x000002
             .idata_UDP.o      idata   0x000e78       data   0x000002
             .idata_TCP.o      idata   0x000e7a       data   0x000002
              .idata_IP.o      idata   0x000e7c       data   0x000002
     .idata_BerkeleyAPI.o      idata   0x000e7e       data   0x000002
              SFR_BANKED0      udata   0x000e80       data   0x000006
              SFR_BANKED1      udata   0x000e8a       data   0x000001
              SFR_BANKED2      udata   0x000e97       data   0x000003
              SFR_BANKED3      udata   0x000ea0       data   0x000001
              SFR_BANKED4      udata   0x000ea2       data   0x000003
              SFR_BANKED5      udata   0x000ea6       data   0x000002
              SFR_BANKED6      udata   0x000eaa       data   0x000002
              SFR_BANKED7      udata   0x000eb2       data   0x000001
              SFR_BANKED8      udata   0x000eb4       data   0x000001
              SFR_BANKED9      udata   0x000eb6       data   0x000004
             SFR_BANKED10      udata   0x000ec0       data   0x000012
             SFR_BANKED11      udata   0x000ed4       data   0x000002
             SFR_BANKED12      udata   0x000ed8       data   0x000002
             SFR_BANKED13      udata   0x000ee2       data   0x000016
             SFR_BANKED14      udata   0x000efb       data   0x000001
             SFR_BANKED15      udata   0x000efd       data   0x000002
  .udata_UART2TCPBridge.o      udata   0x000f00       data   0x000053
  .idata_UART2TCPBridge.o      idata   0x000f53       data   0x00000d
            SFR_UNBANKED0      udata   0x000f60       data   0x0000a0



                              Program Memory Usage 
                               Start         End      
                           ---------   ---------      
                            0x000000    0x00d50c      
                            0x01fff8    0x01fff8      
                            0x01fffa    0x01fffa      
                            0x01fffd    0x01fffd      
            54544 out of 131072 program addresses used, program memory utilization is 41%



                              Symbols - Sorted by Name
                     Name    Address   Location    Storage File                     
                ---------  ---------  ---------  --------- ---------                
                  ARPInit   0x00b260    program     extern D:\jo\Ideonics\Repository\OR_SYSTEM_FIRMWARE\OR_SYSTEM_FIRMWARE\TCPIP\source\ARP.c
            ARPIsResolved   0x00b54a    program     extern D:\jo\Ideonics\Repository\OR_SYSTEM_FIRMWARE\OR_SYSTEM_FIRMWARE\TCPIP\source\ARP.c
               ARPProcess   0x00b284    program     extern D:\jo\Ideonics\Repository\OR_SYSTEM_FIRMWARE\OR_SYSTEM_FIRMWARE\TCPIP\source\ARP.c
                   ARPPut   0x00b106    program     static D:\jo\Ideonics\Repository\OR_SYSTEM_FIRMWARE\OR_SYSTEM_FIRMWARE\TCPIP\source\ARP.c
               ARPResolve   0x00b462    program     extern D:\jo\Ideonics\Repository\OR_SYSTEM_FIRMWARE\OR_SYSTEM_FIRMWARE\TCPIP\source\ARP.c
               ARPSendPkt   0x00b05a    program     extern D:\jo\Ideonics\Repository\OR_SYSTEM_FIRMWARE\OR_SYSTEM_FIRMWARE\TCPIP\source\ARP.c
                 BRD_init   0x00d4ba    program     extern D:\jo\Ideonics\Repository\OR_SYSTEM_FIRMWARE\OR_SYSTEM_FIRMWARE\application\board.c
       BerkeleySocketInit   0x006148    program     extern D:\jo\Ideonics\Repository\OR_SYSTEM_FIRMWARE\OR_SYSTEM_FIRMWARE\TCPIP\source\BerkeleyAPI.c
    BerkeleyTCPServerDemo   0x00c0f4    program     extern D:\jo\Ideonics\Repository\OR_SYSTEM_FIRMWARE\OR_SYSTEM_FIRMWARE\TCPIP\BerkeleyTCPServerDemo.c
                BusyUSART   0x00cbc4    program     extern D:\jo\Ideonics\Repository\OR_SYSTEM_FIRMWARE\OR_SYSTEM_FIRMWARE\TCPIP\source\UART.c
     CalcIPBufferChecksum   0x00a9ce    program     extern D:\jo\Ideonics\Repository\OR_SYSTEM_FIRMWARE\OR_SYSTEM_FIRMWARE\TCPIP\source\ETH97J60.c
           CalcIPChecksum   0x009e1c    program     extern D:\jo\Ideonics\Repository\OR_SYSTEM_FIRMWARE\OR_SYSTEM_FIRMWARE\TCPIP\source\Helpers.c
              CloseSocket   0x00422a    program     static D:\jo\Ideonics\Repository\OR_SYSTEM_FIRMWARE\OR_SYSTEM_FIRMWARE\TCPIP\source\TCP.c
               CloseUSART   0x00cbd2    program     extern D:\jo\Ideonics\Repository\OR_SYSTEM_FIRMWARE\OR_SYSTEM_FIRMWARE\TCPIP\source\UART.c
             DataRdyUSART   0x00cbde    program     extern D:\jo\Ideonics\Repository\OR_SYSTEM_FIRMWARE\OR_SYSTEM_FIRMWARE\TCPIP\source\UART.c
           DisplayIPValue   0x00be4c    program     extern D:\jo\Ideonics\Repository\OR_SYSTEM_FIRMWARE\OR_SYSTEM_FIRMWARE\TCPIP\MainDemo.c
         EnableInterrupts   0x000022    program     extern D:\jo\Ideonics\Repository\OR_SYSTEM_FIRMWARE\OR_SYSTEM_FIRMWARE\application\interruptvector.c
                 FXD1616U   0x00d42c    program     extern E:\c18v3.46\pic18-lt\cxx-framework\src\traditional\math\fxd1616u.c
                 FXD3232U   0x00d372    program     extern E:\c18v3.46\pic18-lt\cxx-framework\src\traditional\math\fxd3232u.c
                 FXM1616U   0x00d3ba    program     extern E:\c18v3.46\pic18-lt\cxx-framework\src\traditional\math\fxm1616u.asm
       FindMatchingSocket   0x008f88    program     static D:\jo\Ideonics\Repository\OR_SYSTEM_FIRMWARE\OR_SYSTEM_FIRMWARE\TCPIP\source\UDP.c
       FindMatchingSocket   0x0039ae    program     static D:\jo\Ideonics\Repository\OR_SYSTEM_FIRMWARE\OR_SYSTEM_FIRMWARE\TCPIP\source\TCP.c
        FormatNetBIOSName   0x00a01e    program     extern D:\jo\Ideonics\Repository\OR_SYSTEM_FIRMWARE\OR_SYSTEM_FIRMWARE\TCPIP\source\Helpers.c
      GenerateRandomDWORD   0x0092d2    program     extern D:\jo\Ideonics\Repository\OR_SYSTEM_FIRMWARE\OR_SYSTEM_FIRMWARE\TCPIP\source\Helpers.c
      GetMaxSegSizeOption   0x0042d6    program     static D:\jo\Ideonics\Repository\OR_SYSTEM_FIRMWARE\OR_SYSTEM_FIRMWARE\TCPIP\source\TCP.c
              GetTickCopy   0x00cece    program     static D:\jo\Ideonics\Repository\OR_SYSTEM_FIRMWARE\OR_SYSTEM_FIRMWARE\TCPIP\source\Tick.c
HandlePossibleTCPDisconnection   0x007ce0    program     static D:\jo\Ideonics\Repository\OR_SYSTEM_FIRMWARE\OR_SYSTEM_FIRMWARE\TCPIP\source\BerkeleyAPI.c
             HandleTCPSeg   0x004450    program     static D:\jo\Ideonics\Repository\OR_SYSTEM_FIRMWARE\OR_SYSTEM_FIRMWARE\TCPIP\source\TCP.c
              ICMPProcess   0x00d072    program     extern D:\jo\Ideonics\Repository\OR_SYSTEM_FIRMWARE\OR_SYSTEM_FIRMWARE\TCPIP\source\ICMP.c
         IO2TCPBridgeTask   0x00b71c    program     extern D:\jo\Ideonics\Repository\OR_SYSTEM_FIRMWARE\OR_SYSTEM_FIRMWARE\TCPIP\source\UART2TCPBridge.c
              IPGetHeader   0x00c4fc    program     extern D:\jo\Ideonics\Repository\OR_SYSTEM_FIRMWARE\OR_SYSTEM_FIRMWARE\TCPIP\source\IP.c
              IPPutHeader   0x00c670    program     extern D:\jo\Ideonics\Repository\OR_SYSTEM_FIRMWARE\OR_SYSTEM_FIRMWARE\TCPIP\source\IP.c
            IPSetRxBuffer   0x00c7d6    program     extern D:\jo\Ideonics\Repository\OR_SYSTEM_FIRMWARE\OR_SYSTEM_FIRMWARE\TCPIP\source\IP.c
            InitAppConfig   0x00bfce    program     static D:\jo\Ideonics\Repository\OR_SYSTEM_FIRMWARE\OR_SYSTEM_FIRMWARE\TCPIP\MainDemo.c
          InitializeBoard   0x00bf80    program     static D:\jo\Ideonics\Repository\OR_SYSTEM_FIRMWARE\OR_SYSTEM_FIRMWARE\TCPIP\MainDemo.c
                 LFSRRand   0x009238    program     extern D:\jo\Ideonics\Repository\OR_SYSTEM_FIRMWARE\OR_SYSTEM_FIRMWARE\TCPIP\source\Helpers.c
             LFSRSeedRand   0x009180    program     extern D:\jo\Ideonics\Repository\OR_SYSTEM_FIRMWARE\OR_SYSTEM_FIRMWARE\TCPIP\source\Helpers.c
        MACCalcRxChecksum   0x00a90c    program     extern D:\jo\Ideonics\Repository\OR_SYSTEM_FIRMWARE\OR_SYSTEM_FIRMWARE\TCPIP\source\ETH97J60.c
             MACDiscardRx   0x00a42a    program     extern D:\jo\Ideonics\Repository\OR_SYSTEM_FIRMWARE\OR_SYSTEM_FIRMWARE\TCPIP\source\ETH97J60.c
                 MACFlush   0x00a7ca    program     extern D:\jo\Ideonics\Repository\OR_SYSTEM_FIRMWARE\OR_SYSTEM_FIRMWARE\TCPIP\source\ETH97J60.c
                   MACGet   0x00ae50    program     extern D:\jo\Ideonics\Repository\OR_SYSTEM_FIRMWARE\OR_SYSTEM_FIRMWARE\TCPIP\source\ETH97J60.c
              MACGetArray   0x00ae56    program     extern D:\jo\Ideonics\Repository\OR_SYSTEM_FIRMWARE\OR_SYSTEM_FIRMWARE\TCPIP\source\ETH97J60.c
         MACGetFreeRxSize   0x00a4be    program     extern D:\jo\Ideonics\Repository\OR_SYSTEM_FIRMWARE\OR_SYSTEM_FIRMWARE\TCPIP\source\ETH97J60.c
             MACGetHeader   0x00a5b6    program     extern D:\jo\Ideonics\Repository\OR_SYSTEM_FIRMWARE\OR_SYSTEM_FIRMWARE\TCPIP\source\ETH97J60.c
                  MACInit   0x00a2c2    program     extern D:\jo\Ideonics\Repository\OR_SYSTEM_FIRMWARE\OR_SYSTEM_FIRMWARE\TCPIP\source\ETH97J60.c
              MACIsLinked   0x00a3ce    program     extern D:\jo\Ideonics\Repository\OR_SYSTEM_FIRMWARE\OR_SYSTEM_FIRMWARE\TCPIP\source\ETH97J60.c
         MACIsMemCopyDone   0x00ae42    program     extern D:\jo\Ideonics\Repository\OR_SYSTEM_FIRMWARE\OR_SYSTEM_FIRMWARE\TCPIP\source\ETH97J60.c
             MACIsTxReady   0x00a3f0    program     extern D:\jo\Ideonics\Repository\OR_SYSTEM_FIRMWARE\OR_SYSTEM_FIRMWARE\TCPIP\source\ETH97J60.c
          MACMemCopyAsync   0x00abd2    program     extern D:\jo\Ideonics\Repository\OR_SYSTEM_FIRMWARE\OR_SYSTEM_FIRMWARE\TCPIP\source\ETH97J60.c
             MACPowerDown   0x00b038    program     extern D:\jo\Ideonics\Repository\OR_SYSTEM_FIRMWARE\OR_SYSTEM_FIRMWARE\TCPIP\source\ETH97J60.c
               MACPowerUp   0x00b04a    program     extern D:\jo\Ideonics\Repository\OR_SYSTEM_FIRMWARE\OR_SYSTEM_FIRMWARE\TCPIP\source\ETH97J60.c
                   MACPut   0x00aef6    program     extern D:\jo\Ideonics\Repository\OR_SYSTEM_FIRMWARE\OR_SYSTEM_FIRMWARE\TCPIP\source\ETH97J60.c
              MACPutArray   0x00af10    program     extern D:\jo\Ideonics\Repository\OR_SYSTEM_FIRMWARE\OR_SYSTEM_FIRMWARE\TCPIP\source\ETH97J60.c
             MACPutHeader   0x00a742    program     extern D:\jo\Ideonics\Repository\OR_SYSTEM_FIRMWARE\OR_SYSTEM_FIRMWARE\TCPIP\source\ETH97J60.c
           MACPutROMArray   0x00af54    program     extern D:\jo\Ideonics\Repository\OR_SYSTEM_FIRMWARE\OR_SYSTEM_FIRMWARE\TCPIP\source\ETH97J60.c
            MACSetReadPtr   0x00a8c6    program     extern D:\jo\Ideonics\Repository\OR_SYSTEM_FIRMWARE\OR_SYSTEM_FIRMWARE\TCPIP\source\ETH97J60.c
        MACSetReadPtrInRx   0x00a800    program     extern D:\jo\Ideonics\Repository\OR_SYSTEM_FIRMWARE\OR_SYSTEM_FIRMWARE\TCPIP\source\ETH97J60.c
           MACSetWritePtr   0x00a880    program     extern D:\jo\Ideonics\Repository\OR_SYSTEM_FIRMWARE\OR_SYSTEM_FIRMWARE\TCPIP\source\ETH97J60.c
               OpenRB0INT   0x00d328    program     extern E:\c18v3.46\pic18-lt\cxx-framework\src\pmc_common\PORTB\rb0open.c
               OpenRB1INT   0x00d2d4    program     extern E:\c18v3.46\pic18-lt\cxx-framework\src\pmc_common\PORTB\rb1open.c
                ProcessIO   0x00bef6    program     static D:\jo\Ideonics\Repository\OR_SYSTEM_FIRMWARE\OR_SYSTEM_FIRMWARE\TCPIP\MainDemo.c
               RB0INT_ISR   0x00d274    program     extern D:\jo\Ideonics\Repository\OR_SYSTEM_FIRMWARE\OR_SYSTEM_FIRMWARE\application\externInterrupts.c
               RB1INT_ISR   0x00d2a4    program     extern D:\jo\Ideonics\Repository\OR_SYSTEM_FIRMWARE\OR_SYSTEM_FIRMWARE\application\externInterrupts.c
     ROMStringToIPAddress   0x009756    program     extern D:\jo\Ideonics\Repository\OR_SYSTEM_FIRMWARE\OR_SYSTEM_FIRMWARE\TCPIP\source\Helpers.c
               ReadPHYReg   0x00af9a    program     extern D:\jo\Ideonics\Repository\OR_SYSTEM_FIRMWARE\OR_SYSTEM_FIRMWARE\TCPIP\source\ETH97J60.c
           ReadStringUART   0x00cb44    program     extern D:\jo\Ideonics\Repository\OR_SYSTEM_FIRMWARE\OR_SYSTEM_FIRMWARE\TCPIP\source\UART.c
                ReadUSART   0x00cbf2    program     extern D:\jo\Ideonics\Repository\OR_SYSTEM_FIRMWARE\OR_SYSTEM_FIRMWARE\TCPIP\source\UART.c
                  SendTCP   0x00314c    program     static D:\jo\Ideonics\Repository\OR_SYSTEM_FIRMWARE\OR_SYSTEM_FIRMWARE\TCPIP\source\TCP.c
     SerializedMACAddress   0x00d4c8    program     static D:\jo\Ideonics\Repository\OR_SYSTEM_FIRMWARE\OR_SYSTEM_FIRMWARE\TCPIP\MainDemo.c
        StackApplications   0x00cb3e    program     extern D:\jo\Ideonics\Repository\OR_SYSTEM_FIRMWARE\OR_SYSTEM_FIRMWARE\TCPIP\source\StackTsk.c
                StackInit   0x00c8f8    program     extern D:\jo\Ideonics\Repository\OR_SYSTEM_FIRMWARE\OR_SYSTEM_FIRMWARE\TCPIP\source\StackTsk.c
                StackTask   0x00c94e    program     extern D:\jo\Ideonics\Repository\OR_SYSTEM_FIRMWARE\OR_SYSTEM_FIRMWARE\TCPIP\source\StackTsk.c
        StringToIPAddress   0x0094fa    program     extern D:\jo\Ideonics\Repository\OR_SYSTEM_FIRMWARE\OR_SYSTEM_FIRMWARE\TCPIP\source\Helpers.c
            SwapARPPacket   0x00b62c    program     extern D:\jo\Ideonics\Repository\OR_SYSTEM_FIRMWARE\OR_SYSTEM_FIRMWARE\TCPIP\source\ARP.c
             SwapIPHeader   0x00c810    program     static D:\jo\Ideonics\Repository\OR_SYSTEM_FIRMWARE\OR_SYSTEM_FIRMWARE\TCPIP\source\IP.c
            SwapTCPHeader   0x003ffa    program     static D:\jo\Ideonics\Repository\OR_SYSTEM_FIRMWARE\OR_SYSTEM_FIRMWARE\TCPIP\source\TCP.c
                  SyncTCB   0x000160    program     static D:\jo\Ideonics\Repository\OR_SYSTEM_FIRMWARE\OR_SYSTEM_FIRMWARE\TCPIP\source\TCP.c
              SyncTCBStub   0x0000bc    program     static D:\jo\Ideonics\Repository\OR_SYSTEM_FIRMWARE\OR_SYSTEM_FIRMWARE\TCPIP\source\TCP.c
        TCPAdjustFIFOSize   0x005afc    program     extern D:\jo\Ideonics\Repository\OR_SYSTEM_FIRMWARE\OR_SYSTEM_FIRMWARE\TCPIP\source\TCP.c
                 TCPClose   0x0007ba    program     extern D:\jo\Ideonics\Repository\OR_SYSTEM_FIRMWARE\OR_SYSTEM_FIRMWARE\TCPIP\source\TCP.c
               TCPDiscard   0x001192    program     extern D:\jo\Ideonics\Repository\OR_SYSTEM_FIRMWARE\OR_SYSTEM_FIRMWARE\TCPIP\source\TCP.c
            TCPDisconnect   0x0006c4    program     extern D:\jo\Ideonics\Repository\OR_SYSTEM_FIRMWARE\OR_SYSTEM_FIRMWARE\TCPIP\source\TCP.c
           TCPFindArrayEx   0x00190a    program     extern D:\jo\Ideonics\Repository\OR_SYSTEM_FIRMWARE\OR_SYSTEM_FIRMWARE\TCPIP\source\TCP.c
                TCPFindEx   0x002596    program     extern D:\jo\Ideonics\Repository\OR_SYSTEM_FIRMWARE\OR_SYSTEM_FIRMWARE\TCPIP\source\TCP.c
        TCPFindROMArrayEx   0x001f4a    program     extern D:\jo\Ideonics\Repository\OR_SYSTEM_FIRMWARE\OR_SYSTEM_FIRMWARE\TCPIP\source\TCP.c
                 TCPFlush   0x000866    program     extern D:\jo\Ideonics\Repository\OR_SYSTEM_FIRMWARE\OR_SYSTEM_FIRMWARE\TCPIP\source\TCP.c
                   TCPGet   0x001284    program     extern D:\jo\Ideonics\Repository\OR_SYSTEM_FIRMWARE\OR_SYSTEM_FIRMWARE\TCPIP\source\TCP.c
              TCPGetArray   0x001388    program     extern D:\jo\Ideonics\Repository\OR_SYSTEM_FIRMWARE\OR_SYSTEM_FIRMWARE\TCPIP\source\TCP.c
         TCPGetRemoteInfo   0x0007f6    program     extern D:\jo\Ideonics\Repository\OR_SYSTEM_FIRMWARE\OR_SYSTEM_FIRMWARE\TCPIP\source\TCP.c
         TCPGetRxFIFOFree   0x0015e6    program     extern D:\jo\Ideonics\Repository\OR_SYSTEM_FIRMWARE\OR_SYSTEM_FIRMWARE\TCPIP\source\TCP.c
         TCPGetTxFIFOFull   0x0010f4    program     extern D:\jo\Ideonics\Repository\OR_SYSTEM_FIRMWARE\OR_SYSTEM_FIRMWARE\TCPIP\source\TCP.c
                  TCPInit   0x000222    program     extern D:\jo\Ideonics\Repository\OR_SYSTEM_FIRMWARE\OR_SYSTEM_FIRMWARE\TCPIP\source\TCP.c
           TCPIsConnected   0x000684    program     extern D:\jo\Ideonics\Repository\OR_SYSTEM_FIRMWARE\OR_SYSTEM_FIRMWARE\TCPIP\source\TCP.c
            TCPIsGetReady   0x0011de    program     extern D:\jo\Ideonics\Repository\OR_SYSTEM_FIRMWARE\OR_SYSTEM_FIRMWARE\TCPIP\source\TCP.c
            TCPIsPutReady   0x0008ba    program     extern D:\jo\Ideonics\Repository\OR_SYSTEM_FIRMWARE\OR_SYSTEM_FIRMWARE\TCPIP\source\TCP.c
                  TCPOpen   0x000450    program     extern D:\jo\Ideonics\Repository\OR_SYSTEM_FIRMWARE\OR_SYSTEM_FIRMWARE\TCPIP\source\TCP.c
                  TCPPeek   0x0018c8    program     extern D:\jo\Ideonics\Repository\OR_SYSTEM_FIRMWARE\OR_SYSTEM_FIRMWARE\TCPIP\source\TCP.c
             TCPPeekArray   0x00167c    program     extern D:\jo\Ideonics\Repository\OR_SYSTEM_FIRMWARE\OR_SYSTEM_FIRMWARE\TCPIP\source\TCP.c
               TCPProcess   0x002f3c    program     extern D:\jo\Ideonics\Repository\OR_SYSTEM_FIRMWARE\OR_SYSTEM_FIRMWARE\TCPIP\source\TCP.c
                   TCPPut   0x00097e    program     extern D:\jo\Ideonics\Repository\OR_SYSTEM_FIRMWARE\OR_SYSTEM_FIRMWARE\TCPIP\source\TCP.c
              TCPPutArray   0x000aec    program     extern D:\jo\Ideonics\Repository\OR_SYSTEM_FIRMWARE\OR_SYSTEM_FIRMWARE\TCPIP\source\TCP.c
           TCPPutROMArray   0x000d66    program     extern D:\jo\Ideonics\Repository\OR_SYSTEM_FIRMWARE\OR_SYSTEM_FIRMWARE\TCPIP\source\TCP.c
          TCPPutROMString   0x00105e    program     extern D:\jo\Ideonics\Repository\OR_SYSTEM_FIRMWARE\OR_SYSTEM_FIRMWARE\TCPIP\source\TCP.c
             TCPPutString   0x000fd8    program     extern D:\jo\Ideonics\Repository\OR_SYSTEM_FIRMWARE\OR_SYSTEM_FIRMWARE\TCPIP\source\TCP.c
               TCPRAMCopy   0x005e6e    program     static D:\jo\Ideonics\Repository\OR_SYSTEM_FIRMWARE\OR_SYSTEM_FIRMWARE\TCPIP\source\TCP.c
            TCPRAMCopyROM   0x005fb8    program     static D:\jo\Ideonics\Repository\OR_SYSTEM_FIRMWARE\OR_SYSTEM_FIRMWARE\TCPIP\source\TCP.c
     TCPSocketInitializer   0x00d3f6    program     extern D:\jo\Ideonics\Repository\OR_SYSTEM_FIRMWARE\OR_SYSTEM_FIRMWARE\TCPIP\Configs\TCPIP ETH97.h
                  TCPTick   0x0025ea    program     extern D:\jo\Ideonics\Repository\OR_SYSTEM_FIRMWARE\OR_SYSTEM_FIRMWARE\TCPIP\source\TCP.c
              TCPWasReset   0x000642    program     extern D:\jo\Ideonics\Repository\OR_SYSTEM_FIRMWARE\OR_SYSTEM_FIRMWARE\TCPIP\source\TCP.c
TickConvertToMilliseconds   0x00cfde    program     extern D:\jo\Ideonics\Repository\OR_SYSTEM_FIRMWARE\OR_SYSTEM_FIRMWARE\TCPIP\source\Tick.c
                  TickGet   0x00cef4    program     extern D:\jo\Ideonics\Repository\OR_SYSTEM_FIRMWARE\OR_SYSTEM_FIRMWARE\TCPIP\source\Tick.c
            TickGetDiv256   0x00cf42    program     extern D:\jo\Ideonics\Repository\OR_SYSTEM_FIRMWARE\OR_SYSTEM_FIRMWARE\TCPIP\source\Tick.c
            TickGetDiv64K   0x00cf90    program     extern D:\jo\Ideonics\Repository\OR_SYSTEM_FIRMWARE\OR_SYSTEM_FIRMWARE\TCPIP\source\Tick.c
                 TickInit   0x00cebe    program     extern D:\jo\Ideonics\Repository\OR_SYSTEM_FIRMWARE\OR_SYSTEM_FIRMWARE\TCPIP\source\Tick.c
               TickUpdate   0x00d026    program     extern D:\jo\Ideonics\Repository\OR_SYSTEM_FIRMWARE\OR_SYSTEM_FIRMWARE\TCPIP\source\Tick.c
        UART2TCPBridgeISR   0x00bbe8    program     extern D:\jo\Ideonics\Repository\OR_SYSTEM_FIRMWARE\OR_SYSTEM_FIRMWARE\TCPIP\source\UART2TCPBridge.c
       UART2TCPBridgeInit   0x00b704    program     extern D:\jo\Ideonics\Repository\OR_SYSTEM_FIRMWARE\OR_SYSTEM_FIRMWARE\TCPIP\source\UART2TCPBridge.c
       UART2TCPBridgeTask   0x00b7c6    program     extern D:\jo\Ideonics\Repository\OR_SYSTEM_FIRMWARE\OR_SYSTEM_FIRMWARE\TCPIP\source\UART2TCPBridge.c
                 UDPClose   0x0083e2    program     extern D:\jo\Ideonics\Repository\OR_SYSTEM_FIRMWARE\OR_SYSTEM_FIRMWARE\TCPIP\source\UDP.c
               UDPDiscard   0x008d38    program     extern D:\jo\Ideonics\Repository\OR_SYSTEM_FIRMWARE\OR_SYSTEM_FIRMWARE\TCPIP\source\UDP.c
                 UDPFlush   0x008902    program     extern D:\jo\Ideonics\Repository\OR_SYSTEM_FIRMWARE\OR_SYSTEM_FIRMWARE\TCPIP\source\UDP.c
                   UDPGet   0x008bf8    program     extern D:\jo\Ideonics\Repository\OR_SYSTEM_FIRMWARE\OR_SYSTEM_FIRMWARE\TCPIP\source\UDP.c
              UDPGetArray   0x008c4c    program     extern D:\jo\Ideonics\Repository\OR_SYSTEM_FIRMWARE\OR_SYSTEM_FIRMWARE\TCPIP\source\UDP.c
                  UDPInit   0x007e5c    program     extern D:\jo\Ideonics\Repository\OR_SYSTEM_FIRMWARE\OR_SYSTEM_FIRMWARE\TCPIP\source\UDP.c
            UDPIsGetReady   0x008ba0    program     extern D:\jo\Ideonics\Repository\OR_SYSTEM_FIRMWARE\OR_SYSTEM_FIRMWARE\TCPIP\source\UDP.c
              UDPIsOpened   0x0083a6    program     extern D:\jo\Ideonics\Repository\OR_SYSTEM_FIRMWARE\OR_SYSTEM_FIRMWARE\TCPIP\source\UDP.c
            UDPIsPutReady   0x008522    program     extern D:\jo\Ideonics\Repository\OR_SYSTEM_FIRMWARE\OR_SYSTEM_FIRMWARE\TCPIP\source\UDP.c
                UDPOpenEx   0x007e88    program     extern D:\jo\Ideonics\Repository\OR_SYSTEM_FIRMWARE\OR_SYSTEM_FIRMWARE\TCPIP\source\UDP.c
               UDPProcess   0x008d52    program     extern D:\jo\Ideonics\Repository\OR_SYSTEM_FIRMWARE\OR_SYSTEM_FIRMWARE\TCPIP\source\UDP.c
                   UDPPut   0x0085a2    program     extern D:\jo\Ideonics\Repository\OR_SYSTEM_FIRMWARE\OR_SYSTEM_FIRMWARE\TCPIP\source\UDP.c
              UDPPutArray   0x008606    program     extern D:\jo\Ideonics\Repository\OR_SYSTEM_FIRMWARE\OR_SYSTEM_FIRMWARE\TCPIP\source\UDP.c
           UDPPutROMArray   0x0086fc    program     extern D:\jo\Ideonics\Repository\OR_SYSTEM_FIRMWARE\OR_SYSTEM_FIRMWARE\TCPIP\source\UDP.c
          UDPPutROMString   0x008872    program     extern D:\jo\Ideonics\Repository\OR_SYSTEM_FIRMWARE\OR_SYSTEM_FIRMWARE\TCPIP\source\UDP.c
             UDPPutString   0x0087f2    program     extern D:\jo\Ideonics\Repository\OR_SYSTEM_FIRMWARE\OR_SYSTEM_FIRMWARE\TCPIP\source\UDP.c
           UDPSetRxBuffer   0x0084de    program     extern D:\jo\Ideonics\Repository\OR_SYSTEM_FIRMWARE\OR_SYSTEM_FIRMWARE\TCPIP\source\UDP.c
           UDPSetTxBuffer   0x008466    program     extern D:\jo\Ideonics\Repository\OR_SYSTEM_FIRMWARE\OR_SYSTEM_FIRMWARE\TCPIP\source\UDP.c
                  UDPTask   0x0080fe    program     extern D:\jo\Ideonics\Repository\OR_SYSTEM_FIRMWARE\OR_SYSTEM_FIRMWARE\TCPIP\source\UDP.c
              WritePHYReg   0x00aff4    program     extern D:\jo\Ideonics\Repository\OR_SYSTEM_FIRMWARE\OR_SYSTEM_FIRMWARE\TCPIP\source\ETH97J60.c
               WriteUSART   0x00cc00    program     extern D:\jo\Ideonics\Repository\OR_SYSTEM_FIRMWARE\OR_SYSTEM_FIRMWARE\TCPIP\source\UART.c
              _2jContinue   0x00cdbe    program     static E:\c18v3.46\pic18-lt\cxx-framework\src\traditional\stdclib\memset.asm
                   _2jEnd   0x00ce22    program     static E:\c18v3.46\pic18-lt\cxx-framework\src\traditional\stdclib\slenpgm.asm
              _3jContinue   0x00cd8a    program     static E:\c18v3.46\pic18-lt\cxx-framework\src\traditional\stdclib\mcpyp2r.asm
                   _3jEnd   0x00cdc8    program     static E:\c18v3.46\pic18-lt\cxx-framework\src\traditional\stdclib\memset.asm
              _4jContinue   0x00cd36    program     static E:\c18v3.46\pic18-lt\cxx-framework\src\traditional\stdclib\memcpy.asm
              _4jContinue   0x00ce6c    program     static E:\c18v3.46\pic18-lt\cxx-framework\src\traditional\stdclib\strncpy.asm
                   _4jEnd   0x00cd94    program     static E:\c18v3.46\pic18-lt\cxx-framework\src\traditional\stdclib\mcpyp2r.asm
                   _5jEnd   0x00ce76    program     static E:\c18v3.46\pic18-lt\cxx-framework\src\traditional\stdclib\strncpy.asm
                   _5jEnd   0x00cd40    program     static E:\c18v3.46\pic18-lt\cxx-framework\src\traditional\stdclib\memcpy.asm
           ___do_lbl00002   0x00ceec    program     static                          
           ___do_lbl00003   0x00cef0    program     static                          
           ___do_lbl00004   0x00cece    program     static                          
          ___for_lbl00101   0x009fda    program     static                          
          ___for_lbl00102   0x009fe0    program     static                          
          ___for_lbl00103   0x009fbc    program     static                          
          ___for_lbl00104   0x009ff4    program     static                          
          ___for_lbl00105   0x009ff8    program     static                          
          ___for_lbl00106   0x009fe0    program     static                          
           ___if_lbl00001   0x000010    program     static                          
           ___if_lbl00002   0x000018    program     static                          
           ___if_lbl00003   0x000020    program     static                          
           ___if_lbl00014   0x0093e6    program     static                          
           ___if_lbl00015   0x009404    program     static                          
           ___if_lbl00016   0x009496    program     static                          
           ___if_lbl00017   0x00949c    program     static                          
           ___if_lbl00020   0x00a5cc    program     static                          
           ___if_lbl00021   0x00a5dc    program     static                          
           ___if_lbl00027   0x00a6aa    program     static                          
           ___if_lbl00030   0x00a722    program     static                          
       ___return_lbl00000   0x000020    program     static                          
       ___return_lbl00000   0x00a3c4    program     static                          
       ___return_lbl00000   0x00d456    program     static                          
       ___return_lbl00000   0x00d3b8    program     static                          
       ___return_lbl00000   0x000004    program     static                          
       ___return_lbl00001   0x00d49e    program     static                          
       ___return_lbl00001   0x00cef2    program     static                          
       ___return_lbl00002   0x00d258    program     static                          
       ___return_lbl00009   0x0094e6    program     static                          
       ___return_lbl00019   0x00a72a    program     static                          
       ___return_lbl00079   0x00af08    program     static                          
       ___return_lbl00080   0x00af4c    program     static                          
       ___return_lbl00083   0x00af92    program     static                          
       ___return_lbl00086   0x00afe0    program     static                          
       ___return_lbl00089   0x00b02e    program     static                          
       ___return_lbl00100   0x00a00a    program     static                          
       ___return_lbl00377   0x005ae8    program     static                          
        ___while_lbl00001   0x00a2d4    program     static                          
        ___while_lbl00002   0x00a2da    program     static                          
        ___while_lbl00010   0x009340    program     static                          
        ___while_lbl00011   0x00949e    program     static                          
        ___while_lbl00012   0x009348    program     static                          
        ___while_lbl00013   0x00934c    program     static                          
        ___while_lbl00081   0x00af18    program     static                          
        ___while_lbl00082   0x00af4c    program     static                          
        ___while_lbl00084   0x00af5c    program     static                          
        ___while_lbl00085   0x00af92    program     static                          
        ___while_lbl00087   0x00afb6    program     static                          
        ___while_lbl00088   0x00afbc    program     static                          
        ___while_lbl00090   0x00b028    program     static                          
        ___while_lbl00091   0x00b02e    program     static                          
               __config_0   0x01fff8    program     static D:\jo\Ideonics\Repository\OR_SYSTEM_FIRMWARE\OR_SYSTEM_FIRMWARE\TCPIP\MainDemo.c
               __config_1   0x01fffa    program     static D:\jo\Ideonics\Repository\OR_SYSTEM_FIRMWARE\OR_SYSTEM_FIRMWARE\TCPIP\MainDemo.c
               __config_2   0x01fffd    program     static D:\jo\Ideonics\Repository\OR_SYSTEM_FIRMWARE\OR_SYSTEM_FIRMWARE\TCPIP\MainDemo.c
                   __init   0x000006    program     extern E:\c18v3.46\pic18-lt\cxx-framework\src\traditional\stdclib\__init.c
               __string_0   0x00d4a7    program     static D:\jo\Ideonics\Repository\OR_SYSTEM_FIRMWARE\OR_SYSTEM_FIRMWARE\TCPIP\MainDemo.c
               __string_1   0x00d4a4    program     static D:\jo\Ideonics\Repository\OR_SYSTEM_FIRMWARE\OR_SYSTEM_FIRMWARE\TCPIP\MainDemo.c
               __string_2   0x00d4a0    program     static D:\jo\Ideonics\Repository\OR_SYSTEM_FIRMWARE\OR_SYSTEM_FIRMWARE\TCPIP\MainDemo.c
               __tmplbl_0   0x0093aa    program     static                          
              __tmplbl_10   0x00a646    program     static                          
              __tmplbl_11   0x00a644    program     static                          
              __tmplbl_12   0x00a710    program     static                          
              __tmplbl_13   0x00a702    program     static                          
              __tmplbl_14   0x00a708    program     static                          
               __tmplbl_5   0x00a6a8    program     static                          
               __tmplbl_6   0x00a694    program     static                          
               __tmplbl_7   0x00a67e    program     static                          
               __tmplbl_8   0x00a66a    program     static                          
               __tmplbl_9   0x00a654    program     static                          
            __zero_memory   0x00d458    program     extern E:\c18v3.46\pic18-lt\cxx-framework\src\traditional\proc\p18f67j60.asm
                _do_cinit   0x00d1bc    program     extern E:\c18v3.46\pic18-lt\cxx-framework\src\traditional\startup\c018i.c
                   _entry   0x000000    program     extern E:\c18v3.46\pic18-lt\cxx-framework\src\traditional\startup\c018i.c
                   _false   0x00d3b4    program     static                          
                 _startup   0x00d484    program     extern E:\c18v3.46\pic18-lt\cxx-framework\src\traditional\startup\c018i.c
                   accept   0x006824    program     extern D:\jo\Ideonics\Repository\OR_SYSTEM_FIRMWARE\OR_SYSTEM_FIRMWARE\TCPIP\source\BerkeleyAPI.c
                     bind   0x00636c    program     extern D:\jo\Ideonics\Repository\OR_SYSTEM_FIRMWARE\OR_SYSTEM_FIRMWARE\TCPIP\source\BerkeleyAPI.c
             btohexa_high   0x009bb6    program     extern D:\jo\Ideonics\Repository\OR_SYSTEM_FIRMWARE\OR_SYSTEM_FIRMWARE\TCPIP\source\Helpers.c
              btohexa_low   0x009bee    program     extern D:\jo\Ideonics\Repository\OR_SYSTEM_FIRMWARE\OR_SYSTEM_FIRMWARE\TCPIP\source\Helpers.c
              closesocket   0x0079b6    program     extern D:\jo\Ideonics\Repository\OR_SYSTEM_FIRMWARE\OR_SYSTEM_FIRMWARE\TCPIP\source\BerkeleyAPI.c
                compare_l   0x00d47a    program     static E:\c18v3.46\pic18-lt\cxx-framework\src\traditional\proc\p18f67j60.asm
                  connect   0x006bae    program     extern D:\jo\Ideonics\Repository\OR_SYSTEM_FIRMWARE\OR_SYSTEM_FIRMWARE\TCPIP\source\BerkeleyAPI.c
                copy_loop   0x00d22e    program     static                          
            copy_one_byte   0x00d234    program     static                          
                     done   0x00d258    program     static                          
             done_copying   0x00d242    program     static                          
                  endloop   0x00d452    program     static                          
           externInt_init   0x00d25a    program     extern D:\jo\Ideonics\Repository\OR_SYSTEM_FIRMWARE\OR_SYSTEM_FIRMWARE\application\externInterrupts.c
              gethostname   0x0078aa    program     extern D:\jo\Ideonics\Repository\OR_SYSTEM_FIRMWARE\OR_SYSTEM_FIRMWARE\TCPIP\source\BerkeleyAPI.c
                getsUSART   0x00cc1e    program     extern D:\jo\Ideonics\Repository\OR_SYSTEM_FIRMWARE\OR_SYSTEM_FIRMWARE\TCPIP\source\UART.c
                  hexatob   0x009af8    program     extern D:\jo\Ideonics\Repository\OR_SYSTEM_FIRMWARE\OR_SYSTEM_FIRMWARE\TCPIP\source\Helpers.c
           high_interrupt   0x000008    program     extern D:\jo\Ideonics\Repository\OR_SYSTEM_FIRMWARE\OR_SYSTEM_FIRMWARE\application\interruptvector.c
                     jEnd   0x00cd9c    program     static E:\c18v3.46\pic18-lt\cxx-framework\src\traditional\stdclib\mcpyp2r.asm
                     jEnd   0x00cd46    program     static E:\c18v3.46\pic18-lt\cxx-framework\src\traditional\stdclib\memcpy.asm
                     jEnd   0x00cdd0    program     static E:\c18v3.46\pic18-lt\cxx-framework\src\traditional\stdclib\memset.asm
                     jEnd   0x00cdec    program     static E:\c18v3.46\pic18-lt\cxx-framework\src\traditional\stdclib\strlen.asm
                     jEnd   0x00ce24    program     static E:\c18v3.46\pic18-lt\cxx-framework\src\traditional\stdclib\slenpgm.asm
                     jEnd   0x00ce82    program     static E:\c18v3.46\pic18-lt\cxx-framework\src\traditional\stdclib\strncpy.asm
                     jEnd   0x00cebc    program     static E:\c18v3.46\pic18-lt\cxx-framework\src\traditional\stdclib\strupr.asm
                    jLoop   0x00cdb2    program     static E:\c18v3.46\pic18-lt\cxx-framework\src\traditional\stdclib\memset.asm
                    jLoop   0x00cde2    program     static E:\c18v3.46\pic18-lt\cxx-framework\src\traditional\stdclib\strlen.asm
                    jLoop   0x00ce0c    program     static E:\c18v3.46\pic18-lt\cxx-framework\src\traditional\stdclib\slenpgm.asm
                    jLoop   0x00ce60    program     static E:\c18v3.46\pic18-lt\cxx-framework\src\traditional\stdclib\strncpy.asm
                    jLoop   0x00cd7e    program     static E:\c18v3.46\pic18-lt\cxx-framework\src\traditional\stdclib\mcpyp2r.asm
                    jLoop   0x00cea8    program     static E:\c18v3.46\pic18-lt\cxx-framework\src\traditional\stdclib\strupr.asm
                    jLoop   0x00cd2a    program     static E:\c18v3.46\pic18-lt\cxx-framework\src\traditional\stdclib\memcpy.asm
                    jSkip   0x00ceb8    program     static E:\c18v3.46\pic18-lt\cxx-framework\src\traditional\stdclib\strupr.asm
          leftRotateDWORD   0x009f92    program     extern D:\jo\Ideonics\Repository\OR_SYSTEM_FIRMWARE\OR_SYSTEM_FIRMWARE\TCPIP\source\Helpers.c
                   listen   0x006514    program     extern D:\jo\Ideonics\Repository\OR_SYSTEM_FIRMWARE\OR_SYSTEM_FIRMWARE\TCPIP\source\BerkeleyAPI.c
                     loop   0x00d494    program     static                          
                     loop   0x00d380    program     static                          
                     loop   0x00d436    program     static                          
                   loop_h   0x00d472    program     static E:\c18v3.46\pic18-lt\cxx-framework\src\traditional\proc\p18f67j60.asm
                   loop_l   0x00d47c    program     static E:\c18v3.46\pic18-lt\cxx-framework\src\traditional\proc\p18f67j60.asm
                     main   0x00bc9c    program     extern D:\jo\Ideonics\Repository\OR_SYSTEM_FIRMWARE\OR_SYSTEM_FIRMWARE\TCPIP\MainDemo.c
                   memcpy   0x00cd02    program     extern E:\c18v3.46\pic18-lt\cxx-framework\src\traditional\stdclib\memcpy.asm
            memcpypgm2ram   0x00cd58    program     extern E:\c18v3.46\pic18-lt\cxx-framework\src\traditional\stdclib\mcpyp2r.asm
                   memset   0x00cd9e    program     extern E:\c18v3.46\pic18-lt\cxx-framework\src\traditional\stdclib\memset.asm
               putrsUSART   0x00ccbc    program     extern D:\jo\Ideonics\Repository\OR_SYSTEM_FIRMWARE\OR_SYSTEM_FIRMWARE\TCPIP\source\UART.c
                putsUSART   0x00cc7a    program     extern D:\jo\Ideonics\Repository\OR_SYSTEM_FIRMWARE\OR_SYSTEM_FIRMWARE\TCPIP\source\UART.c
                     recv   0x007458    program     extern D:\jo\Ideonics\Repository\OR_SYSTEM_FIRMWARE\OR_SYSTEM_FIRMWARE\TCPIP\source\BerkeleyAPI.c
                 recvfrom   0x0075ae    program     extern D:\jo\Ideonics\Repository\OR_SYSTEM_FIRMWARE\OR_SYSTEM_FIRMWARE\TCPIP\source\BerkeleyAPI.c
                     send   0x006f62    program     extern D:\jo\Ideonics\Repository\OR_SYSTEM_FIRMWARE\OR_SYSTEM_FIRMWARE\TCPIP\source\BerkeleyAPI.c
                   sendto   0x006fb4    program     extern D:\jo\Ideonics\Repository\OR_SYSTEM_FIRMWARE\OR_SYSTEM_FIRMWARE\TCPIP\source\BerkeleyAPI.c
                   socket   0x0061e4    program     extern D:\jo\Ideonics\Repository\OR_SYSTEM_FIRMWARE\OR_SYSTEM_FIRMWARE\TCPIP\source\BerkeleyAPI.c
           stricmppgm2ram   0x009c22    program     extern D:\jo\Ideonics\Repository\OR_SYSTEM_FIRMWARE\OR_SYSTEM_FIRMWARE\TCPIP\source\Helpers.c
                   strlen   0x00cdd2    program     extern E:\c18v3.46\pic18-lt\cxx-framework\src\traditional\stdclib\strlen.asm
                strlenpgm   0x00cdee    program     extern E:\c18v3.46\pic18-lt\cxx-framework\src\traditional\stdclib\slenpgm.asm
                  strnchr   0x00a0b0    program     extern D:\jo\Ideonics\Repository\OR_SYSTEM_FIRMWARE\OR_SYSTEM_FIRMWARE\TCPIP\source\Helpers.c
                  strncpy   0x00ce38    program     extern E:\c18v3.46\pic18-lt\cxx-framework\src\traditional\stdclib\strncpy.asm
                strncpy_m   0x00a128    program     extern D:\jo\Ideonics\Repository\OR_SYSTEM_FIRMWARE\OR_SYSTEM_FIRMWARE\TCPIP\source\Helpers.c
                   strupr   0x00ce94    program     extern E:\c18v3.46\pic18-lt\cxx-framework\src\traditional\stdclib\strupr.asm
                    swapl   0x009d76    program     extern D:\jo\Ideonics\Repository\OR_SYSTEM_FIRMWARE\OR_SYSTEM_FIRMWARE\TCPIP\source\Helpers.c
                    swaps   0x009d22    program     extern D:\jo\Ideonics\Repository\OR_SYSTEM_FIRMWARE\OR_SYSTEM_FIRMWARE\TCPIP\source\Helpers.c
                     test   0x00d1d6    program     static                          
                    uitoa   0x0099ac    program     extern D:\jo\Ideonics\Repository\OR_SYSTEM_FIRMWARE\OR_SYSTEM_FIRMWARE\TCPIP\source\Helpers.c
               zero_block   0x00d472    program     static E:\c18v3.46\pic18-lt\cxx-framework\src\traditional\proc\p18f67j60.asm
                   ADCON0   0x000fc2       data     extern E:\c18v3.46\pic18-lt\cxx-framework\src\traditional\proc\p18f67j60.asm
               ADCON0bits   0x000fc2       data     extern E:\c18v3.46\pic18-lt\cxx-framework\src\traditional\proc\p18f67j60.asm
                   ADCON1   0x000fc1       data     extern E:\c18v3.46\pic18-lt\cxx-framework\src\traditional\proc\p18f67j60.asm
               ADCON1bits   0x000fc1       data     extern E:\c18v3.46\pic18-lt\cxx-framework\src\traditional\proc\p18f67j60.asm
                   ADCON2   0x000fc0       data     extern E:\c18v3.46\pic18-lt\cxx-framework\src\traditional\proc\p18f67j60.asm
               ADCON2bits   0x000fc0       data     extern E:\c18v3.46\pic18-lt\cxx-framework\src\traditional\proc\p18f67j60.asm
                    ADRES   0x000fc3       data     extern E:\c18v3.46\pic18-lt\cxx-framework\src\traditional\proc\p18f67j60.asm
                   ADRESH   0x000fc4       data     extern E:\c18v3.46\pic18-lt\cxx-framework\src\traditional\proc\p18f67j60.asm
                   ADRESL   0x000fc3       data     extern E:\c18v3.46\pic18-lt\cxx-framework\src\traditional\proc\p18f67j60.asm
                AN0String   0x000e35       data     extern D:\jo\Ideonics\Repository\OR_SYSTEM_FIRMWARE\OR_SYSTEM_FIRMWARE\TCPIP\MainDemo.c
                AppConfig   0x000e00       data     extern D:\jo\Ideonics\Repository\OR_SYSTEM_FIRMWARE\OR_SYSTEM_FIRMWARE\TCPIP\MainDemo.c
                  BAUDCON   0x000f7e       data     extern E:\c18v3.46\pic18-lt\cxx-framework\src\traditional\proc\p18f67j60.asm
                 BAUDCON1   0x000f7e       data     extern E:\c18v3.46\pic18-lt\cxx-framework\src\traditional\proc\p18f67j60.asm
             BAUDCON1bits   0x000f7e       data     extern E:\c18v3.46\pic18-lt\cxx-framework\src\traditional\proc\p18f67j60.asm
              BAUDCONbits   0x000f7e       data     extern E:\c18v3.46\pic18-lt\cxx-framework\src\traditional\proc\p18f67j60.asm
                  BAUDCTL   0x000f7e       data     extern E:\c18v3.46\pic18-lt\cxx-framework\src\traditional\proc\p18f67j60.asm
                 BAUDCTL1   0x000f7e       data     extern E:\c18v3.46\pic18-lt\cxx-framework\src\traditional\proc\p18f67j60.asm
             BAUDCTL1bits   0x000f7e       data     extern E:\c18v3.46\pic18-lt\cxx-framework\src\traditional\proc\p18f67j60.asm
              BAUDCTLbits   0x000f7e       data     extern E:\c18v3.46\pic18-lt\cxx-framework\src\traditional\proc\p18f67j60.asm
                BSDServer   0x000e53       data     extern D:\jo\Ideonics\Repository\OR_SYSTEM_FIRMWARE\OR_SYSTEM_FIRMWARE\TCPIP\BerkeleyTCPServerDemo.c
           BSDSocketArray   0x000c00       data     static D:\jo\Ideonics\Repository\OR_SYSTEM_FIRMWARE\OR_SYSTEM_FIRMWARE\TCPIP\source\BerkeleyAPI.c
                      BSR   0x000fe0       data     extern E:\c18v3.46\pic18-lt\cxx-framework\src\traditional\proc\p18f67j60.asm
              BridgeState   0x000f5c       data     static D:\jo\Ideonics\Repository\OR_SYSTEM_FIRMWARE\OR_SYSTEM_FIRMWARE\TCPIP\source\UART2TCPBridge.c
              BridgeState   0x000f5e       data     static D:\jo\Ideonics\Repository\OR_SYSTEM_FIRMWARE\OR_SYSTEM_FIRMWARE\TCPIP\source\UART2TCPBridge.c
                  CCP1CON   0x000fbd       data     extern E:\c18v3.46\pic18-lt\cxx-framework\src\traditional\proc\p18f67j60.asm
              CCP1CONbits   0x000fbd       data     extern E:\c18v3.46\pic18-lt\cxx-framework\src\traditional\proc\p18f67j60.asm
                  CCP2CON   0x000fba       data     extern E:\c18v3.46\pic18-lt\cxx-framework\src\traditional\proc\p18f67j60.asm
              CCP2CONbits   0x000fba       data     extern E:\c18v3.46\pic18-lt\cxx-framework\src\traditional\proc\p18f67j60.asm
                  CCP3CON   0x000fb7       data     extern E:\c18v3.46\pic18-lt\cxx-framework\src\traditional\proc\p18f67j60.asm
              CCP3CONbits   0x000fb7       data     extern E:\c18v3.46\pic18-lt\cxx-framework\src\traditional\proc\p18f67j60.asm
                  CCP4CON   0x000f73       data     extern E:\c18v3.46\pic18-lt\cxx-framework\src\traditional\proc\p18f67j60.asm
              CCP4CONbits   0x000f73       data     extern E:\c18v3.46\pic18-lt\cxx-framework\src\traditional\proc\p18f67j60.asm
                  CCP5CON   0x000f70       data     extern E:\c18v3.46\pic18-lt\cxx-framework\src\traditional\proc\p18f67j60.asm
              CCP5CONbits   0x000f70       data     extern E:\c18v3.46\pic18-lt\cxx-framework\src\traditional\proc\p18f67j60.asm
                    CCPR1   0x000fbe       data     extern E:\c18v3.46\pic18-lt\cxx-framework\src\traditional\proc\p18f67j60.asm
                   CCPR1H   0x000fbf       data     extern E:\c18v3.46\pic18-lt\cxx-framework\src\traditional\proc\p18f67j60.asm
                   CCPR1L   0x000fbe       data     extern E:\c18v3.46\pic18-lt\cxx-framework\src\traditional\proc\p18f67j60.asm
                    CCPR2   0x000fbb       data     extern E:\c18v3.46\pic18-lt\cxx-framework\src\traditional\proc\p18f67j60.asm
                   CCPR2H   0x000fbc       data     extern E:\c18v3.46\pic18-lt\cxx-framework\src\traditional\proc\p18f67j60.asm
                   CCPR2L   0x000fbb       data     extern E:\c18v3.46\pic18-lt\cxx-framework\src\traditional\proc\p18f67j60.asm
                    CCPR3   0x000fb8       data     extern E:\c18v3.46\pic18-lt\cxx-framework\src\traditional\proc\p18f67j60.asm
                   CCPR3H   0x000fb9       data     extern E:\c18v3.46\pic18-lt\cxx-framework\src\traditional\proc\p18f67j60.asm
                   CCPR3L   0x000fb8       data     extern E:\c18v3.46\pic18-lt\cxx-framework\src\traditional\proc\p18f67j60.asm
                    CCPR4   0x000f74       data     extern E:\c18v3.46\pic18-lt\cxx-framework\src\traditional\proc\p18f67j60.asm
                   CCPR4H   0x000f75       data     extern E:\c18v3.46\pic18-lt\cxx-framework\src\traditional\proc\p18f67j60.asm
                   CCPR4L   0x000f74       data     extern E:\c18v3.46\pic18-lt\cxx-framework\src\traditional\proc\p18f67j60.asm
                    CCPR5   0x000f71       data     extern E:\c18v3.46\pic18-lt\cxx-framework\src\traditional\proc\p18f67j60.asm
                   CCPR5H   0x000f72       data     extern E:\c18v3.46\pic18-lt\cxx-framework\src\traditional\proc\p18f67j60.asm
                   CCPR5L   0x000f71       data     extern E:\c18v3.46\pic18-lt\cxx-framework\src\traditional\proc\p18f67j60.asm
                    CMCON   0x000fb4       data     extern E:\c18v3.46\pic18-lt\cxx-framework\src\traditional\proc\p18f67j60.asm
                CMCONbits   0x000fb4       data     extern E:\c18v3.46\pic18-lt\cxx-framework\src\traditional\proc\p18f67j60.asm
                   CVRCON   0x000fb5       data     extern E:\c18v3.46\pic18-lt\cxx-framework\src\traditional\proc\p18f67j60.asm
               CVRCONbits   0x000fb5       data     extern E:\c18v3.46\pic18-lt\cxx-framework\src\traditional\proc\p18f67j60.asm
                    Cache   0x000cd8       data     static D:\jo\Ideonics\Repository\OR_SYSTEM_FIRMWARE\OR_SYSTEM_FIRMWARE\TCPIP\source\ARP.c
    CurrentPacketLocation   0x000e67       data     static D:\jo\Ideonics\Repository\OR_SYSTEM_FIRMWARE\OR_SYSTEM_FIRMWARE\TCPIP\source\ETH97J60.c
               DBCount_B0   0x000e61       data     extern D:\jo\Ideonics\Repository\OR_SYSTEM_FIRMWARE\OR_SYSTEM_FIRMWARE\TCPIP\source\Tick.c
               DBCount_B1   0x000e63       data     extern D:\jo\Ideonics\Repository\OR_SYSTEM_FIRMWARE\OR_SYSTEM_FIRMWARE\TCPIP\source\Tick.c
                     DDRA   0x000f92       data     extern E:\c18v3.46\pic18-lt\cxx-framework\src\traditional\proc\p18f67j60.asm
                 DDRAbits   0x000f92       data     extern E:\c18v3.46\pic18-lt\cxx-framework\src\traditional\proc\p18f67j60.asm
                     DDRB   0x000f93       data     extern E:\c18v3.46\pic18-lt\cxx-framework\src\traditional\proc\p18f67j60.asm
                 DDRBbits   0x000f93       data     extern E:\c18v3.46\pic18-lt\cxx-framework\src\traditional\proc\p18f67j60.asm
                     DDRC   0x000f94       data     extern E:\c18v3.46\pic18-lt\cxx-framework\src\traditional\proc\p18f67j60.asm
                 DDRCbits   0x000f94       data     extern E:\c18v3.46\pic18-lt\cxx-framework\src\traditional\proc\p18f67j60.asm
                     DDRD   0x000f95       data     extern E:\c18v3.46\pic18-lt\cxx-framework\src\traditional\proc\p18f67j60.asm
                 DDRDbits   0x000f95       data     extern E:\c18v3.46\pic18-lt\cxx-framework\src\traditional\proc\p18f67j60.asm
                     DDRE   0x000f96       data     extern E:\c18v3.46\pic18-lt\cxx-framework\src\traditional\proc\p18f67j60.asm
                 DDREbits   0x000f96       data     extern E:\c18v3.46\pic18-lt\cxx-framework\src\traditional\proc\p18f67j60.asm
                     DDRF   0x000f97       data     extern E:\c18v3.46\pic18-lt\cxx-framework\src\traditional\proc\p18f67j60.asm
                 DDRFbits   0x000f97       data     extern E:\c18v3.46\pic18-lt\cxx-framework\src\traditional\proc\p18f67j60.asm
                     DDRG   0x000f98       data     extern E:\c18v3.46\pic18-lt\cxx-framework\src\traditional\proc\p18f67j60.asm
                 DDRGbits   0x000f98       data     extern E:\c18v3.46\pic18-lt\cxx-framework\src\traditional\proc\p18f67j60.asm
                  ECCP1AS   0x000fb6       data     extern E:\c18v3.46\pic18-lt\cxx-framework\src\traditional\proc\p18f67j60.asm
              ECCP1ASbits   0x000fb6       data     extern E:\c18v3.46\pic18-lt\cxx-framework\src\traditional\proc\p18f67j60.asm
                 ECCP1CON   0x000fbd       data     extern E:\c18v3.46\pic18-lt\cxx-framework\src\traditional\proc\p18f67j60.asm
             ECCP1CONbits   0x000fbd       data     extern E:\c18v3.46\pic18-lt\cxx-framework\src\traditional\proc\p18f67j60.asm
                 ECCP1DEL   0x000f79       data     extern E:\c18v3.46\pic18-lt\cxx-framework\src\traditional\proc\p18f67j60.asm
             ECCP1DELbits   0x000f79       data     extern E:\c18v3.46\pic18-lt\cxx-framework\src\traditional\proc\p18f67j60.asm
                  ECCP2AS   0x000f68       data     extern E:\c18v3.46\pic18-lt\cxx-framework\src\traditional\proc\p18f67j60.asm
              ECCP2ASbits   0x000f68       data     extern E:\c18v3.46\pic18-lt\cxx-framework\src\traditional\proc\p18f67j60.asm
                 ECCP2CON   0x000fba       data     extern E:\c18v3.46\pic18-lt\cxx-framework\src\traditional\proc\p18f67j60.asm
             ECCP2CONbits   0x000fba       data     extern E:\c18v3.46\pic18-lt\cxx-framework\src\traditional\proc\p18f67j60.asm
                 ECCP2DEL   0x000f67       data     extern E:\c18v3.46\pic18-lt\cxx-framework\src\traditional\proc\p18f67j60.asm
             ECCP2DELbits   0x000f67       data     extern E:\c18v3.46\pic18-lt\cxx-framework\src\traditional\proc\p18f67j60.asm
                  ECCP3AS   0x000f6a       data     extern E:\c18v3.46\pic18-lt\cxx-framework\src\traditional\proc\p18f67j60.asm
              ECCP3ASbits   0x000f6a       data     extern E:\c18v3.46\pic18-lt\cxx-framework\src\traditional\proc\p18f67j60.asm
                 ECCP3CON   0x000fb7       data     extern E:\c18v3.46\pic18-lt\cxx-framework\src\traditional\proc\p18f67j60.asm
             ECCP3CONbits   0x000fb7       data     extern E:\c18v3.46\pic18-lt\cxx-framework\src\traditional\proc\p18f67j60.asm
                 ECCP3DEL   0x000f69       data     extern E:\c18v3.46\pic18-lt\cxx-framework\src\traditional\proc\p18f67j60.asm
             ECCP3DELbits   0x000f69       data     extern E:\c18v3.46\pic18-lt\cxx-framework\src\traditional\proc\p18f67j60.asm
                    ECON1   0x000fd2       data     extern E:\c18v3.46\pic18-lt\cxx-framework\src\traditional\proc\p18f67j60.asm
                ECON1bits   0x000fd2       data     extern E:\c18v3.46\pic18-lt\cxx-framework\src\traditional\proc\p18f67j60.asm
                    ECON2   0x000efe       data     extern E:\c18v3.46\pic18-lt\cxx-framework\src\traditional\proc\p18f67j60.asm
                ECON2bits   0x000efe       data     extern E:\c18v3.46\pic18-lt\cxx-framework\src\traditional\proc\p18f67j60.asm
                    EDATA   0x000f61       data     extern E:\c18v3.46\pic18-lt\cxx-framework\src\traditional\proc\p18f67j60.asm
                EDATAbits   0x000f61       data     extern E:\c18v3.46\pic18-lt\cxx-framework\src\traditional\proc\p18f67j60.asm
                   EDMACS   0x000ef6       data     extern E:\c18v3.46\pic18-lt\cxx-framework\src\traditional\proc\p18f67j60.asm
                  EDMACSH   0x000ef7       data     extern E:\c18v3.46\pic18-lt\cxx-framework\src\traditional\proc\p18f67j60.asm
                  EDMACSL   0x000ef6       data     extern E:\c18v3.46\pic18-lt\cxx-framework\src\traditional\proc\p18f67j60.asm
                  EDMADST   0x000ef4       data     extern E:\c18v3.46\pic18-lt\cxx-framework\src\traditional\proc\p18f67j60.asm
                 EDMADSTH   0x000ef5       data     extern E:\c18v3.46\pic18-lt\cxx-framework\src\traditional\proc\p18f67j60.asm
                 EDMADSTL   0x000ef4       data     extern E:\c18v3.46\pic18-lt\cxx-framework\src\traditional\proc\p18f67j60.asm
                   EDMAND   0x000ef2       data     extern E:\c18v3.46\pic18-lt\cxx-framework\src\traditional\proc\p18f67j60.asm
                  EDMANDH   0x000ef3       data     extern E:\c18v3.46\pic18-lt\cxx-framework\src\traditional\proc\p18f67j60.asm
                  EDMANDL   0x000ef2       data     extern E:\c18v3.46\pic18-lt\cxx-framework\src\traditional\proc\p18f67j60.asm
                   EDMAST   0x000ef0       data     extern E:\c18v3.46\pic18-lt\cxx-framework\src\traditional\proc\p18f67j60.asm
                  EDMASTH   0x000ef1       data     extern E:\c18v3.46\pic18-lt\cxx-framework\src\traditional\proc\p18f67j60.asm
                  EDMASTL   0x000ef0       data     extern E:\c18v3.46\pic18-lt\cxx-framework\src\traditional\proc\p18f67j60.asm
                   EECON1   0x000fa6       data     extern E:\c18v3.46\pic18-lt\cxx-framework\src\traditional\proc\p18f67j60.asm
               EECON1bits   0x000fa6       data     extern E:\c18v3.46\pic18-lt\cxx-framework\src\traditional\proc\p18f67j60.asm
                   EECON2   0x000fa7       data     extern E:\c18v3.46\pic18-lt\cxx-framework\src\traditional\proc\p18f67j60.asm
                  EFLOCON   0x000e97       data     extern E:\c18v3.46\pic18-lt\cxx-framework\src\traditional\proc\p18f67j60.asm
              EFLOCONbits   0x000e97       data     extern E:\c18v3.46\pic18-lt\cxx-framework\src\traditional\proc\p18f67j60.asm
                     EHT0   0x000ec0       data     extern E:\c18v3.46\pic18-lt\cxx-framework\src\traditional\proc\p18f67j60.asm
                     EHT1   0x000ec1       data     extern E:\c18v3.46\pic18-lt\cxx-framework\src\traditional\proc\p18f67j60.asm
                     EHT2   0x000ec2       data     extern E:\c18v3.46\pic18-lt\cxx-framework\src\traditional\proc\p18f67j60.asm
                     EHT3   0x000ec3       data     extern E:\c18v3.46\pic18-lt\cxx-framework\src\traditional\proc\p18f67j60.asm
                     EHT4   0x000ec4       data     extern E:\c18v3.46\pic18-lt\cxx-framework\src\traditional\proc\p18f67j60.asm
                     EHT5   0x000ec5       data     extern E:\c18v3.46\pic18-lt\cxx-framework\src\traditional\proc\p18f67j60.asm
                     EHT6   0x000ec6       data     extern E:\c18v3.46\pic18-lt\cxx-framework\src\traditional\proc\p18f67j60.asm
                     EHT7   0x000ec7       data     extern E:\c18v3.46\pic18-lt\cxx-framework\src\traditional\proc\p18f67j60.asm
                      EIE   0x000efb       data     extern E:\c18v3.46\pic18-lt\cxx-framework\src\traditional\proc\p18f67j60.asm
                  EIEbits   0x000efb       data     extern E:\c18v3.46\pic18-lt\cxx-framework\src\traditional\proc\p18f67j60.asm
                      EIR   0x000f60       data     extern E:\c18v3.46\pic18-lt\cxx-framework\src\traditional\proc\p18f67j60.asm
                  EIRbits   0x000f60       data     extern E:\c18v3.46\pic18-lt\cxx-framework\src\traditional\proc\p18f67j60.asm
                    EPAUS   0x000e98       data     extern E:\c18v3.46\pic18-lt\cxx-framework\src\traditional\proc\p18f67j60.asm
                   EPAUSH   0x000e99       data     extern E:\c18v3.46\pic18-lt\cxx-framework\src\traditional\proc\p18f67j60.asm
                   EPAUSL   0x000e98       data     extern E:\c18v3.46\pic18-lt\cxx-framework\src\traditional\proc\p18f67j60.asm
                  EPKTCNT   0x000ed9       data     extern E:\c18v3.46\pic18-lt\cxx-framework\src\traditional\proc\p18f67j60.asm
                    EPMCS   0x000ed0       data     extern E:\c18v3.46\pic18-lt\cxx-framework\src\traditional\proc\p18f67j60.asm
                   EPMCSH   0x000ed1       data     extern E:\c18v3.46\pic18-lt\cxx-framework\src\traditional\proc\p18f67j60.asm
                   EPMCSL   0x000ed0       data     extern E:\c18v3.46\pic18-lt\cxx-framework\src\traditional\proc\p18f67j60.asm
                    EPMM0   0x000ec8       data     extern E:\c18v3.46\pic18-lt\cxx-framework\src\traditional\proc\p18f67j60.asm
                    EPMM1   0x000ec9       data     extern E:\c18v3.46\pic18-lt\cxx-framework\src\traditional\proc\p18f67j60.asm
                    EPMM2   0x000eca       data     extern E:\c18v3.46\pic18-lt\cxx-framework\src\traditional\proc\p18f67j60.asm
                    EPMM3   0x000ecb       data     extern E:\c18v3.46\pic18-lt\cxx-framework\src\traditional\proc\p18f67j60.asm
                    EPMM4   0x000ecc       data     extern E:\c18v3.46\pic18-lt\cxx-framework\src\traditional\proc\p18f67j60.asm
                    EPMM5   0x000ecd       data     extern E:\c18v3.46\pic18-lt\cxx-framework\src\traditional\proc\p18f67j60.asm
                    EPMM6   0x000ece       data     extern E:\c18v3.46\pic18-lt\cxx-framework\src\traditional\proc\p18f67j60.asm
                    EPMM7   0x000ecf       data     extern E:\c18v3.46\pic18-lt\cxx-framework\src\traditional\proc\p18f67j60.asm
                     EPMO   0x000ed4       data     extern E:\c18v3.46\pic18-lt\cxx-framework\src\traditional\proc\p18f67j60.asm
                    EPMOH   0x000ed5       data     extern E:\c18v3.46\pic18-lt\cxx-framework\src\traditional\proc\p18f67j60.asm
                    EPMOL   0x000ed4       data     extern E:\c18v3.46\pic18-lt\cxx-framework\src\traditional\proc\p18f67j60.asm
                    ERDPT   0x000f7a       data     extern E:\c18v3.46\pic18-lt\cxx-framework\src\traditional\proc\p18f67j60.asm
                   ERDPTH   0x000f7b       data     extern E:\c18v3.46\pic18-lt\cxx-framework\src\traditional\proc\p18f67j60.asm
                   ERDPTL   0x000f7a       data     extern E:\c18v3.46\pic18-lt\cxx-framework\src\traditional\proc\p18f67j60.asm
                  ERXFCON   0x000ed8       data     extern E:\c18v3.46\pic18-lt\cxx-framework\src\traditional\proc\p18f67j60.asm
              ERXFCONbits   0x000ed8       data     extern E:\c18v3.46\pic18-lt\cxx-framework\src\traditional\proc\p18f67j60.asm
                    ERXND   0x000eea       data     extern E:\c18v3.46\pic18-lt\cxx-framework\src\traditional\proc\p18f67j60.asm
                   ERXNDH   0x000eeb       data     extern E:\c18v3.46\pic18-lt\cxx-framework\src\traditional\proc\p18f67j60.asm
                   ERXNDL   0x000eea       data     extern E:\c18v3.46\pic18-lt\cxx-framework\src\traditional\proc\p18f67j60.asm
                  ERXRDPT   0x000eec       data     extern E:\c18v3.46\pic18-lt\cxx-framework\src\traditional\proc\p18f67j60.asm
                 ERXRDPTH   0x000eed       data     extern E:\c18v3.46\pic18-lt\cxx-framework\src\traditional\proc\p18f67j60.asm
                 ERXRDPTL   0x000eec       data     extern E:\c18v3.46\pic18-lt\cxx-framework\src\traditional\proc\p18f67j60.asm
                    ERXST   0x000ee8       data     extern E:\c18v3.46\pic18-lt\cxx-framework\src\traditional\proc\p18f67j60.asm
                   ERXSTH   0x000ee9       data     extern E:\c18v3.46\pic18-lt\cxx-framework\src\traditional\proc\p18f67j60.asm
                   ERXSTL   0x000ee8       data     extern E:\c18v3.46\pic18-lt\cxx-framework\src\traditional\proc\p18f67j60.asm
                  ERXWRPT   0x000eee       data     extern E:\c18v3.46\pic18-lt\cxx-framework\src\traditional\proc\p18f67j60.asm
                 ERXWRPTH   0x000eef       data     extern E:\c18v3.46\pic18-lt\cxx-framework\src\traditional\proc\p18f67j60.asm
                 ERXWRPTL   0x000eee       data     extern E:\c18v3.46\pic18-lt\cxx-framework\src\traditional\proc\p18f67j60.asm
                    ESTAT   0x000efd       data     extern E:\c18v3.46\pic18-lt\cxx-framework\src\traditional\proc\p18f67j60.asm
                ESTATbits   0x000efd       data     extern E:\c18v3.46\pic18-lt\cxx-framework\src\traditional\proc\p18f67j60.asm
                    ETXND   0x000ee6       data     extern E:\c18v3.46\pic18-lt\cxx-framework\src\traditional\proc\p18f67j60.asm
                   ETXNDH   0x000ee7       data     extern E:\c18v3.46\pic18-lt\cxx-framework\src\traditional\proc\p18f67j60.asm
                   ETXNDL   0x000ee6       data     extern E:\c18v3.46\pic18-lt\cxx-framework\src\traditional\proc\p18f67j60.asm
                    ETXST   0x000ee4       data     extern E:\c18v3.46\pic18-lt\cxx-framework\src\traditional\proc\p18f67j60.asm
                   ETXSTH   0x000ee5       data     extern E:\c18v3.46\pic18-lt\cxx-framework\src\traditional\proc\p18f67j60.asm
                   ETXSTL   0x000ee4       data     extern E:\c18v3.46\pic18-lt\cxx-framework\src\traditional\proc\p18f67j60.asm
                    EWRPT   0x000ee2       data     extern E:\c18v3.46\pic18-lt\cxx-framework\src\traditional\proc\p18f67j60.asm
                   EWRPTH   0x000ee3       data     extern E:\c18v3.46\pic18-lt\cxx-framework\src\traditional\proc\p18f67j60.asm
                   EWRPTL   0x000ee2       data     extern E:\c18v3.46\pic18-lt\cxx-framework\src\traditional\proc\p18f67j60.asm
                     FSR0   0x000fe9       data     extern E:\c18v3.46\pic18-lt\cxx-framework\src\traditional\proc\p18f67j60.asm
                    FSR0H   0x000fea       data     extern E:\c18v3.46\pic18-lt\cxx-framework\src\traditional\proc\p18f67j60.asm
                    FSR0L   0x000fe9       data     extern E:\c18v3.46\pic18-lt\cxx-framework\src\traditional\proc\p18f67j60.asm
                     FSR1   0x000fe1       data     extern E:\c18v3.46\pic18-lt\cxx-framework\src\traditional\proc\p18f67j60.asm
                    FSR1H   0x000fe2       data     extern E:\c18v3.46\pic18-lt\cxx-framework\src\traditional\proc\p18f67j60.asm
[...]
                 PIR2bits   0x000fa1       data     extern E:\c18v3.46\pic18-lt\cxx-framework\src\traditional\proc\p18f67j60.asm
                     PIR2   0x000fa1       data     extern E:\c18v3.46\pic18-lt\cxx-framework\src\traditional\proc\p18f67j60.asm
                     IPR2   0x000fa2       data     extern E:\c18v3.46\pic18-lt\cxx-framework\src\traditional\proc\p18f67j60.asm
                 IPR2bits   0x000fa2       data     extern E:\c18v3.46\pic18-lt\cxx-framework\src\traditional\proc\p18f67j60.asm
                     PIE3   0x000fa3       data     extern E:\c18v3.46\pic18-lt\cxx-framework\src\traditional\proc\p18f67j60.asm
                 PIE3bits   0x000fa3       data     extern E:\c18v3.46\pic18-lt\cxx-framework\src\traditional\proc\p18f67j60.asm
                 PIR3bits   0x000fa4       data     extern E:\c18v3.46\pic18-lt\cxx-framework\src\traditional\proc\p18f67j60.asm
                     PIR3   0x000fa4       data     extern E:\c18v3.46\pic18-lt\cxx-framework\src\traditional\proc\p18f67j60.asm
                     IPR3   0x000fa5       data     extern E:\c18v3.46\pic18-lt\cxx-framework\src\traditional\proc\p18f67j60.asm
                 IPR3bits   0x000fa5       data     extern E:\c18v3.46\pic18-lt\cxx-framework\src\traditional\proc\p18f67j60.asm
               EECON1bits   0x000fa6       data     extern E:\c18v3.46\pic18-lt\cxx-framework\src\traditional\proc\p18f67j60.asm
                   EECON1   0x000fa6       data     extern E:\c18v3.46\pic18-lt\cxx-framework\src\traditional\proc\p18f67j60.asm
                   EECON2   0x000fa7       data     extern E:\c18v3.46\pic18-lt\cxx-framework\src\traditional\proc\p18f67j60.asm
                RCSTAbits   0x000fab       data     extern E:\c18v3.46\pic18-lt\cxx-framework\src\traditional\proc\p18f67j60.asm
               RCSTA1bits   0x000fab       data     extern E:\c18v3.46\pic18-lt\cxx-framework\src\traditional\proc\p18f67j60.asm
                   RCSTA1   0x000fab       data     extern E:\c18v3.46\pic18-lt\cxx-framework\src\traditional\proc\p18f67j60.asm
                    RCSTA   0x000fab       data     extern E:\c18v3.46\pic18-lt\cxx-framework\src\traditional\proc\p18f67j60.asm
                    TXSTA   0x000fac       data     extern E:\c18v3.46\pic18-lt\cxx-framework\src\traditional\proc\p18f67j60.asm
                   TXSTA1   0x000fac       data     extern E:\c18v3.46\pic18-lt\cxx-framework\src\traditional\proc\p18f67j60.asm
               TXSTA1bits   0x000fac       data     extern E:\c18v3.46\pic18-lt\cxx-framework\src\traditional\proc\p18f67j60.asm
                TXSTAbits   0x000fac       data     extern E:\c18v3.46\pic18-lt\cxx-framework\src\traditional\proc\p18f67j60.asm
                   TXREG1   0x000fad       data     extern E:\c18v3.46\pic18-lt\cxx-framework\src\traditional\proc\p18f67j60.asm
                    TXREG   0x000fad       data     extern E:\c18v3.46\pic18-lt\cxx-framework\src\traditional\proc\p18f67j60.asm
                   RCREG1   0x000fae       data     extern E:\c18v3.46\pic18-lt\cxx-framework\src\traditional\proc\p18f67j60.asm
                    RCREG   0x000fae       data     extern E:\c18v3.46\pic18-lt\cxx-framework\src\traditional\proc\p18f67j60.asm
                   SPBRG1   0x000faf       data     extern E:\c18v3.46\pic18-lt\cxx-framework\src\traditional\proc\p18f67j60.asm
                    SPBRG   0x000faf       data     extern E:\c18v3.46\pic18-lt\cxx-framework\src\traditional\proc\p18f67j60.asm
                    T3CON   0x000fb1       data     extern E:\c18v3.46\pic18-lt\cxx-framework\src\traditional\proc\p18f67j60.asm
                T3CONbits   0x000fb1       data     extern E:\c18v3.46\pic18-lt\cxx-framework\src\traditional\proc\p18f67j60.asm
                    TMR3L   0x000fb2       data     extern E:\c18v3.46\pic18-lt\cxx-framework\src\traditional\proc\p18f67j60.asm
                    TMR3H   0x000fb3       data     extern E:\c18v3.46\pic18-lt\cxx-framework\src\traditional\proc\p18f67j60.asm
                    CMCON   0x000fb4       data     extern E:\c18v3.46\pic18-lt\cxx-framework\src\traditional\proc\p18f67j60.asm
                CMCONbits   0x000fb4       data     extern E:\c18v3.46\pic18-lt\cxx-framework\src\traditional\proc\p18f67j60.asm
               CVRCONbits   0x000fb5       data     extern E:\c18v3.46\pic18-lt\cxx-framework\src\traditional\proc\p18f67j60.asm
                   CVRCON   0x000fb5       data     extern E:\c18v3.46\pic18-lt\cxx-framework\src\traditional\proc\p18f67j60.asm
              ECCP1ASbits   0x000fb6       data     extern E:\c18v3.46\pic18-lt\cxx-framework\src\traditional\proc\p18f67j60.asm
                  ECCP1AS   0x000fb6       data     extern E:\c18v3.46\pic18-lt\cxx-framework\src\traditional\proc\p18f67j60.asm
              CCP3CONbits   0x000fb7       data     extern E:\c18v3.46\pic18-lt\cxx-framework\src\traditional\proc\p18f67j60.asm
                  CCP3CON   0x000fb7       data     extern E:\c18v3.46\pic18-lt\cxx-framework\src\traditional\proc\p18f67j60.asm
             ECCP3CONbits   0x000fb7       data     extern E:\c18v3.46\pic18-lt\cxx-framework\src\traditional\proc\p18f67j60.asm
                 ECCP3CON   0x000fb7       data     extern E:\c18v3.46\pic18-lt\cxx-framework\src\traditional\proc\p18f67j60.asm
                   CCPR3L   0x000fb8       data     extern E:\c18v3.46\pic18-lt\cxx-framework\src\traditional\proc\p18f67j60.asm
                    CCPR3   0x000fb8       data     extern E:\c18v3.46\pic18-lt\cxx-framework\src\traditional\proc\p18f67j60.asm
                   CCPR3H   0x000fb9       data     extern E:\c18v3.46\pic18-lt\cxx-framework\src\traditional\proc\p18f67j60.asm
                 ECCP2CON   0x000fba       data     extern E:\c18v3.46\pic18-lt\cxx-framework\src\traditional\proc\p18f67j60.asm
             ECCP2CONbits   0x000fba       data     extern E:\c18v3.46\pic18-lt\cxx-framework\src\traditional\proc\p18f67j60.asm
                  CCP2CON   0x000fba       data     extern E:\c18v3.46\pic18-lt\cxx-framework\src\traditional\proc\p18f67j60.asm
              CCP2CONbits   0x000fba       data     extern E:\c18v3.46\pic18-lt\cxx-framework\src\traditional\proc\p18f67j60.asm
                   CCPR2L   0x000fbb       data     extern E:\c18v3.46\pic18-lt\cxx-framework\src\traditional\proc\p18f67j60.asm
                    CCPR2   0x000fbb       data     extern E:\c18v3.46\pic18-lt\cxx-framework\src\traditional\proc\p18f67j60.asm
                   CCPR2H   0x000fbc       data     extern E:\c18v3.46\pic18-lt\cxx-framework\src\traditional\proc\p18f67j60.asm
                  CCP1CON   0x000fbd       data     extern E:\c18v3.46\pic18-lt\cxx-framework\src\traditional\proc\p18f67j60.asm
              CCP1CONbits   0x000fbd       data     extern E:\c18v3.46\pic18-lt\cxx-framework\src\traditional\proc\p18f67j60.asm
                 ECCP1CON   0x000fbd       data     extern E:\c18v3.46\pic18-lt\cxx-framework\src\traditional\proc\p18f67j60.asm
             ECCP1CONbits   0x000fbd       data     extern E:\c18v3.46\pic18-lt\cxx-framework\src\traditional\proc\p18f67j60.asm
                   CCPR1L   0x000fbe       data     extern E:\c18v3.46\pic18-lt\cxx-framework\src\traditional\proc\p18f67j60.asm
                    CCPR1   0x000fbe       data     extern E:\c18v3.46\pic18-lt\cxx-framework\src\traditional\proc\p18f67j60.asm
                   CCPR1H   0x000fbf       data     extern E:\c18v3.46\pic18-lt\cxx-framework\src\traditional\proc\p18f67j60.asm
               ADCON2bits   0x000fc0       data     extern E:\c18v3.46\pic18-lt\cxx-framework\src\traditional\proc\p18f67j60.asm
                   ADCON2   0x000fc0       data     extern E:\c18v3.46\pic18-lt\cxx-framework\src\traditional\proc\p18f67j60.asm
               ADCON1bits   0x000fc1       data     extern E:\c18v3.46\pic18-lt\cxx-framework\src\traditional\proc\p18f67j60.asm
                   ADCON1   0x000fc1       data     extern E:\c18v3.46\pic18-lt\cxx-framework\src\traditional\proc\p18f67j60.asm
               ADCON0bits   0x000fc2       data     extern E:\c18v3.46\pic18-lt\cxx-framework\src\traditional\proc\p18f67j60.asm
                   ADCON0   0x000fc2       data     extern E:\c18v3.46\pic18-lt\cxx-framework\src\traditional\proc\p18f67j60.asm
                   ADRESL   0x000fc3       data     extern E:\c18v3.46\pic18-lt\cxx-framework\src\traditional\proc\p18f67j60.asm
                    ADRES   0x000fc3       data     extern E:\c18v3.46\pic18-lt\cxx-framework\src\traditional\proc\p18f67j60.asm
                   ADRESH   0x000fc4       data     extern E:\c18v3.46\pic18-lt\cxx-framework\src\traditional\proc\p18f67j60.asm
                 SSP1CON2   0x000fc5       data     extern E:\c18v3.46\pic18-lt\cxx-framework\src\traditional\proc\p18f67j60.asm
             SSP1CON2bits   0x000fc5       data     extern E:\c18v3.46\pic18-lt\cxx-framework\src\traditional\proc\p18f67j60.asm
                  SSPCON2   0x000fc5       data     extern E:\c18v3.46\pic18-lt\cxx-framework\src\traditional\proc\p18f67j60.asm
              SSPCON2bits   0x000fc5       data     extern E:\c18v3.46\pic18-lt\cxx-framework\src\traditional\proc\p18f67j60.asm
                  SSPCON1   0x000fc6       data     extern E:\c18v3.46\pic18-lt\cxx-framework\src\traditional\proc\p18f67j60.asm
              SSPCON1bits   0x000fc6       data     extern E:\c18v3.46\pic18-lt\cxx-framework\src\traditional\proc\p18f67j60.asm
             SSP1CON1bits   0x000fc6       data     extern E:\c18v3.46\pic18-lt\cxx-framework\src\traditional\proc\p18f67j60.asm
                 SSP1CON1   0x000fc6       data     extern E:\c18v3.46\pic18-lt\cxx-framework\src\traditional\proc\p18f67j60.asm
              SSPSTATbits   0x000fc7       data     extern E:\c18v3.46\pic18-lt\cxx-framework\src\traditional\proc\p18f67j60.asm
             SSP1STATbits   0x000fc7       data     extern E:\c18v3.46\pic18-lt\cxx-framework\src\traditional\proc\p18f67j60.asm
                 SSP1STAT   0x000fc7       data     extern E:\c18v3.46\pic18-lt\cxx-framework\src\traditional\proc\p18f67j60.asm
                  SSPSTAT   0x000fc7       data     extern E:\c18v3.46\pic18-lt\cxx-framework\src\traditional\proc\p18f67j60.asm
                   SSPADD   0x000fc8       data     extern E:\c18v3.46\pic18-lt\cxx-framework\src\traditional\proc\p18f67j60.asm
                  SSP1ADD   0x000fc8       data     extern E:\c18v3.46\pic18-lt\cxx-framework\src\traditional\proc\p18f67j60.asm
                  SSP1BUF   0x000fc9       data     extern E:\c18v3.46\pic18-lt\cxx-framework\src\traditional\proc\p18f67j60.asm
                   SSPBUF   0x000fc9       data     extern E:\c18v3.46\pic18-lt\cxx-framework\src\traditional\proc\p18f67j60.asm
                    T2CON   0x000fca       data     extern E:\c18v3.46\pic18-lt\cxx-framework\src\traditional\proc\p18f67j60.asm
                T2CONbits   0x000fca       data     extern E:\c18v3.46\pic18-lt\cxx-framework\src\traditional\proc\p18f67j60.asm
                      PR2   0x000fcb       data     extern E:\c18v3.46\pic18-lt\cxx-framework\src\traditional\proc\p18f67j60.asm
                     TMR2   0x000fcc       data     extern E:\c18v3.46\pic18-lt\cxx-framework\src\traditional\proc\p18f67j60.asm
                T1CONbits   0x000fcd       data     extern E:\c18v3.46\pic18-lt\cxx-framework\src\traditional\proc\p18f67j60.asm
                    T1CON   0x000fcd       data     extern E:\c18v3.46\pic18-lt\cxx-framework\src\traditional\proc\p18f67j60.asm
                    TMR1L   0x000fce       data     extern E:\c18v3.46\pic18-lt\cxx-framework\src\traditional\proc\p18f67j60.asm
                    TMR1H   0x000fcf       data     extern E:\c18v3.46\pic18-lt\cxx-framework\src\traditional\proc\p18f67j60.asm
                     RCON   0x000fd0       data     extern E:\c18v3.46\pic18-lt\cxx-framework\src\traditional\proc\p18f67j60.asm
                 RCONbits   0x000fd0       data     extern E:\c18v3.46\pic18-lt\cxx-framework\src\traditional\proc\p18f67j60.asm
               WDTCONbits   0x000fd1       data     extern E:\c18v3.46\pic18-lt\cxx-framework\src\traditional\proc\p18f67j60.asm
                   WDTCON   0x000fd1       data     extern E:\c18v3.46\pic18-lt\cxx-framework\src\traditional\proc\p18f67j60.asm
                    ECON1   0x000fd2       data     extern E:\c18v3.46\pic18-lt\cxx-framework\src\traditional\proc\p18f67j60.asm
                ECON1bits   0x000fd2       data     extern E:\c18v3.46\pic18-lt\cxx-framework\src\traditional\proc\p18f67j60.asm
                   OSCCON   0x000fd3       data     extern E:\c18v3.46\pic18-lt\cxx-framework\src\traditional\proc\p18f67j60.asm
               OSCCONbits   0x000fd3       data     extern E:\c18v3.46\pic18-lt\cxx-framework\src\traditional\proc\p18f67j60.asm
                T0CONbits   0x000fd5       data     extern E:\c18v3.46\pic18-lt\cxx-framework\src\traditional\proc\p18f67j60.asm
                    T0CON   0x000fd5       data     extern E:\c18v3.46\pic18-lt\cxx-framework\src\traditional\proc\p18f67j60.asm
                    TMR0L   0x000fd6       data     extern E:\c18v3.46\pic18-lt\cxx-framework\src\traditional\proc\p18f67j60.asm
                    TMR0H   0x000fd7       data     extern E:\c18v3.46\pic18-lt\cxx-framework\src\traditional\proc\p18f67j60.asm
               STATUSbits   0x000fd8       data     extern E:\c18v3.46\pic18-lt\cxx-framework\src\traditional\proc\p18f67j60.asm
                   STATUS   0x000fd8       data     extern E:\c18v3.46\pic18-lt\cxx-framework\src\traditional\proc\p18f67j60.asm
                     FSR2   0x000fd9       data     extern E:\c18v3.46\pic18-lt\cxx-framework\src\traditional\proc\p18f67j60.asm
                    FSR2L   0x000fd9       data     extern E:\c18v3.46\pic18-lt\cxx-framework\src\traditional\proc\p18f67j60.asm
                    FSR2H   0x000fda       data     extern E:\c18v3.46\pic18-lt\cxx-framework\src\traditional\proc\p18f67j60.asm
                   PLUSW2   0x000fdb       data     extern E:\c18v3.46\pic18-lt\cxx-framework\src\traditional\proc\p18f67j60.asm
                  PREINC2   0x000fdc       data     extern E:\c18v3.46\pic18-lt\cxx-framework\src\traditional\proc\p18f67j60.asm
                 POSTDEC2   0x000fdd       data     extern E:\c18v3.46\pic18-lt\cxx-framework\src\traditional\proc\p18f67j60.asm
                 POSTINC2   0x000fde       data     extern E:\c18v3.46\pic18-lt\cxx-framework\src\traditional\proc\p18f67j60.asm
                    INDF2   0x000fdf       data     extern E:\c18v3.46\pic18-lt\cxx-framework\src\traditional\proc\p18f67j60.asm
                      BSR   0x000fe0       data     extern E:\c18v3.46\pic18-lt\cxx-framework\src\traditional\proc\p18f67j60.asm
                    FSR1L   0x000fe1       data     extern E:\c18v3.46\pic18-lt\cxx-framework\src\traditional\proc\p18f67j60.asm
                     FSR1   0x000fe1       data     extern E:\c18v3.46\pic18-lt\cxx-framework\src\traditional\proc\p18f67j60.asm
                    FSR1H   0x000fe2       data     extern E:\c18v3.46\pic18-lt\cxx-framework\src\traditional\proc\p18f67j60.asm
                   PLUSW1   0x000fe3       data     extern E:\c18v3.46\pic18-lt\cxx-framework\src\traditional\proc\p18f67j60.asm
                  PREINC1   0x000fe4       data     extern E:\c18v3.46\pic18-lt\cxx-framework\src\traditional\proc\p18f67j60.asm
                 POSTDEC1   0x000fe5       data     extern E:\c18v3.46\pic18-lt\cxx-framework\src\traditional\proc\p18f67j60.asm
                 POSTINC1   0x000fe6       data     extern E:\c18v3.46\pic18-lt\cxx-framework\src\traditional\proc\p18f67j60.asm
                    INDF1   0x000fe7       data     extern E:\c18v3.46\pic18-lt\cxx-framework\src\traditional\proc\p18f67j60.asm
                     WREG   0x000fe8       data     extern E:\c18v3.46\pic18-lt\cxx-framework\src\traditional\proc\p18f67j60.asm
                     FSR0   0x000fe9       data     extern E:\c18v3.46\pic18-lt\cxx-framework\src\traditional\proc\p18f67j60.asm
                    FSR0L   0x000fe9       data     extern E:\c18v3.46\pic18-lt\cxx-framework\src\traditional\proc\p18f67j60.asm
                    FSR0H   0x000fea       data     extern E:\c18v3.46\pic18-lt\cxx-framework\src\traditional\proc\p18f67j60.asm
                   PLUSW0   0x000feb       data     extern E:\c18v3.46\pic18-lt\cxx-framework\src\traditional\proc\p18f67j60.asm
                  PREINC0   0x000fec       data     extern E:\c18v3.46\pic18-lt\cxx-framework\src\traditional\proc\p18f67j60.asm
                 POSTDEC0   0x000fed       data     extern E:\c18v3.46\pic18-lt\cxx-framework\src\traditional\proc\p18f67j60.asm
                 POSTINC0   0x000fee       data     extern E:\c18v3.46\pic18-lt\cxx-framework\src\traditional\proc\p18f67j60.asm
                    INDF0   0x000fef       data     extern E:\c18v3.46\pic18-lt\cxx-framework\src\traditional\proc\p18f67j60.asm
                  INTCON3   0x000ff0       data     extern E:\c18v3.46\pic18-lt\cxx-framework\src\traditional\proc\p18f67j60.asm
              INTCON3bits   0x000ff0       data     extern E:\c18v3.46\pic18-lt\cxx-framework\src\traditional\proc\p18f67j60.asm
                  INTCON2   0x000ff1       data     extern E:\c18v3.46\pic18-lt\cxx-framework\src\traditional\proc\p18f67j60.asm
              INTCON2bits   0x000ff1       data     extern E:\c18v3.46\pic18-lt\cxx-framework\src\traditional\proc\p18f67j60.asm
                   INTCON   0x000ff2       data     extern E:\c18v3.46\pic18-lt\cxx-framework\src\traditional\proc\p18f67j60.asm
               INTCONbits   0x000ff2       data     extern E:\c18v3.46\pic18-lt\cxx-framework\src\traditional\proc\p18f67j60.asm
                    PRODL   0x000ff3       data     extern E:\c18v3.46\pic18-lt\cxx-framework\src\traditional\proc\p18f67j60.asm
                     PROD   0x000ff3       data     extern E:\c18v3.46\pic18-lt\cxx-framework\src\traditional\proc\p18f67j60.asm
                    PRODH   0x000ff4       data     extern E:\c18v3.46\pic18-lt\cxx-framework\src\traditional\proc\p18f67j60.asm
                   TABLAT   0x000ff5       data     extern E:\c18v3.46\pic18-lt\cxx-framework\src\traditional\proc\p18f67j60.asm
                   TBLPTR   0x000ff6       data     extern E:\c18v3.46\pic18-lt\cxx-framework\src\traditional\proc\p18f67j60.asm
                  TBLPTRL   0x000ff6       data     extern E:\c18v3.46\pic18-lt\cxx-framework\src\traditional\proc\p18f67j60.asm
                  TBLPTRH   0x000ff7       data     extern E:\c18v3.46\pic18-lt\cxx-framework\src\traditional\proc\p18f67j60.asm
                  TBLPTRU   0x000ff8       data     extern E:\c18v3.46\pic18-lt\cxx-framework\src\traditional\proc\p18f67j60.asm
                      PCL   0x000ff9       data     extern E:\c18v3.46\pic18-lt\cxx-framework\src\traditional\proc\p18f67j60.asm
                       PC   0x000ff9       data     extern E:\c18v3.46\pic18-lt\cxx-framework\src\traditional\proc\p18f67j60.asm
                   PCLATH   0x000ffa       data     extern E:\c18v3.46\pic18-lt\cxx-framework\src\traditional\proc\p18f67j60.asm
                   PCLATU   0x000ffb       data     extern E:\c18v3.46\pic18-lt\cxx-framework\src\traditional\proc\p18f67j60.asm
               STKPTRbits   0x000ffc       data     extern E:\c18v3.46\pic18-lt\cxx-framework\src\traditional\proc\p18f67j60.asm
                   STKPTR   0x000ffc       data     extern E:\c18v3.46\pic18-lt\cxx-framework\src\traditional\proc\p18f67j60.asm
                     TOSL   0x000ffd       data     extern E:\c18v3.46\pic18-lt\cxx-framework\src\traditional\proc\p18f67j60.asm
                      TOS   0x000ffd       data     extern E:\c18v3.46\pic18-lt\cxx-framework\src\traditional\proc\p18f67j60.asm
                     TOSH   0x000ffe       data     extern E:\c18v3.46\pic18-lt\cxx-framework\src\traditional\proc\p18f67j60.asm
                     TOSU   0x000fff       data     extern E:\c18v3.46\pic18-lt\cxx-framework\src\traditional\proc\p18f67j60.asm


