MPLINK 4.48, Linker
Linker Map File - Created Mon Dec 22 14:04:48 2014

                                 Section Info
                  Section       Type    Address   Location Size(Bytes)
                ---------  ---------  ---------  ---------  ---------
               _entry_scn       code   0x000000    program   0x000006
           .code___init.o       code   0x000006    program   0x000002
      InterruptVectorHigh       code   0x000008    program   0x000012
                   .cinit    romdata   0x00001a    program   0x000092
              .code_TCP.o       code   0x0000ac    program   0x005b2a
      .code_BerkeleyAPI.o       code   0x005bd6    program   0x001cc6
              .code_UDP.o       code   0x00789c    program   0x0012c4
          .code_Helpers.o       code   0x008b60    program   0x001138
         .code_ETH97J60.o       code   0x009c98    program   0x000d90
              .code_ARP.o       code   0x00aa28    program   0x00066e
   .code_UART2TCPBridge.o       code   0x00b096    program   0x00057e
               .code_IP.o       code   0x00b614    program   0x0003fa
.code_BerkeleyTCPServerDemo.o       code   0x00ba0e    program   0x00039e
     .code_linearkeypad.o       code   0x00bdac    program   0x000326
         .code_MainDemo.o       code   0x00c0d2    program   0x0002d4
         .code_StackTsk.o       code   0x00c3a6    program   0x00023a
             .code_UART.o       code   0x00c5e0    program   0x0001be
                   STRING       code   0x00c79e    program   0x0001bc
             .code_Tick.o       code   0x00c95a    program   0x000188
             .code_ICMP.o       code   0x00cae2    program   0x000146
               _cinit_scn       code   0x00cc28    program   0x00009e
         .code_fxd3232u.o       code   0x00ccc6    program   0x000048
                     PROG       code   0x00cd0e    program   0x00003c
           .romdata_TCP.o    romdata   0x00cd4a    program   0x000036
         .code_fxd1616u.o       code   0x00cd80    program   0x00002c
                    .code       code   0x00cdac    program   0x00002c
             _startup_scn       code   0x00cdd8    program   0x00001c
             .stringtable    romdata   0x00cdf4    program   0x00001a
            .code_board.o       code   0x00ce0e    program   0x00000e
      .romdata_MainDemo.o    romdata   0x00ce1c    program   0x000006
      .romdata_StackTsk.o    romdata   0x00ce22    program   0x000000
      .romdata_SPIFlash.o    romdata   0x00ce22    program   0x000000
            .romdata_IP.o    romdata   0x00ce22    program   0x000000
     .romdata_SNMPv3USM.o    romdata   0x00ce22    program   0x000000
          .romdata_SNTP.o    romdata   0x00ce22    program   0x000000
        .romdata_SNMPv3.o    romdata   0x00ce22    program   0x000000
   .romdata_LCDBlocking.o    romdata   0x00ce22    program   0x000000
.romdata_TCPPerformanceTest.o    romdata   0x00ce22    program   0x000000
.romdata_UART2TCPBridge.o    romdata   0x00ce22    program   0x000000
        .romdata_Telnet.o    romdata   0x00ce22    program   0x000000
         .romdata_MPFS2.o    romdata   0x00ce22    program   0x000000
          .romdata_UART.o    romdata   0x00ce22    program   0x000000
     .romdata_SPIEEPROM.o    romdata   0x00ce22    program   0x000000
        .romdata_SPIRAM.o    romdata   0x00ce22    program   0x000000
         .romdata_timer.o    romdata   0x00ce22    program   0x000000
          .romdata_NBNS.o    romdata   0x00ce22    program   0x000000
         .idata_timer.o_i    romdata   0x00ce22    program   0x000000
          .romdata_SNMP.o    romdata   0x00ce22    program   0x000000
           .romdata_SSL.o    romdata   0x00ce22    program   0x000000
         .romdata_TFTPc.o    romdata   0x00ce22    program   0x000000
          .romdata_SMTP.o    romdata   0x00ce22    program   0x000000
          .romdata_Tick.o    romdata   0x00ce22    program   0x000000
         .romdata_c018i.o    romdata   0x00ce22    program   0x000000
      .romdata_Announce.o    romdata   0x00ce22    program   0x000000
        .romdata___init.o    romdata   0x00ce22    program   0x000000
           .romdata_ARP.o    romdata   0x00ce22    program   0x000000
        .romdata_AutoIP.o    romdata   0x00ce22    program   0x000000
      .romdata_fxd3232u.o    romdata   0x00ce22    program   0x000000
   .romdata_BerkeleyAPI.o    romdata   0x00ce22    program   0x000000
         .romdata_Delay.o    romdata   0x00ce22    program   0x000000
      .romdata_fxd1616u.o    romdata   0x00ce22    program   0x000000
          .romdata_DHCP.o    romdata   0x00ce22    program   0x000000
         .romdata_DHCPs.o    romdata   0x00ce22    program   0x000000
.romdata_BerkeleyTCPServerDemo.o    romdata   0x00ce22    program   0x000000
           .romdata_DNS.o    romdata   0x00ce22    program   0x000000
          .romdata_DNSs.o    romdata   0x00ce22    program   0x000000
          .romdata_ICMP.o    romdata   0x00ce22    program   0x000000
           .romdata_UDP.o    romdata   0x00ce22    program   0x000000
         .romdata_HTTP2.o    romdata   0x00ce22    program   0x000000
       .romdata_Helpers.o    romdata   0x00ce22    program   0x000000
         .romdata_board.o    romdata   0x00ce22    program   0x000000
        .romdata_Hashes.o    romdata   0x00ce22    program   0x000000
.romdata_interruptvector.o    romdata   0x00ce22    program   0x000000
           .romdata_FTP.o    romdata   0x00ce22    program   0x000000
      .romdata_ETH97J60.o    romdata   0x00ce22    program   0x000000
  .idata_linearkeypad.o_i    romdata   0x00ce22    program   0x000011
  .romdata_linearkeypad.o    romdata   0x00ce22    program   0x000000
        .romdata_DynDNS.o    romdata   0x00ce22    program   0x000000
.idata_interruptvector.o_i    romdata   0x00ce33    program   0x000000
      .idata_fxd1616u.o_i    romdata   0x00ce33    program   0x000000
      .idata_fxd3232u.o_i    romdata   0x00ce33    program   0x000000
         .idata_board.o_i    romdata   0x00ce33    program   0x000000
        .idata___init.o_i    romdata   0x00ce33    program   0x000000
           .idata_UDP.o_i    romdata   0x00ce33    program   0x000002
         .idata_c018i.o_i    romdata   0x00ce33    program   0x000000
.idata_UART2TCPBridge.o_i    romdata   0x00ce35    program   0x00000d
          .idata_UART.o_i    romdata   0x00ce42    program   0x000000
          .idata_Tick.o_i    romdata   0x00ce42    program   0x000004
         .idata_TFTPc.o_i    romdata   0x00ce46    program   0x000000
        .idata_Telnet.o_i    romdata   0x00ce46    program   0x000000
           .idata_TCP.o_i    romdata   0x00ce46    program   0x000002
.idata_TCPPerformanceTest.o_i    romdata   0x00ce46    program   0x000000
      .idata_StackTsk.o_i    romdata   0x00ce48    program   0x000001
      .idata_MainDemo.o_i    romdata   0x00ce49    program   0x000010
          .idata_NBNS.o_i    romdata   0x00ce49    program   0x000000
          .idata_SMTP.o_i    romdata   0x00ce49    program   0x000000
          .idata_SNMP.o_i    romdata   0x00ce49    program   0x000000
        .idata_SNMPv3.o_i    romdata   0x00ce49    program   0x000000
      .idata_SPIFlash.o_i    romdata   0x00ce49    program   0x000000
     .idata_SNMPv3USM.o_i    romdata   0x00ce49    program   0x000000
        .idata_SPIRAM.o_i    romdata   0x00ce49    program   0x000000
          .idata_SNTP.o_i    romdata   0x00ce49    program   0x000000
     .idata_SPIEEPROM.o_i    romdata   0x00ce49    program   0x000000
           .idata_SSL.o_i    romdata   0x00ce49    program   0x000000
         .idata_MPFS2.o_i    romdata   0x00ce59    program   0x000000
   .idata_LCDBlocking.o_i    romdata   0x00ce59    program   0x000000
            .idata_IP.o_i    romdata   0x00ce59    program   0x000002
       .idata_Helpers.o_i    romdata   0x00ce5b    program   0x000004
          .idata_ICMP.o_i    romdata   0x00ce5b    program   0x000000
         .idata_HTTP2.o_i    romdata   0x00ce5f    program   0x000000
.idata_BerkeleyTCPServerDemo.o_i    romdata   0x00ce5f    program   0x000009
        .idata_Hashes.o_i    romdata   0x00ce5f    program   0x000000
          .idata_DNSs.o_i    romdata   0x00ce5f    program   0x000000
           .idata_FTP.o_i    romdata   0x00ce5f    program   0x000000
      .idata_ETH97J60.o_i    romdata   0x00ce5f    program   0x000000
           .idata_DNS.o_i    romdata   0x00ce5f    program   0x000000
        .idata_DynDNS.o_i    romdata   0x00ce5f    program   0x000000
         .idata_DHCPs.o_i    romdata   0x00ce5f    program   0x000000
          .idata_DHCP.o_i    romdata   0x00ce5f    program   0x000000
         .idata_Delay.o_i    romdata   0x00ce5f    program   0x000000
   .idata_BerkeleyAPI.o_i    romdata   0x00ce68    program   0x000002
        .idata_AutoIP.o_i    romdata   0x00ce6a    program   0x000000
           .idata_ARP.o_i    romdata   0x00ce6a    program   0x000001
      .idata_Announce.o_i    romdata   0x00ce6a    program   0x000000
            .code_DHCPs.o       code   0x00ce6c    program   0x000000
             .code_DHCP.o       code   0x00ce6c    program   0x000000
            .code_Delay.o       code   0x00ce6c    program   0x000000
           .code_AutoIP.o       code   0x00ce6c    program   0x000000
              .code_DNS.o       code   0x00ce6c    program   0x000000
             .code_DNSs.o       code   0x00ce6c    program   0x000000
         .code_Announce.o       code   0x00ce6c    program   0x000000
        .code_SPIEEPROM.o       code   0x00ce6c    program   0x000000
            .code_c018i.o       code   0x00ce6c    program   0x000000
           .code_SNMPv3.o       code   0x00ce6c    program   0x000000
        .code_SNMPv3USM.o       code   0x00ce6c    program   0x000000
.code_TCPPerformanceTest.o       code   0x00ce6c    program   0x000000
             .code_SNMP.o       code   0x00ce6c    program   0x000000
           .code_Telnet.o       code   0x00ce6c    program   0x000000
              .code_SSL.o       code   0x00ce6c    program   0x000000
             .code_SNTP.o       code   0x00ce6c    program   0x000000
            .code_TFTPc.o       code   0x00ce6c    program   0x000000
             .code_SMTP.o       code   0x00ce6c    program   0x000000
           .code_SPIRAM.o       code   0x00ce6c    program   0x000000
             .code_NBNS.o       code   0x00ce6c    program   0x000000
            .code_timer.o       code   0x00ce6c    program   0x000000
            .code_MPFS2.o       code   0x00ce6c    program   0x000000
         .code_SPIFlash.o       code   0x00ce6c    program   0x000000
      .code_LCDBlocking.o       code   0x00ce6c    program   0x000000
            .code_HTTP2.o       code   0x00ce6c    program   0x000000
           .code_Hashes.o       code   0x00ce6c    program   0x000000
              .code_FTP.o       code   0x00ce6c    program   0x000000
  .code_interruptvector.o       code   0x00ce6c    program   0x000000
           .code_DynDNS.o       code   0x00ce6c    program   0x000000
 .config_1fff8_MainDemo.o    romdata   0x01fff8    program   0x000001
 .config_1fffa_MainDemo.o    romdata   0x01fffa    program   0x000001
 .config_1fffd_MainDemo.o    romdata   0x01fffd    program   0x000001
                MATH_DATA      udata   0x000000       data   0x000014
                 .tmpdata      udata   0x000014       data   0x00000e
             .idata_SSL.o      idata   0x000060       data   0x000000
             .udata_SSL.o      udata   0x000060       data   0x000000
          .idata_SPIRAM.o      idata   0x000060       data   0x000000
          .udata_SPIRAM.o      udata   0x000060       data   0x000000
        .idata_SPIFlash.o      idata   0x000060       data   0x000000
        .udata_SPIFlash.o      udata   0x000060       data   0x000000
       .idata_SPIEEPROM.o      idata   0x000060       data   0x000000
       .udata_SPIEEPROM.o      udata   0x000060       data   0x000000
            .idata_SNTP.o      idata   0x000060       data   0x000000
            .udata_SNTP.o      udata   0x000060       data   0x000000
       .idata_SNMPv3USM.o      idata   0x000060       data   0x000000
       .udata_SNMPv3USM.o      udata   0x000060       data   0x000000
          .idata_SNMPv3.o      idata   0x000060       data   0x000000
          .udata_SNMPv3.o      udata   0x000060       data   0x000000
            .idata_SNMP.o      idata   0x000060       data   0x000000
            .udata_SNMP.o      udata   0x000060       data   0x000000
            .idata_SMTP.o      idata   0x000060       data   0x000000
            .udata_SMTP.o      udata   0x000060       data   0x000000
            .idata_NBNS.o      idata   0x000060       data   0x000000
            .udata_NBNS.o      udata   0x000060       data   0x000000
          .idata___init.o      idata   0x000060       data   0x000000
          .udata___init.o      udata   0x000060       data   0x000000
        .idata_fxd3232u.o      idata   0x000060       data   0x000000
        .udata_fxd3232u.o      udata   0x000060       data   0x000000
        .idata_fxd1616u.o      idata   0x000060       data   0x000000
        .udata_fxd1616u.o      udata   0x000060       data   0x000000
.udata_BerkeleyTCPServerDemo.o      udata   0x000060       data   0x000000
    .udata_linearkeypad.o      udata   0x000060       data   0x000000
 .idata_interruptvector.o      idata   0x000060       data   0x000000
 .udata_interruptvector.o      udata   0x000060       data   0x000000
           .idata_board.o      idata   0x000060       data   0x000000
            .idata_UART.o      idata   0x000060       data   0x000000
            .udata_UART.o      udata   0x000060       data   0x000000
           .idata_timer.o      idata   0x000060       data   0x000000
           .udata_timer.o      udata   0x000060       data   0x000000
           .idata_TFTPc.o      idata   0x000060       data   0x000000
           .udata_TFTPc.o      udata   0x000060       data   0x000000
          .idata_Telnet.o      idata   0x000060       data   0x000000
          .udata_Telnet.o      udata   0x000060       data   0x000000
.idata_TCPPerformanceTest.o      idata   0x000060       data   0x000000
.udata_TCPPerformanceTest.o      udata   0x000060       data   0x000000
          .idata_DynDNS.o      idata   0x000060       data   0x000000
          .udata_DynDNS.o      udata   0x000060       data   0x000000
            .idata_DNSs.o      idata   0x000060       data   0x000000
            .udata_DNSs.o      udata   0x000060       data   0x000000
             .idata_DNS.o      idata   0x000060       data   0x000000
             .udata_DNS.o      udata   0x000060       data   0x000000
           .idata_DHCPs.o      idata   0x000060       data   0x000000
           .udata_DHCPs.o      udata   0x000060       data   0x000000
            .idata_DHCP.o      idata   0x000060       data   0x000000
            .udata_DHCP.o      udata   0x000060       data   0x000000
           .idata_Delay.o      idata   0x000060       data   0x000000
           .udata_Delay.o      udata   0x000060       data   0x000000
           .idata_c018i.o      idata   0x000060       data   0x000000
        .udata_Announce.o      udata   0x000060       data   0x000000
          .idata_AutoIP.o      idata   0x000060       data   0x000000
          .udata_AutoIP.o      udata   0x000060       data   0x000000
        .idata_Announce.o      idata   0x000060       data   0x000000
            .idata_ICMP.o      idata   0x000060       data   0x000000
            .udata_ICMP.o      udata   0x000060       data   0x000000
           .idata_HTTP2.o      idata   0x000060       data   0x000000
     .udata_LCDBlocking.o      udata   0x000060       data   0x000000
           .udata_HTTP2.o      udata   0x000060       data   0x000000
     .idata_LCDBlocking.o      idata   0x000060       data   0x000000
          .idata_Hashes.o      idata   0x000060       data   0x000000
          .udata_Hashes.o      udata   0x000060       data   0x000000
             .idata_FTP.o      idata   0x000060       data   0x000000
           .udata_MPFS2.o      udata   0x000060       data   0x000000
           .idata_MPFS2.o      idata   0x000060       data   0x000000
             .udata_FTP.o      udata   0x000060       data   0x000000
        .idata_ETH97J60.o      idata   0x000060       data   0x000000
                 TCB_uRAM      udata   0x000300       data   0x0000fc
         .udata_Helpers.o      udata   0x0003fc       data   0x000004
             .udata_UDP.o      udata   0x000400       data   0x0000c4
       SYN_QUEUE_RAM_SECT      udata   0x0004c4       data   0x00003c
             .udata_TCP.o      udata   0x000c00       data   0x000051
        .udata_MainDemo.o      udata   0x000c51       data   0x00003e
             .udata_ARP.o      udata   0x000c8f       data   0x000014
    .idata_linearkeypad.o      idata   0x000ca3       data   0x000011
        .idata_MainDemo.o      idata   0x000cb4       data   0x000010
        .udata_StackTsk.o      udata   0x000cc4       data   0x00000b
           .udata_c018i.o      udata   0x000ccf       data   0x00000a
.idata_BerkeleyTCPServerDemo.o      idata   0x000cd9       data   0x000009
            .udata_Tick.o      udata   0x000ce2       data   0x000006
     .udata_BerkeleyAPI.o      udata   0x000ce8       data   0x000004
            .idata_Tick.o      idata   0x000cec       data   0x000004
         .idata_Helpers.o      idata   0x000cf0       data   0x000004
             .idata_UDP.o      idata   0x000cf4       data   0x000002
             .idata_TCP.o      idata   0x000cf6       data   0x000002
              .idata_IP.o      idata   0x000cf8       data   0x000002
     .idata_BerkeleyAPI.o      idata   0x000cfa       data   0x000002
           .udata_board.o      udata   0x000cfc       data   0x000001
              .udata_IP.o      udata   0x000cfd       data   0x000001
        .idata_StackTsk.o      idata   0x000cfe       data   0x000001
             .idata_ARP.o      idata   0x000cff       data   0x000001
                   .stack      udata   0x000d00       data   0x000100
                 BSD_uRAM      udata   0x000e00       data   0x000078
        .udata_ETH97J60.o      udata   0x000e78       data   0x000007
              temp_tblptr      udata   0x000e7f       data   0x000001
              SFR_BANKED0      udata   0x000e80       data   0x000006
              SFR_BANKED1      udata   0x000e8a       data   0x000001
              SFR_BANKED2      udata   0x000e97       data   0x000003
              SFR_BANKED3      udata   0x000ea0       data   0x000001
              SFR_BANKED4      udata   0x000ea2       data   0x000003
              SFR_BANKED5      udata   0x000ea6       data   0x000002
              SFR_BANKED6      udata   0x000eaa       data   0x000002
              SFR_BANKED7      udata   0x000eb2       data   0x000001
              SFR_BANKED8      udata   0x000eb4       data   0x000001
              SFR_BANKED9      udata   0x000eb6       data   0x000004
             SFR_BANKED10      udata   0x000ec0       data   0x000012
             SFR_BANKED11      udata   0x000ed4       data   0x000002
             SFR_BANKED12      udata   0x000ed8       data   0x000002
             SFR_BANKED13      udata   0x000ee2       data   0x000016
             SFR_BANKED14      udata   0x000efb       data   0x000001
             SFR_BANKED15      udata   0x000efd       data   0x000002
  .udata_UART2TCPBridge.o      udata   0x000f00       data   0x000053
  .idata_UART2TCPBridge.o      idata   0x000f53       data   0x00000d
            SFR_UNBANKED0      udata   0x000f60       data   0x0000a0



                              Program Memory Usage 
                               Start         End      
                           ---------   ---------      
                            0x000000    0x00ce6a      
                            0x01fff8    0x01fff8      
                            0x01fffa    0x01fffa      
                            0x01fffd    0x01fffd      
            52846 out of 131072 program addresses used, program memory utilization is 40%



                              Symbols - Sorted by Name
                     Name    Address   Location    Storage File                     
                ---------  ---------  ---------  --------- ---------                
                  ARPInit   0x00ac2e    program     extern D:\jo\Ideonics\Repository\OR_SYSTEM_FIRMWARE_POLLING\TCPIP\source\ARP.c
            ARPIsResolved   0x00aef8    program     extern D:\jo\Ideonics\Repository\OR_SYSTEM_FIRMWARE_POLLING\TCPIP\source\ARP.c
               ARPProcess   0x00ac46    program     extern D:\jo\Ideonics\Repository\OR_SYSTEM_FIRMWARE_POLLING\TCPIP\source\ARP.c
                   ARPPut   0x00aad4    program     static D:\jo\Ideonics\Repository\OR_SYSTEM_FIRMWARE_POLLING\TCPIP\source\ARP.c
               ARPResolve   0x00ae1e    program     extern D:\jo\Ideonics\Repository\OR_SYSTEM_FIRMWARE_POLLING\TCPIP\source\ARP.c
               ARPSendPkt   0x00aa28    program     extern D:\jo\Ideonics\Repository\OR_SYSTEM_FIRMWARE_POLLING\TCPIP\source\ARP.c
                 BRD_init   0x00ce0e    program     extern D:\jo\Ideonics\Repository\OR_SYSTEM_FIRMWARE_POLLING\application\board.c
       BerkeleySocketInit   0x005bd6    program     extern D:\jo\Ideonics\Repository\OR_SYSTEM_FIRMWARE_POLLING\TCPIP\source\BerkeleyAPI.c
    BerkeleyTCPServerDemo   0x00ba0e    program     extern D:\jo\Ideonics\Repository\OR_SYSTEM_FIRMWARE_POLLING\TCPIP\BerkeleyTCPServerDemo.c
                BusyUSART   0x00c660    program     extern D:\jo\Ideonics\Repository\OR_SYSTEM_FIRMWARE_POLLING\TCPIP\source\UART.c
     CalcIPBufferChecksum   0x00a39e    program     extern D:\jo\Ideonics\Repository\OR_SYSTEM_FIRMWARE_POLLING\TCPIP\source\ETH97J60.c
           CalcIPChecksum   0x0097f2    program     extern D:\jo\Ideonics\Repository\OR_SYSTEM_FIRMWARE_POLLING\TCPIP\source\Helpers.c
              CloseSocket   0x003f38    program     static D:\jo\Ideonics\Repository\OR_SYSTEM_FIRMWARE_POLLING\TCPIP\source\TCP.c
               CloseUSART   0x00c66e    program     extern D:\jo\Ideonics\Repository\OR_SYSTEM_FIRMWARE_POLLING\TCPIP\source\UART.c
             DataRdyUSART   0x00c67a    program     extern D:\jo\Ideonics\Repository\OR_SYSTEM_FIRMWARE_POLLING\TCPIP\source\UART.c
         EnableInterrupts   0x000012    program     extern D:\jo\Ideonics\Repository\OR_SYSTEM_FIRMWARE_POLLING\application\interruptvector.c
                 FXD1616U   0x00cd80    program     extern E:\c18v3.46\pic18-lt\cxx-framework\src\traditional\math\fxd1616u.c
                 FXD3232U   0x00ccc6    program     extern E:\c18v3.46\pic18-lt\cxx-framework\src\traditional\math\fxd3232u.c
                 FXM1616U   0x00cd0e    program     extern E:\c18v3.46\pic18-lt\cxx-framework\src\traditional\math\fxm1616u.asm
       FindMatchingSocket   0x008974    program     static D:\jo\Ideonics\Repository\OR_SYSTEM_FIRMWARE_POLLING\TCPIP\source\UDP.c
       FindMatchingSocket   0x0036ea    program     static D:\jo\Ideonics\Repository\OR_SYSTEM_FIRMWARE_POLLING\TCPIP\source\TCP.c
        FormatNetBIOSName   0x0099f4    program     extern D:\jo\Ideonics\Repository\OR_SYSTEM_FIRMWARE_POLLING\TCPIP\source\Helpers.c
      GenerateRandomDWORD   0x008cac    program     extern D:\jo\Ideonics\Repository\OR_SYSTEM_FIRMWARE_POLLING\TCPIP\source\Helpers.c
      GetMaxSegSizeOption   0x003fc2    program     static D:\jo\Ideonics\Repository\OR_SYSTEM_FIRMWARE_POLLING\TCPIP\source\TCP.c
              GetTickCopy   0x00c96a    program     static D:\jo\Ideonics\Repository\OR_SYSTEM_FIRMWARE_POLLING\TCPIP\source\Tick.c
HandlePossibleTCPDisconnection   0x007722    program     extern D:\jo\Ideonics\Repository\OR_SYSTEM_FIRMWARE_POLLING\TCPIP\source\BerkeleyAPI.c
             HandleTCPSeg   0x004132    program     static D:\jo\Ideonics\Repository\OR_SYSTEM_FIRMWARE_POLLING\TCPIP\source\TCP.c
              ICMPProcess   0x00cae2    program     extern D:\jo\Ideonics\Repository\OR_SYSTEM_FIRMWARE_POLLING\TCPIP\source\ICMP.c
         IO2TCPBridgeTask   0x00b0ae    program     extern D:\jo\Ideonics\Repository\OR_SYSTEM_FIRMWARE_POLLING\TCPIP\source\UART2TCPBridge.c
              IPGetHeader   0x00b614    program     extern D:\jo\Ideonics\Repository\OR_SYSTEM_FIRMWARE_POLLING\TCPIP\source\IP.c
              IPPutHeader   0x00b788    program     extern D:\jo\Ideonics\Repository\OR_SYSTEM_FIRMWARE_POLLING\TCPIP\source\IP.c
            IPSetRxBuffer   0x00b8ec    program     extern D:\jo\Ideonics\Repository\OR_SYSTEM_FIRMWARE_POLLING\TCPIP\source\IP.c
            InitAppConfig   0x00c28a    program     static D:\jo\Ideonics\Repository\OR_SYSTEM_FIRMWARE_POLLING\TCPIP\MainDemo.c
          InitializeBoard   0x00c24c    program     static D:\jo\Ideonics\Repository\OR_SYSTEM_FIRMWARE_POLLING\TCPIP\MainDemo.c
                 LFSRRand   0x008c18    program     extern D:\jo\Ideonics\Repository\OR_SYSTEM_FIRMWARE_POLLING\TCPIP\source\Helpers.c
             LFSRSeedRand   0x008b60    program     extern D:\jo\Ideonics\Repository\OR_SYSTEM_FIRMWARE_POLLING\TCPIP\source\Helpers.c
 LinearKeyPad_getKeyState   0x00be7e    program     extern D:\jo\Ideonics\Repository\OR_SYSTEM_FIRMWARE_POLLING\application\linearkeypad.c
        LinearKeyPad_init   0x00bdac    program     extern D:\jo\Ideonics\Repository\OR_SYSTEM_FIRMWARE_POLLING\application\linearkeypad.c
       LinearKeyPad_reset   0x00bea6    program     extern D:\jo\Ideonics\Repository\OR_SYSTEM_FIRMWARE_POLLING\application\linearkeypad.c
        LinearKeyPad_scan   0x00be34    program     extern D:\jo\Ideonics\Repository\OR_SYSTEM_FIRMWARE_POLLING\application\linearkeypad.c
LinearKeyPad_scan_from_to   0x00bddc    program     extern D:\jo\Ideonics\Repository\OR_SYSTEM_FIRMWARE_POLLING\application\linearkeypad.c
   LinearKeyPad_updateKey   0x00bdb0    program     extern D:\jo\Ideonics\Repository\OR_SYSTEM_FIRMWARE_POLLING\application\linearkeypad.c
        MACCalcRxChecksum   0x00a2dc    program     extern D:\jo\Ideonics\Repository\OR_SYSTEM_FIRMWARE_POLLING\TCPIP\source\ETH97J60.c
             MACDiscardRx   0x009dfe    program     extern D:\jo\Ideonics\Repository\OR_SYSTEM_FIRMWARE_POLLING\TCPIP\source\ETH97J60.c
                 MACFlush   0x00a19a    program     extern D:\jo\Ideonics\Repository\OR_SYSTEM_FIRMWARE_POLLING\TCPIP\source\ETH97J60.c
                   MACGet   0x00a820    program     extern D:\jo\Ideonics\Repository\OR_SYSTEM_FIRMWARE_POLLING\TCPIP\source\ETH97J60.c
              MACGetArray   0x00a826    program     extern D:\jo\Ideonics\Repository\OR_SYSTEM_FIRMWARE_POLLING\TCPIP\source\ETH97J60.c
         MACGetFreeRxSize   0x009e8e    program     extern D:\jo\Ideonics\Repository\OR_SYSTEM_FIRMWARE_POLLING\TCPIP\source\ETH97J60.c
             MACGetHeader   0x009f86    program     extern D:\jo\Ideonics\Repository\OR_SYSTEM_FIRMWARE_POLLING\TCPIP\source\ETH97J60.c
                  MACInit   0x009c98    program     extern D:\jo\Ideonics\Repository\OR_SYSTEM_FIRMWARE_POLLING\TCPIP\source\ETH97J60.c
              MACIsLinked   0x009da4    program     extern D:\jo\Ideonics\Repository\OR_SYSTEM_FIRMWARE_POLLING\TCPIP\source\ETH97J60.c
         MACIsMemCopyDone   0x00a812    program     extern D:\jo\Ideonics\Repository\OR_SYSTEM_FIRMWARE_POLLING\TCPIP\source\ETH97J60.c
             MACIsTxReady   0x009dc4    program     extern D:\jo\Ideonics\Repository\OR_SYSTEM_FIRMWARE_POLLING\TCPIP\source\ETH97J60.c
          MACMemCopyAsync   0x00a5a2    program     extern D:\jo\Ideonics\Repository\OR_SYSTEM_FIRMWARE_POLLING\TCPIP\source\ETH97J60.c
             MACPowerDown   0x00aa08    program     extern D:\jo\Ideonics\Repository\OR_SYSTEM_FIRMWARE_POLLING\TCPIP\source\ETH97J60.c
               MACPowerUp   0x00aa1a    program     extern D:\jo\Ideonics\Repository\OR_SYSTEM_FIRMWARE_POLLING\TCPIP\source\ETH97J60.c
                   MACPut   0x00a8c6    program     extern D:\jo\Ideonics\Repository\OR_SYSTEM_FIRMWARE_POLLING\TCPIP\source\ETH97J60.c
              MACPutArray   0x00a8e0    program     extern D:\jo\Ideonics\Repository\OR_SYSTEM_FIRMWARE_POLLING\TCPIP\source\ETH97J60.c
             MACPutHeader   0x00a112    program     extern D:\jo\Ideonics\Repository\OR_SYSTEM_FIRMWARE_POLLING\TCPIP\source\ETH97J60.c
           MACPutROMArray   0x00a924    program     extern D:\jo\Ideonics\Repository\OR_SYSTEM_FIRMWARE_POLLING\TCPIP\source\ETH97J60.c
            MACSetReadPtr   0x00a296    program     extern D:\jo\Ideonics\Repository\OR_SYSTEM_FIRMWARE_POLLING\TCPIP\source\ETH97J60.c
        MACSetReadPtrInRx   0x00a1d0    program     extern D:\jo\Ideonics\Repository\OR_SYSTEM_FIRMWARE_POLLING\TCPIP\source\ETH97J60.c
           MACSetWritePtr   0x00a250    program     extern D:\jo\Ideonics\Repository\OR_SYSTEM_FIRMWARE_POLLING\TCPIP\source\ETH97J60.c
     ROMStringToIPAddress   0x009130    program     extern D:\jo\Ideonics\Repository\OR_SYSTEM_FIRMWARE_POLLING\TCPIP\source\Helpers.c
               ReadPHYReg   0x00a96a    program     extern D:\jo\Ideonics\Repository\OR_SYSTEM_FIRMWARE_POLLING\TCPIP\source\ETH97J60.c
           ReadStringUART   0x00c5e0    program     extern D:\jo\Ideonics\Repository\OR_SYSTEM_FIRMWARE_POLLING\TCPIP\source\UART.c
                ReadUSART   0x00c68e    program     extern D:\jo\Ideonics\Repository\OR_SYSTEM_FIRMWARE_POLLING\TCPIP\source\UART.c
                  SendTCP   0x002f3a    program     static D:\jo\Ideonics\Repository\OR_SYSTEM_FIRMWARE_POLLING\TCPIP\source\TCP.c
     SerializedMACAddress   0x00ce1c    program     static D:\jo\Ideonics\Repository\OR_SYSTEM_FIRMWARE_POLLING\TCPIP\MainDemo.c
        StackApplications   0x00c5dc    program     extern D:\jo\Ideonics\Repository\OR_SYSTEM_FIRMWARE_POLLING\TCPIP\source\StackTsk.c
                StackInit   0x00c3a6    program     extern D:\jo\Ideonics\Repository\OR_SYSTEM_FIRMWARE_POLLING\TCPIP\source\StackTsk.c
                StackTask   0x00c3fa    program     extern D:\jo\Ideonics\Repository\OR_SYSTEM_FIRMWARE_POLLING\TCPIP\source\StackTsk.c
        StringToIPAddress   0x008ed4    program     extern D:\jo\Ideonics\Repository\OR_SYSTEM_FIRMWARE_POLLING\TCPIP\source\Helpers.c
            SwapARPPacket   0x00afbe    program     extern D:\jo\Ideonics\Repository\OR_SYSTEM_FIRMWARE_POLLING\TCPIP\source\ARP.c
             SwapIPHeader   0x00b926    program     static D:\jo\Ideonics\Repository\OR_SYSTEM_FIRMWARE_POLLING\TCPIP\source\IP.c
            SwapTCPHeader   0x003d08    program     static D:\jo\Ideonics\Repository\OR_SYSTEM_FIRMWARE_POLLING\TCPIP\source\TCP.c
                  SyncTCB   0x00014a    program     static D:\jo\Ideonics\Repository\OR_SYSTEM_FIRMWARE_POLLING\TCPIP\source\TCP.c
              SyncTCBStub   0x0000ac    program     static D:\jo\Ideonics\Repository\OR_SYSTEM_FIRMWARE_POLLING\TCPIP\source\TCP.c
        TCPAdjustFIFOSize   0x0055be    program     extern D:\jo\Ideonics\Repository\OR_SYSTEM_FIRMWARE_POLLING\TCPIP\source\TCP.c
                 TCPClose   0x00073c    program     extern D:\jo\Ideonics\Repository\OR_SYSTEM_FIRMWARE_POLLING\TCPIP\source\TCP.c
               TCPDiscard   0x00109e    program     extern D:\jo\Ideonics\Repository\OR_SYSTEM_FIRMWARE_POLLING\TCPIP\source\TCP.c
            TCPDisconnect   0x00065c    program     extern D:\jo\Ideonics\Repository\OR_SYSTEM_FIRMWARE_POLLING\TCPIP\source\TCP.c
           TCPFindArrayEx   0x0017cc    program     extern D:\jo\Ideonics\Repository\OR_SYSTEM_FIRMWARE_POLLING\TCPIP\source\TCP.c
                TCPFindEx   0x002434    program     extern D:\jo\Ideonics\Repository\OR_SYSTEM_FIRMWARE_POLLING\TCPIP\source\TCP.c
        TCPFindROMArrayEx   0x001dfa    program     extern D:\jo\Ideonics\Repository\OR_SYSTEM_FIRMWARE_POLLING\TCPIP\source\TCP.c
                 TCPFlush   0x0007e8    program     extern D:\jo\Ideonics\Repository\OR_SYSTEM_FIRMWARE_POLLING\TCPIP\source\TCP.c
                   TCPGet   0x001178    program     extern D:\jo\Ideonics\Repository\OR_SYSTEM_FIRMWARE_POLLING\TCPIP\source\TCP.c
              TCPGetArray   0x001268    program     extern D:\jo\Ideonics\Repository\OR_SYSTEM_FIRMWARE_POLLING\TCPIP\source\TCP.c
         TCPGetRemoteInfo   0x000778    program     extern D:\jo\Ideonics\Repository\OR_SYSTEM_FIRMWARE_POLLING\TCPIP\source\TCP.c
         TCPGetRxFIFOFree   0x0014b4    program     extern D:\jo\Ideonics\Repository\OR_SYSTEM_FIRMWARE_POLLING\TCPIP\source\TCP.c
         TCPGetTxFIFOFull   0x001004    program     extern D:\jo\Ideonics\Repository\OR_SYSTEM_FIRMWARE_POLLING\TCPIP\source\TCP.c
                  TCPInit   0x000202    program     extern D:\jo\Ideonics\Repository\OR_SYSTEM_FIRMWARE_POLLING\TCPIP\source\TCP.c
           TCPIsConnected   0x00061c    program     extern D:\jo\Ideonics\Repository\OR_SYSTEM_FIRMWARE_POLLING\TCPIP\source\TCP.c
            TCPIsGetReady   0x0010ea    program     extern D:\jo\Ideonics\Repository\OR_SYSTEM_FIRMWARE_POLLING\TCPIP\source\TCP.c
            TCPIsPutReady   0x000836    program     extern D:\jo\Ideonics\Repository\OR_SYSTEM_FIRMWARE_POLLING\TCPIP\source\TCP.c
                  TCPOpen   0x00040e    program     extern D:\jo\Ideonics\Repository\OR_SYSTEM_FIRMWARE_POLLING\TCPIP\source\TCP.c
                  TCPPeek   0x00178a    program     extern D:\jo\Ideonics\Repository\OR_SYSTEM_FIRMWARE_POLLING\TCPIP\source\TCP.c
             TCPPeekArray   0x001546    program     extern D:\jo\Ideonics\Repository\OR_SYSTEM_FIRMWARE_POLLING\TCPIP\source\TCP.c
               TCPProcess   0x002d2c    program     extern D:\jo\Ideonics\Repository\OR_SYSTEM_FIRMWARE_POLLING\TCPIP\source\TCP.c
                   TCPPut   0x0008e0    program     extern D:\jo\Ideonics\Repository\OR_SYSTEM_FIRMWARE_POLLING\TCPIP\source\TCP.c
              TCPPutArray   0x000a34    program     extern D:\jo\Ideonics\Repository\OR_SYSTEM_FIRMWARE_POLLING\TCPIP\source\TCP.c
           TCPPutROMArray   0x000c92    program     extern D:\jo\Ideonics\Repository\OR_SYSTEM_FIRMWARE_POLLING\TCPIP\source\TCP.c
          TCPPutROMString   0x000f6e    program     extern D:\jo\Ideonics\Repository\OR_SYSTEM_FIRMWARE_POLLING\TCPIP\source\TCP.c
             TCPPutString   0x000ee8    program     extern D:\jo\Ideonics\Repository\OR_SYSTEM_FIRMWARE_POLLING\TCPIP\source\TCP.c
               TCPRAMCopy   0x0058fe    program     static D:\jo\Ideonics\Repository\OR_SYSTEM_FIRMWARE_POLLING\TCPIP\source\TCP.c
            TCPRAMCopyROM   0x005a48    program     static D:\jo\Ideonics\Repository\OR_SYSTEM_FIRMWARE_POLLING\TCPIP\source\TCP.c
     TCPSocketInitializer   0x00cd4a    program     extern D:\jo\Ideonics\Repository\OR_SYSTEM_FIRMWARE_POLLING\TCPIP\Configs\TCPIP ETH97.h
                  TCPTick   0x002488    program     extern D:\jo\Ideonics\Repository\OR_SYSTEM_FIRMWARE_POLLING\TCPIP\source\TCP.c
              TCPWasReset   0x0005dc    program     extern D:\jo\Ideonics\Repository\OR_SYSTEM_FIRMWARE_POLLING\TCPIP\source\TCP.c
TickConvertToMilliseconds   0x00ca7a    program     extern D:\jo\Ideonics\Repository\OR_SYSTEM_FIRMWARE_POLLING\TCPIP\source\Tick.c
                  TickGet   0x00c990    program     extern D:\jo\Ideonics\Repository\OR_SYSTEM_FIRMWARE_POLLING\TCPIP\source\Tick.c
            TickGetDiv256   0x00c9de    program     extern D:\jo\Ideonics\Repository\OR_SYSTEM_FIRMWARE_POLLING\TCPIP\source\Tick.c
            TickGetDiv64K   0x00ca2c    program     extern D:\jo\Ideonics\Repository\OR_SYSTEM_FIRMWARE_POLLING\TCPIP\source\Tick.c
                 TickInit   0x00c95a    program     extern D:\jo\Ideonics\Repository\OR_SYSTEM_FIRMWARE_POLLING\TCPIP\source\Tick.c
               TickUpdate   0x00cabe    program     extern D:\jo\Ideonics\Repository\OR_SYSTEM_FIRMWARE_POLLING\TCPIP\source\Tick.c
        UART2TCPBridgeISR   0x00b576    program     extern D:\jo\Ideonics\Repository\OR_SYSTEM_FIRMWARE_POLLING\TCPIP\source\UART2TCPBridge.c
       UART2TCPBridgeInit   0x00b096    program     extern D:\jo\Ideonics\Repository\OR_SYSTEM_FIRMWARE_POLLING\TCPIP\source\UART2TCPBridge.c
       UART2TCPBridgeTask   0x00b156    program     extern D:\jo\Ideonics\Repository\OR_SYSTEM_FIRMWARE_POLLING\TCPIP\source\UART2TCPBridge.c
                 UDPClose   0x007e1a    program     extern D:\jo\Ideonics\Repository\OR_SYSTEM_FIRMWARE_POLLING\TCPIP\source\UDP.c
               UDPDiscard   0x00872a    program     extern D:\jo\Ideonics\Repository\OR_SYSTEM_FIRMWARE_POLLING\TCPIP\source\UDP.c
                 UDPFlush   0x008314    program     extern D:\jo\Ideonics\Repository\OR_SYSTEM_FIRMWARE_POLLING\TCPIP\source\UDP.c
                   UDPGet   0x008600    program     extern D:\jo\Ideonics\Repository\OR_SYSTEM_FIRMWARE_POLLING\TCPIP\source\UDP.c
              UDPGetArray   0x00864c    program     extern D:\jo\Ideonics\Repository\OR_SYSTEM_FIRMWARE_POLLING\TCPIP\source\UDP.c
                  UDPInit   0x00789c    program     extern D:\jo\Ideonics\Repository\OR_SYSTEM_FIRMWARE_POLLING\TCPIP\source\UDP.c
            UDPIsGetReady   0x0085b0    program     extern D:\jo\Ideonics\Repository\OR_SYSTEM_FIRMWARE_POLLING\TCPIP\source\UDP.c
              UDPIsOpened   0x007dde    program     extern D:\jo\Ideonics\Repository\OR_SYSTEM_FIRMWARE_POLLING\TCPIP\source\UDP.c
            UDPIsPutReady   0x007f50    program     extern D:\jo\Ideonics\Repository\OR_SYSTEM_FIRMWARE_POLLING\TCPIP\source\UDP.c
                UDPOpenEx   0x0078c8    program     extern D:\jo\Ideonics\Repository\OR_SYSTEM_FIRMWARE_POLLING\TCPIP\source\UDP.c
               UDPProcess   0x008744    program     extern D:\jo\Ideonics\Repository\OR_SYSTEM_FIRMWARE_POLLING\TCPIP\source\UDP.c
                   UDPPut   0x007fd0    program     extern D:\jo\Ideonics\Repository\OR_SYSTEM_FIRMWARE_POLLING\TCPIP\source\UDP.c
              UDPPutArray   0x00802c    program     extern D:\jo\Ideonics\Repository\OR_SYSTEM_FIRMWARE_POLLING\TCPIP\source\UDP.c
           UDPPutROMArray   0x008118    program     extern D:\jo\Ideonics\Repository\OR_SYSTEM_FIRMWARE_POLLING\TCPIP\source\UDP.c
          UDPPutROMString   0x008284    program     extern D:\jo\Ideonics\Repository\OR_SYSTEM_FIRMWARE_POLLING\TCPIP\source\UDP.c
             UDPPutString   0x008204    program     extern D:\jo\Ideonics\Repository\OR_SYSTEM_FIRMWARE_POLLING\TCPIP\source\UDP.c
           UDPSetRxBuffer   0x007f0c    program     extern D:\jo\Ideonics\Repository\OR_SYSTEM_FIRMWARE_POLLING\TCPIP\source\UDP.c
           UDPSetTxBuffer   0x007e9e    program     extern D:\jo\Ideonics\Repository\OR_SYSTEM_FIRMWARE_POLLING\TCPIP\source\UDP.c
                  UDPTask   0x007b36    program     extern D:\jo\Ideonics\Repository\OR_SYSTEM_FIRMWARE_POLLING\TCPIP\source\UDP.c
              WritePHYReg   0x00a9c4    program     extern D:\jo\Ideonics\Repository\OR_SYSTEM_FIRMWARE_POLLING\TCPIP\source\ETH97J60.c
               WriteUSART   0x00c69c    program     extern D:\jo\Ideonics\Repository\OR_SYSTEM_FIRMWARE_POLLING\TCPIP\source\UART.c
              _2jContinue   0x00c85a    program     static E:\c18v3.46\pic18-lt\cxx-framework\src\traditional\stdclib\memset.asm
                   _2jEnd   0x00c8be    program     static E:\c18v3.46\pic18-lt\cxx-framework\src\traditional\stdclib\slenpgm.asm
              _3jContinue   0x00c826    program     static E:\c18v3.46\pic18-lt\cxx-framework\src\traditional\stdclib\mcpyp2r.asm
                   _3jEnd   0x00c864    program     static E:\c18v3.46\pic18-lt\cxx-framework\src\traditional\stdclib\memset.asm
              _4jContinue   0x00c908    program     static E:\c18v3.46\pic18-lt\cxx-framework\src\traditional\stdclib\strncpy.asm
              _4jContinue   0x00c7d2    program     static E:\c18v3.46\pic18-lt\cxx-framework\src\traditional\stdclib\memcpy.asm
                   _4jEnd   0x00c830    program     static E:\c18v3.46\pic18-lt\cxx-framework\src\traditional\stdclib\mcpyp2r.asm
                   _5jEnd   0x00c7dc    program     static E:\c18v3.46\pic18-lt\cxx-framework\src\traditional\stdclib\memcpy.asm
                   _5jEnd   0x00c912    program     static E:\c18v3.46\pic18-lt\cxx-framework\src\traditional\stdclib\strncpy.asm
           ___do_lbl00002   0x00c988    program     static                          
           ___do_lbl00003   0x00c98c    program     static                          
           ___do_lbl00004   0x00c96a    program     static                          
          ___for_lbl00101   0x0099b0    program     static                          
          ___for_lbl00102   0x0099b6    program     static                          
          ___for_lbl00103   0x009992    program     static                          
          ___for_lbl00104   0x0099ca    program     static                          
          ___for_lbl00105   0x0099ce    program     static                          
          ___for_lbl00106   0x0099b6    program     static                          
           ___if_lbl00001   0x000010    program     static                          
           ___if_lbl00014   0x008dc0    program     static                          
           ___if_lbl00015   0x008dde    program     static                          
           ___if_lbl00016   0x008e70    program     static                          
           ___if_lbl00017   0x008e76    program     static                          
           ___if_lbl00020   0x009f9c    program     static                          
           ___if_lbl00021   0x009fac    program     static                          
           ___if_lbl00027   0x00a07a    program     static                          
           ___if_lbl00030   0x00a0f2    program     static                          
       ___return_lbl00000   0x009d9a    program     static                          
       ___return_lbl00000   0x00cdaa    program     static                          
       ___return_lbl00000   0x00cd0c    program     static                          
       ___return_lbl00000   0x000004    program     static                          
       ___return_lbl00000   0x000010    program     static                          
       ___return_lbl00001   0x00cdf2    program     static                          
       ___return_lbl00001   0x00c98e    program     static                          
       ___return_lbl00002   0x00ccc4    program     static                          
       ___return_lbl00009   0x008ec0    program     static                          
       ___return_lbl00019   0x00a0fa    program     static                          
       ___return_lbl00079   0x00a8d8    program     static                          
       ___return_lbl00080   0x00a91c    program     static                          
       ___return_lbl00083   0x00a962    program     static                          
       ___return_lbl00086   0x00a9b0    program     static                          
       ___return_lbl00089   0x00a9fe    program     static                          
       ___return_lbl00100   0x0099e0    program     static                          
        ___while_lbl00001   0x009caa    program     static                          
        ___while_lbl00002   0x009cb0    program     static                          
        ___while_lbl00010   0x008d1a    program     static                          
        ___while_lbl00011   0x008e78    program     static                          
        ___while_lbl00012   0x008d22    program     static                          
        ___while_lbl00013   0x008d26    program     static                          
        ___while_lbl00081   0x00a8e8    program     static                          
        ___while_lbl00082   0x00a91c    program     static                          
        ___while_lbl00084   0x00a92c    program     static                          
        ___while_lbl00085   0x00a962    program     static                          
        ___while_lbl00087   0x00a986    program     static                          
        ___while_lbl00088   0x00a98c    program     static                          
        ___while_lbl00090   0x00a9f8    program     static                          
        ___while_lbl00091   0x00a9fe    program     static                          
               __config_0   0x01fff8    program     static D:\jo\Ideonics\Repository\OR_SYSTEM_FIRMWARE_POLLING\TCPIP\MainDemo.c
               __config_1   0x01fffa    program     static D:\jo\Ideonics\Repository\OR_SYSTEM_FIRMWARE_POLLING\TCPIP\MainDemo.c
               __config_2   0x01fffd    program     static D:\jo\Ideonics\Repository\OR_SYSTEM_FIRMWARE_POLLING\TCPIP\MainDemo.c
                   __init   0x000006    program     extern E:\c18v3.46\pic18-lt\cxx-framework\src\traditional\stdclib\__init.c
               __string_0   0x00cdfb    program     static D:\jo\Ideonics\Repository\OR_SYSTEM_FIRMWARE_POLLING\TCPIP\MainDemo.c
               __string_1   0x00cdf8    program     static D:\jo\Ideonics\Repository\OR_SYSTEM_FIRMWARE_POLLING\TCPIP\MainDemo.c
               __string_2   0x00cdf4    program     static D:\jo\Ideonics\Repository\OR_SYSTEM_FIRMWARE_POLLING\TCPIP\MainDemo.c
               __tmplbl_0   0x008d84    program     static                          
              __tmplbl_10   0x00a016    program     static                          
              __tmplbl_11   0x00a014    program     static                          
              __tmplbl_12   0x00a0e0    program     static                          
              __tmplbl_13   0x00a0d2    program     static                          
             __tmplbl_137   0x0055aa    program     static                          
             __tmplbl_139   0x0055aa    program     static                          
              __tmplbl_14   0x00a0d8    program     static                          
             __tmplbl_141   0x0055aa    program     static                          
             __tmplbl_143   0x0055aa    program     static                          
             __tmplbl_145   0x0055aa    program     static                          
             __tmplbl_148   0x0055aa    program     static                          
             __tmplbl_156   0x0055aa    program     static                          
             __tmplbl_157   0x0055aa    program     static                          
             __tmplbl_159   0x0055aa    program     static                          
             __tmplbl_161   0x0055aa    program     static                          
             __tmplbl_162   0x0055aa    program     static                          
             __tmplbl_172   0x0055aa    program     static                          
             __tmplbl_173   0x0055aa    program     static                          
             __tmplbl_174   0x0055aa    program     static                          
             __tmplbl_176   0x0055aa    program     static                          
             __tmplbl_177   0x0055aa    program     static                          
             __tmplbl_178   0x0055aa    program     static                          
             __tmplbl_179   0x0055aa    program     static                          
               __tmplbl_5   0x00a078    program     static                          
               __tmplbl_6   0x00a064    program     static                          
               __tmplbl_7   0x00a04e    program     static                          
               __tmplbl_8   0x00a03a    program     static                          
               __tmplbl_9   0x00a024    program     static                          
            __zero_memory   0x00cdac    program     extern E:\c18v3.46\pic18-lt\cxx-framework\src\traditional\proc\p18f67j60.asm
                _do_cinit   0x00cc28    program     extern E:\c18v3.46\pic18-lt\cxx-framework\src\traditional\startup\c018i.c
                   _entry   0x000000    program     extern E:\c18v3.46\pic18-lt\cxx-framework\src\traditional\startup\c018i.c
                   _false   0x00cd08    program     static                          
                 _startup   0x00cdd8    program     extern E:\c18v3.46\pic18-lt\cxx-framework\src\traditional\startup\c018i.c
                   accept   0x00629e    program     extern D:\jo\Ideonics\Repository\OR_SYSTEM_FIRMWARE_POLLING\TCPIP\source\BerkeleyAPI.c
                     bind   0x005df6    program     extern D:\jo\Ideonics\Repository\OR_SYSTEM_FIRMWARE_POLLING\TCPIP\source\BerkeleyAPI.c
             btohexa_high   0x00958e    program     extern D:\jo\Ideonics\Repository\OR_SYSTEM_FIRMWARE_POLLING\TCPIP\source\Helpers.c
              btohexa_low   0x0095c4    program     extern D:\jo\Ideonics\Repository\OR_SYSTEM_FIRMWARE_POLLING\TCPIP\source\Helpers.c
              closesocket   0x007406    program     extern D:\jo\Ideonics\Repository\OR_SYSTEM_FIRMWARE_POLLING\TCPIP\source\BerkeleyAPI.c
                compare_l   0x00cdce    program     static E:\c18v3.46\pic18-lt\cxx-framework\src\traditional\proc\p18f67j60.asm
                  connect   0x006618    program     extern D:\jo\Ideonics\Repository\OR_SYSTEM_FIRMWARE_POLLING\TCPIP\source\BerkeleyAPI.c
                copy_loop   0x00cc9a    program     static                          
            copy_one_byte   0x00cca0    program     static                          
                     done   0x00ccc4    program     static                          
             done_copying   0x00ccae    program     static                          
                  endloop   0x00cda6    program     static                          
              gethostname   0x0072fc    program     extern D:\jo\Ideonics\Repository\OR_SYSTEM_FIRMWARE_POLLING\TCPIP\source\BerkeleyAPI.c
                getsUSART   0x00c6ba    program     extern D:\jo\Ideonics\Repository\OR_SYSTEM_FIRMWARE_POLLING\TCPIP\source\UART.c
                  hexatob   0x0094d2    program     extern D:\jo\Ideonics\Repository\OR_SYSTEM_FIRMWARE_POLLING\TCPIP\source\Helpers.c
           high_interrupt   0x000008    program     extern D:\jo\Ideonics\Repository\OR_SYSTEM_FIRMWARE_POLLING\application\interruptvector.c
                     jEnd   0x00c7e2    program     static E:\c18v3.46\pic18-lt\cxx-framework\src\traditional\stdclib\memcpy.asm
                     jEnd   0x00c838    program     static E:\c18v3.46\pic18-lt\cxx-framework\src\traditional\stdclib\mcpyp2r.asm
                     jEnd   0x00c86c    program     static E:\c18v3.46\pic18-lt\cxx-framework\src\traditional\stdclib\memset.asm
                     jEnd   0x00c888    program     static E:\c18v3.46\pic18-lt\cxx-framework\src\traditional\stdclib\strlen.asm
                     jEnd   0x00c8c0    program     static E:\c18v3.46\pic18-lt\cxx-framework\src\traditional\stdclib\slenpgm.asm
                     jEnd   0x00c91e    program     static E:\c18v3.46\pic18-lt\cxx-framework\src\traditional\stdclib\strncpy.asm
                     jEnd   0x00c958    program     static E:\c18v3.46\pic18-lt\cxx-framework\src\traditional\stdclib\strupr.asm
                    jLoop   0x00c944    program     static E:\c18v3.46\pic18-lt\cxx-framework\src\traditional\stdclib\strupr.asm
                    jLoop   0x00c8fc    program     static E:\c18v3.46\pic18-lt\cxx-framework\src\traditional\stdclib\strncpy.asm
                    jLoop   0x00c8a8    program     static E:\c18v3.46\pic18-lt\cxx-framework\src\traditional\stdclib\slenpgm.asm
                    jLoop   0x00c87e    program     static E:\c18v3.46\pic18-lt\cxx-framework\src\traditional\stdclib\strlen.asm
                    jLoop   0x00c84e    program     static E:\c18v3.46\pic18-lt\cxx-framework\src\traditional\stdclib\memset.asm
                    jLoop   0x00c81a    program     static E:\c18v3.46\pic18-lt\cxx-framework\src\traditional\stdclib\mcpyp2r.asm
                    jLoop   0x00c7c6    program     static E:\c18v3.46\pic18-lt\cxx-framework\src\traditional\stdclib\memcpy.asm
                    jSkip   0x00c954    program     static E:\c18v3.46\pic18-lt\cxx-framework\src\traditional\stdclib\strupr.asm
          leftRotateDWORD   0x009968    program     extern D:\jo\Ideonics\Repository\OR_SYSTEM_FIRMWARE_POLLING\TCPIP\source\Helpers.c
                   listen   0x005f9a    program     extern D:\jo\Ideonics\Repository\OR_SYSTEM_FIRMWARE_POLLING\TCPIP\source\BerkeleyAPI.c
                     loop   0x00cde8    program     static                          
                     loop   0x00cd8a    program     static                          
                     loop   0x00ccd4    program     static                          
                   loop_h   0x00cdc6    program     static E:\c18v3.46\pic18-lt\cxx-framework\src\traditional\proc\p18f67j60.asm
                   loop_l   0x00cdd0    program     static E:\c18v3.46\pic18-lt\cxx-framework\src\traditional\proc\p18f67j60.asm
                     main   0x00c0d2    program     extern D:\jo\Ideonics\Repository\OR_SYSTEM_FIRMWARE_POLLING\TCPIP\MainDemo.c
                   memcpy   0x00c79e    program     extern E:\c18v3.46\pic18-lt\cxx-framework\src\traditional\stdclib\memcpy.asm
            memcpypgm2ram   0x00c7f4    program     extern E:\c18v3.46\pic18-lt\cxx-framework\src\traditional\stdclib\mcpyp2r.asm
                   memset   0x00c83a    program     extern E:\c18v3.46\pic18-lt\cxx-framework\src\traditional\stdclib\memset.asm
               putrsUSART   0x00c758    program     extern D:\jo\Ideonics\Repository\OR_SYSTEM_FIRMWARE_POLLING\TCPIP\source\UART.c
                putsUSART   0x00c716    program     extern D:\jo\Ideonics\Repository\OR_SYSTEM_FIRMWARE_POLLING\TCPIP\source\UART.c
           readKeyPadPort   0x00bef0    program     static D:\jo\Ideonics\Repository\OR_SYSTEM_FIRMWARE_POLLING\application\linearkeypad.c
                     recv   0x006eac    program     extern D:\jo\Ideonics\Repository\OR_SYSTEM_FIRMWARE_POLLING\TCPIP\source\BerkeleyAPI.c
                 recvfrom   0x007002    program     extern D:\jo\Ideonics\Repository\OR_SYSTEM_FIRMWARE_POLLING\TCPIP\source\BerkeleyAPI.c
                     send   0x0069c4    program     extern D:\jo\Ideonics\Repository\OR_SYSTEM_FIRMWARE_POLLING\TCPIP\source\BerkeleyAPI.c
                   sendto   0x006a14    program     extern D:\jo\Ideonics\Repository\OR_SYSTEM_FIRMWARE_POLLING\TCPIP\source\BerkeleyAPI.c
                   socket   0x005c70    program     extern D:\jo\Ideonics\Repository\OR_SYSTEM_FIRMWARE_POLLING\TCPIP\source\BerkeleyAPI.c
           stricmppgm2ram   0x0095f8    program     extern D:\jo\Ideonics\Repository\OR_SYSTEM_FIRMWARE_POLLING\TCPIP\source\Helpers.c
                   strlen   0x00c86e    program     extern E:\c18v3.46\pic18-lt\cxx-framework\src\traditional\stdclib\strlen.asm
                strlenpgm   0x00c88a    program     extern E:\c18v3.46\pic18-lt\cxx-framework\src\traditional\stdclib\slenpgm.asm
                  strnchr   0x009a86    program     extern D:\jo\Ideonics\Repository\OR_SYSTEM_FIRMWARE_POLLING\TCPIP\source\Helpers.c
                  strncpy   0x00c8d4    program     extern E:\c18v3.46\pic18-lt\cxx-framework\src\traditional\stdclib\strncpy.asm
                strncpy_m   0x009afe    program     extern D:\jo\Ideonics\Repository\OR_SYSTEM_FIRMWARE_POLLING\TCPIP\source\Helpers.c
                   strupr   0x00c930    program     extern E:\c18v3.46\pic18-lt\cxx-framework\src\traditional\stdclib\strupr.asm
                    swapl   0x00974c    program     extern D:\jo\Ideonics\Repository\OR_SYSTEM_FIRMWARE_POLLING\TCPIP\source\Helpers.c
                    swaps   0x0096f8    program     extern D:\jo\Ideonics\Repository\OR_SYSTEM_FIRMWARE_POLLING\TCPIP\source\Helpers.c
                     test   0x00cc42    program     static                          
                    uitoa   0x009386    program     extern D:\jo\Ideonics\Repository\OR_SYSTEM_FIRMWARE_POLLING\TCPIP\source\Helpers.c
                updateKey   0x00bf88    program     static D:\jo\Ideonics\Repository\OR_SYSTEM_FIRMWARE_POLLING\application\linearkeypad.c
               zero_block   0x00cdc6    program     static E:\c18v3.46\pic18-lt\cxx-framework\src\traditional\proc\p18f67j60.asm
                   ADCON0   0x000fc2       data     extern E:\c18v3.46\pic18-lt\cxx-framework\src\traditional\proc\p18f67j60.asm
               ADCON0bits   0x000fc2       data     extern E:\c18v3.46\pic18-lt\cxx-framework\src\traditional\proc\p18f67j60.asm
                   ADCON1   0x000fc1       data     extern E:\c18v3.46\pic18-lt\cxx-framework\src\traditional\proc\p18f67j60.asm
               ADCON1bits   0x000fc1       data     extern E:\c18v3.46\pic18-lt\cxx-framework\src\traditional\proc\p18f67j60.asm
                   ADCON2   0x000fc0       data     extern E:\c18v3.46\pic18-lt\cxx-framework\src\traditional\proc\p18f67j60.asm
               ADCON2bits   0x000fc0       data     extern E:\c18v3.46\pic18-lt\cxx-framework\src\traditional\proc\p18f67j60.asm
                    ADRES   0x000fc3       data     extern E:\c18v3.46\pic18-lt\cxx-framework\src\traditional\proc\p18f67j60.asm
                   ADRESH   0x000fc4       data     extern E:\c18v3.46\pic18-lt\cxx-framework\src\traditional\proc\p18f67j60.asm
                   ADRESL   0x000fc3       data     extern E:\c18v3.46\pic18-lt\cxx-framework\src\traditional\proc\p18f67j60.asm
                AN0String   0x000c86       data     extern D:\jo\Ideonics\Repository\OR_SYSTEM_FIRMWARE_POLLING\TCPIP\MainDemo.c
                AppConfig   0x000c51       data     extern D:\jo\Ideonics\Repository\OR_SYSTEM_FIRMWARE_POLLING\TCPIP\MainDemo.c
                  BAUDCON   0x000f7e       data     extern E:\c18v3.46\pic18-lt\cxx-framework\src\traditional\proc\p18f67j60.asm
                 BAUDCON1   0x000f7e       data     extern E:\c18v3.46\pic18-lt\cxx-framework\src\traditional\proc\p18f67j60.asm
             BAUDCON1bits   0x000f7e       data     extern E:\c18v3.46\pic18-lt\cxx-framework\src\traditional\proc\p18f67j60.asm
              BAUDCONbits   0x000f7e       data     extern E:\c18v3.46\pic18-lt\cxx-framework\src\traditional\proc\p18f67j60.asm
                  BAUDCTL   0x000f7e       data     extern E:\c18v3.46\pic18-lt\cxx-framework\src\traditional\proc\p18f67j60.asm
                 BAUDCTL1   0x000f7e       data     extern E:\c18v3.46\pic18-lt\cxx-framework\src\traditional\proc\p18f67j60.asm
             BAUDCTL1bits   0x000f7e       data     extern E:\c18v3.46\pic18-lt\cxx-framework\src\traditional\proc\p18f67j60.asm
              BAUDCTLbits   0x000f7e       data     extern E:\c18v3.46\pic18-lt\cxx-framework\src\traditional\proc\p18f67j60.asm
                BSDServer   0x000cd9       data     extern D:\jo\Ideonics\Repository\OR_SYSTEM_FIRMWARE_POLLING\TCPIP\BerkeleyTCPServerDemo.c
           BSDSocketArray   0x000e00       data     extern D:\jo\Ideonics\Repository\OR_SYSTEM_FIRMWARE_POLLING\TCPIP\source\BerkeleyAPI.c
                      BSR   0x000fe0       data     extern E:\c18v3.46\pic18-lt\cxx-framework\src\traditional\proc\p18f67j60.asm
              BridgeState   0x000f5c       data     static D:\jo\Ideonics\Repository\OR_SYSTEM_FIRMWARE_POLLING\TCPIP\source\UART2TCPBridge.c
              BridgeState   0x000f5e       data     static D:\jo\Ideonics\Repository\OR_SYSTEM_FIRMWARE_POLLING\TCPIP\source\UART2TCPBridge.c
                  CCP1CON   0x000fbd       data     extern E:\c18v3.46\pic18-lt\cxx-framework\src\traditional\proc\p18f67j60.asm
              CCP1CONbits   0x000fbd       data     extern E:\c18v3.46\pic18-lt\cxx-framework\src\traditional\proc\p18f67j60.asm
                  CCP2CON   0x000fba       data     extern E:\c18v3.46\pic18-lt\cxx-framework\src\traditional\proc\p18f67j60.asm
              CCP2CONbits   0x000fba       data     extern E:\c18v3.46\pic18-lt\cxx-framework\src\traditional\proc\p18f67j60.asm
                  CCP3CON   0x000fb7       data     extern E:\c18v3.46\pic18-lt\cxx-framework\src\traditional\proc\p18f67j60.asm
              CCP3CONbits   0x000fb7       data     extern E:\c18v3.46\pic18-lt\cxx-framework\src\traditional\proc\p18f67j60.asm
                  CCP4CON   0x000f73       data     extern E:\c18v3.46\pic18-lt\cxx-framework\src\traditional\proc\p18f67j60.asm
              CCP4CONbits   0x000f73       data     extern E:\c18v3.46\pic18-lt\cxx-framework\src\traditional\proc\p18f67j60.asm
                  CCP5CON   0x000f70       data     extern E:\c18v3.46\pic18-lt\cxx-framework\src\traditional\proc\p18f67j60.asm
              CCP5CONbits   0x000f70       data     extern E:\c18v3.46\pic18-lt\cxx-framework\src\traditional\proc\p18f67j60.asm
                    CCPR1   0x000fbe       data     extern E:\c18v3.46\pic18-lt\cxx-framework\src\traditional\proc\p18f67j60.asm
                   CCPR1H   0x000fbf       data     extern E:\c18v3.46\pic18-lt\cxx-framework\src\traditional\proc\p18f67j60.asm
                   CCPR1L   0x000fbe       data     extern E:\c18v3.46\pic18-lt\cxx-framework\src\traditional\proc\p18f67j60.asm
                    CCPR2   0x000fbb       data     extern E:\c18v3.46\pic18-lt\cxx-framework\src\traditional\proc\p18f67j60.asm
                   CCPR2H   0x000fbc       data     extern E:\c18v3.46\pic18-lt\cxx-framework\src\traditional\proc\p18f67j60.asm
                   CCPR2L   0x000fbb       data     extern E:\c18v3.46\pic18-lt\cxx-framework\src\traditional\proc\p18f67j60.asm
                    CCPR3   0x000fb8       data     extern E:\c18v3.46\pic18-lt\cxx-framework\src\traditional\proc\p18f67j60.asm
                   CCPR3H   0x000fb9       data     extern E:\c18v3.46\pic18-lt\cxx-framework\src\traditional\proc\p18f67j60.asm
                   CCPR3L   0x000fb8       data     extern E:\c18v3.46\pic18-lt\cxx-framework\src\traditional\proc\p18f67j60.asm
                    CCPR4   0x000f74       data     extern E:\c18v3.46\pic18-lt\cxx-framework\src\traditional\proc\p18f67j60.asm
                   CCPR4H   0x000f75       data     extern E:\c18v3.46\pic18-lt\cxx-framework\src\traditional\proc\p18f67j60.asm
                   CCPR4L   0x000f74       data     extern E:\c18v3.46\pic18-lt\cxx-framework\src\traditional\proc\p18f67j60.asm
                    CCPR5   0x000f71       data     extern E:\c18v3.46\pic18-lt\cxx-framework\src\traditional\proc\p18f67j60.asm
                   CCPR5H   0x000f72       data     extern E:\c18v3.46\pic18-lt\cxx-framework\src\traditional\proc\p18f67j60.asm
                   CCPR5L   0x000f71       data     extern E:\c18v3.46\pic18-lt\cxx-framework\src\traditional\proc\p18f67j60.asm
                    CMCON   0x000fb4       data     extern E:\c18v3.46\pic18-lt\cxx-framework\src\traditional\proc\p18f67j60.asm
                CMCONbits   0x000fb4       data     extern E:\c18v3.46\pic18-lt\cxx-framework\src\traditional\proc\p18f67j60.asm
                   CVRCON   0x000fb5       data     extern E:\c18v3.46\pic18-lt\cxx-framework\src\traditional\proc\p18f67j60.asm
               CVRCONbits   0x000fb5       data     extern E:\c18v3.46\pic18-lt\cxx-framework\src\traditional\proc\p18f67j60.asm
                    Cache   0x000c8f       data     static D:\jo\Ideonics\Repository\OR_SYSTEM_FIRMWARE_POLLING\TCPIP\source\ARP.c
    CurrentPacketLocation   0x000e7a       data     static D:\jo\Ideonics\Repository\OR_SYSTEM_FIRMWARE_POLLING\TCPIP\source\ETH97J60.c
                     DDRA   0x000f92       data     extern E:\c18v3.46\pic18-lt\cxx-framework\src\traditional\proc\p18f67j60.asm
                 DDRAbits   0x000f92       data     extern E:\c18v3.46\pic18-lt\cxx-framework\src\traditional\proc\p18f67j60.asm
                     DDRB   0x000f93       data     extern E:\c18v3.46\pic18-lt\cxx-framework\src\traditional\proc\p18f67j60.asm
                 DDRBbits   0x000f93       data     extern E:\c18v3.46\pic18-lt\cxx-framework\src\traditional\proc\p18f67j60.asm
                     DDRC   0x000f94       data     extern E:\c18v3.46\pic18-lt\cxx-framework\src\traditional\proc\p18f67j60.asm
                 DDRCbits   0x000f94       data     extern E:\c18v3.46\pic18-lt\cxx-framework\src\traditional\proc\p18f67j60.asm
                     DDRD   0x000f95       data     extern E:\c18v3.46\pic18-lt\cxx-framework\src\traditional\proc\p18f67j60.asm
                 DDRDbits   0x000f95       data     extern E:\c18v3.46\pic18-lt\cxx-framework\src\traditional\proc\p18f67j60.asm
                     DDRE   0x000f96       data     extern E:\c18v3.46\pic18-lt\cxx-framework\src\traditional\proc\p18f67j60.asm
                 DDREbits   0x000f96       data     extern E:\c18v3.46\pic18-lt\cxx-framework\src\traditional\proc\p18f67j60.asm
                     DDRF   0x000f97       data     extern E:\c18v3.46\pic18-lt\cxx-framework\src\traditional\proc\p18f67j60.asm
                 DDRFbits   0x000f97       data     extern E:\c18v3.46\pic18-lt\cxx-framework\src\traditional\proc\p18f67j60.asm
                     DDRG   0x000f98       data     extern E:\c18v3.46\pic18-lt\cxx-framework\src\traditional\proc\p18f67j60.asm
                 DDRGbits   0x000f98       data     extern E:\c18v3.46\pic18-lt\cxx-framework\src\traditional\proc\p18f67j60.asm
                  ECCP1AS   0x000fb6       data     extern E:\c18v3.46\pic18-lt\cxx-framework\src\traditional\proc\p18f67j60.asm
              ECCP1ASbits   0x000fb6       data     extern E:\c18v3.46\pic18-lt\cxx-framework\src\traditional\proc\p18f67j60.asm
                 ECCP1CON   0x000fbd       data     extern E:\c18v3.46\pic18-lt\cxx-framework\src\traditional\proc\p18f67j60.asm
             ECCP1CONbits   0x000fbd       data     extern E:\c18v3.46\pic18-lt\cxx-framework\src\traditional\proc\p18f67j60.asm
                 ECCP1DEL   0x000f79       data     extern E:\c18v3.46\pic18-lt\cxx-framework\src\traditional\proc\p18f67j60.asm
             ECCP1DELbits   0x000f79       data     extern E:\c18v3.46\pic18-lt\cxx-framework\src\traditional\proc\p18f67j60.asm
                  ECCP2AS   0x000f68       data     extern E:\c18v3.46\pic18-lt\cxx-framework\src\traditional\proc\p18f67j60.asm
              ECCP2ASbits   0x000f68       data     extern E:\c18v3.46\pic18-lt\cxx-framework\src\traditional\proc\p18f67j60.asm
                 ECCP2CON   0x000fba       data     extern E:\c18v3.46\pic18-lt\cxx-framework\src\traditional\proc\p18f67j60.asm
             ECCP2CONbits   0x000fba       data     extern E:\c18v3.46\pic18-lt\cxx-framework\src\traditional\proc\p18f67j60.asm
                 ECCP2DEL   0x000f67       data     extern E:\c18v3.46\pic18-lt\cxx-framework\src\traditional\proc\p18f67j60.asm
             ECCP2DELbits   0x000f67       data     extern E:\c18v3.46\pic18-lt\cxx-framework\src\traditional\proc\p18f67j60.asm
                  ECCP3AS   0x000f6a       data     extern E:\c18v3.46\pic18-lt\cxx-framework\src\traditional\proc\p18f67j60.asm
              ECCP3ASbits   0x000f6a       data     extern E:\c18v3.46\pic18-lt\cxx-framework\src\traditional\proc\p18f67j60.asm
                 ECCP3CON   0x000fb7       data     extern E:\c18v3.46\pic18-lt\cxx-framework\src\traditional\proc\p18f67j60.asm
             ECCP3CONbits   0x000fb7       data     extern E:\c18v3.46\pic18-lt\cxx-framework\src\traditional\proc\p18f67j60.asm
                 ECCP3DEL   0x000f69       data     extern E:\c18v3.46\pic18-lt\cxx-framework\src\traditional\proc\p18f67j60.asm
             ECCP3DELbits   0x000f69       data     extern E:\c18v3.46\pic18-lt\cxx-framework\src\traditional\proc\p18f67j60.asm
                    ECON1   0x000fd2       data     extern E:\c18v3.46\pic18-lt\cxx-framework\src\traditional\proc\p18f67j60.asm
                ECON1bits   0x000fd2       data     extern E:\c18v3.46\pic18-lt\cxx-framework\src\traditional\proc\p18f67j60.asm
                    ECON2   0x000efe       data     extern E:\c18v3.46\pic18-lt\cxx-framework\src\traditional\proc\p18f67j60.asm
                ECON2bits   0x000efe       data     extern E:\c18v3.46\pic18-lt\cxx-framework\src\traditional\proc\p18f67j60.asm
                    EDATA   0x000f61       data     extern E:\c18v3.46\pic18-lt\cxx-framework\src\traditional\proc\p18f67j60.asm
                EDATAbits   0x000f61       data     extern E:\c18v3.46\pic18-lt\cxx-framework\src\traditional\proc\p18f67j60.asm
                   EDMACS   0x000ef6       data     extern E:\c18v3.46\pic18-lt\cxx-framework\src\traditional\proc\p18f67j60.asm
                  EDMACSH   0x000ef7       data     extern E:\c18v3.46\pic18-lt\cxx-framework\src\traditional\proc\p18f67j60.asm
                  EDMACSL   0x000ef6       data     extern E:\c18v3.46\pic18-lt\cxx-framework\src\traditional\proc\p18f67j60.asm
                  EDMADST   0x000ef4       data     extern E:\c18v3.46\pic18-lt\cxx-framework\src\traditional\proc\p18f67j60.asm
                 EDMADSTH   0x000ef5       data     extern E:\c18v3.46\pic18-lt\cxx-framework\src\traditional\proc\p18f67j60.asm
                 EDMADSTL   0x000ef4       data     extern E:\c18v3.46\pic18-lt\cxx-framework\src\traditional\proc\p18f67j60.asm
                   EDMAND   0x000ef2       data     extern E:\c18v3.46\pic18-lt\cxx-framework\src\traditional\proc\p18f67j60.asm
                  EDMANDH   0x000ef3       data     extern E:\c18v3.46\pic18-lt\cxx-framework\src\traditional\proc\p18f67j60.asm
                  EDMANDL   0x000ef2       data     extern E:\c18v3.46\pic18-lt\cxx-framework\src\traditional\proc\p18f67j60.asm
                   EDMAST   0x000ef0       data     extern E:\c18v3.46\pic18-lt\cxx-framework\src\traditional\proc\p18f67j60.asm
                  EDMASTH   0x000ef1       data     extern E:\c18v3.46\pic18-lt\cxx-framework\src\traditional\proc\p18f67j60.asm
                  EDMASTL   0x000ef0       data     extern E:\c18v3.46\pic18-lt\cxx-framework\src\traditional\proc\p18f67j60.asm
                   EECON1   0x000fa6       data     extern E:\c18v3.46\pic18-lt\cxx-framework\src\traditional\proc\p18f67j60.asm
               EECON1bits   0x000fa6       data     extern E:\c18v3.46\pic18-lt\cxx-framework\src\traditional\proc\p18f67j60.asm
                   EECON2   0x000fa7       data     extern E:\c18v3.46\pic18-lt\cxx-framework\src\traditional\proc\p18f67j60.asm
                  EFLOCON   0x000e97       data     extern E:\c18v3.46\pic18-lt\cxx-framework\src\traditional\proc\p18f67j60.asm
              EFLOCONbits   0x000e97       data     extern E:\c18v3.46\pic18-lt\cxx-framework\src\traditional\proc\p18f67j60.asm
                     EHT0   0x000ec0       data     extern E:\c18v3.46\pic18-lt\cxx-framework\src\traditional\proc\p18f67j60.asm
                     EHT1   0x000ec1       data     extern E:\c18v3.46\pic18-lt\cxx-framework\src\traditional\proc\p18f67j60.asm
                     EHT2   0x000ec2       data     extern E:\c18v3.46\pic18-lt\cxx-framework\src\traditional\proc\p18f67j60.asm
                     EHT3   0x000ec3       data     extern E:\c18v3.46\pic18-lt\cxx-framework\src\traditional\proc\p18f67j60.asm
                     EHT4   0x000ec4       data     extern E:\c18v3.46\pic18-lt\cxx-framework\src\traditional\proc\p18f67j60.asm
                     EHT5   0x000ec5       data     extern E:\c18v3.46\pic18-lt\cxx-framework\src\traditional\proc\p18f67j60.asm
                     EHT6   0x000ec6       data     extern E:\c18v3.46\pic18-lt\cxx-framework\src\traditional\proc\p18f67j60.asm
                     EHT7   0x000ec7       data     extern E:\c18v3.46\pic18-lt\cxx-framework\src\traditional\proc\p18f67j60.asm
                      EIE   0x000efb       data     extern E:\c18v3.46\pic18-lt\cxx-framework\src\traditional\proc\p18f67j60.asm
                  EIEbits   0x000efb       data     extern E:\c18v3.46\pic18-lt\cxx-framework\src\traditional\proc\p18f67j60.asm
                      EIR   0x000f60       data     extern E:\c18v3.46\pic18-lt\cxx-framework\src\traditional\proc\p18f67j60.asm
                  EIRbits   0x000f60       data     extern E:\c18v3.46\pic18-lt\cxx-framework\src\traditional\proc\p18f67j60.asm
                    EPAUS   0x000e98       data     extern E:\c18v3.46\pic18-lt\cxx-framework\src\traditional\proc\p18f67j60.asm
                   EPAUSH   0x000e99       data     extern E:\c18v3.46\pic18-lt\cxx-framework\src\traditional\proc\p18f67j60.asm
                   EPAUSL   0x000e98       data     extern E:\c18v3.46\pic18-lt\cxx-framework\src\traditional\proc\p18f67j60.asm
                  EPKTCNT   0x000ed9       data     extern E:\c18v3.46\pic18-lt\cxx-framework\src\traditional\proc\p18f67j60.asm
                    EPMCS   0x000ed0       data     extern E:\c18v3.46\pic18-lt\cxx-framework\src\traditional\proc\p18f67j60.asm
                   EPMCSH   0x000ed1       data     extern E:\c18v3.46\pic18-lt\cxx-framework\src\traditional\proc\p18f67j60.asm
                   EPMCSL   0x000ed0       data     extern E:\c18v3.46\pic18-lt\cxx-framework\src\traditional\proc\p18f67j60.asm
                    EPMM0   0x000ec8       data     extern E:\c18v3.46\pic18-lt\cxx-framework\src\traditional\proc\p18f67j60.asm
                    EPMM1   0x000ec9       data     extern E:\c18v3.46\pic18-lt\cxx-framework\src\traditional\proc\p18f67j60.asm
                    EPMM2   0x000eca       data     extern E:\c18v3.46\pic18-lt\cxx-framework\src\traditional\proc\p18f67j60.asm
                    EPMM3   0x000ecb       data     extern E:\c18v3.46\pic18-lt\cxx-framework\src\traditional\proc\p18f67j60.asm
                    EPMM4   0x000ecc       data     extern E:\c18v3.46\pic18-lt\cxx-framework\src\traditional\proc\p18f67j60.asm
                    EPMM5   0x000ecd       data     extern E:\c18v3.46\pic18-lt\cxx-framework\src\traditional\proc\p18f67j60.asm
                    EPMM6   0x000ece       data     extern E:\c18v3.46\pic18-lt\cxx-framework\src\traditional\proc\p18f67j60.asm
                    EPMM7   0x000ecf       data     extern E:\c18v3.46\pic18-lt\cxx-framework\src\traditional\proc\p18f67j60.asm
                     EPMO   0x000ed4       data     extern E:\c18v3.46\pic18-lt\cxx-framework\src\traditional\proc\p18f67j60.asm
                    EPMOH   0x000ed5       data     extern E:\c18v3.46\pic18-lt\cxx-framework\src\traditional\proc\p18f67j60.asm
                    EPMOL   0x000ed4       data     extern E:\c18v3.46\pic18-lt\cxx-framework\src\traditional\proc\p18f67j60.asm
                    ERDPT   0x000f7a       data     extern E:\c18v3.46\pic18-lt\cxx-framework\src\traditional\proc\p18f67j60.asm
                   ERDPTH   0x000f7b       data     extern E:\c18v3.46\pic18-lt\cxx-framework\src\traditional\proc\p18f67j60.asm
                   ERDPTL   0x000f7a       data     extern E:\c18v3.46\pic18-lt\cxx-framework\src\traditional\proc\p18f67j60.asm
                  ERXFCON   0x000ed8       data     extern E:\c18v3.46\pic18-lt\cxx-framework\src\traditional\proc\p18f67j60.asm
              ERXFCONbits   0x000ed8       data     extern E:\c18v3.46\pic18-lt\cxx-framework\src\traditional\proc\p18f67j60.asm
                    ERXND   0x000eea       data     extern E:\c18v3.46\pic18-lt\cxx-framework\src\traditional\proc\p18f67j60.asm
                   ERXNDH   0x000eeb       data     extern E:\c18v3.46\pic18-lt\cxx-framework\src\traditional\proc\p18f67j60.asm
                   ERXNDL   0x000eea       data     extern E:\c18v3.46\pic18-lt\cxx-framework\src\traditional\proc\p18f67j60.asm
                  ERXRDPT   0x000eec       data     extern E:\c18v3.46\pic18-lt\cxx-framework\src\traditional\proc\p18f67j60.asm
                 ERXRDPTH   0x000eed       data     extern E:\c18v3.46\pic18-lt\cxx-framework\src\traditional\proc\p18f67j60.asm
                 ERXRDPTL   0x000eec       data     extern E:\c18v3.46\pic18-lt\cxx-framework\src\traditional\proc\p18f67j60.asm
                    ERXST   0x000ee8       data     extern E:\c18v3.46\pic18-lt\cxx-framework\src\traditional\proc\p18f67j60.asm
                   ERXSTH   0x000ee9       data     extern E:\c18v3.46\pic18-lt\cxx-framework\src\traditional\proc\p18f67j60.asm
                   ERXSTL   0x000ee8       data     extern E:\c18v3.46\pic18-lt\cxx-framework\src\traditional\proc\p18f67j60.asm
                  ERXWRPT   0x000eee       data     extern E:\c18v3.46\pic18-lt\cxx-framework\src\traditional\proc\p18f67j60.asm
                 ERXWRPTH   0x000eef       data     extern E:\c18v3.46\pic18-lt\cxx-framework\src\traditional\proc\p18f67j60.asm
                 ERXWRPTL   0x000eee       data     extern E:\c18v3.46\pic18-lt\cxx-framework\src\traditional\proc\p18f67j60.asm
                    ESTAT   0x000efd       data     extern E:\c18v3.46\pic18-lt\cxx-framework\src\traditional\proc\p18f67j60.asm
                ESTATbits   0x000efd       data     extern E:\c18v3.46\pic18-lt\cxx-framework\src\traditional\proc\p18f67j60.asm
                    ETXND   0x000ee6       data     extern E:\c18v3.46\pic18-lt\cxx-framework\src\traditional\proc\p18f67j60.asm
                   ETXNDH   0x000ee7       data     extern E:\c18v3.46\pic18-lt\cxx-framework\src\traditional\proc\p18f67j60.asm
                   ETXNDL   0x000ee6       data     extern E:\c18v3.46\pic18-lt\cxx-framework\src\traditional\proc\p18f67j60.asm
                    ETXST   0x000ee4       data     extern E:\c18v3.46\pic18-lt\cxx-framework\src\traditional\proc\p18f67j60.asm
                   ETXSTH   0x000ee5       data     extern E:\c18v3.46\pic18-lt\cxx-framework\src\traditional\proc\p18f67j60.asm
                   ETXSTL   0x000ee4       data     extern E:\c18v3.46\pic18-lt\cxx-framework\src\traditional\proc\p18f67j60.asm
                    EWRPT   0x000ee2       data     extern E:\c18v3.46\pic18-lt\cxx-framework\src\traditional\proc\p18f67j60.asm
                   EWRPTH   0x000ee3       data     extern E:\c18v3.46\pic18-lt\cxx-framework\src\traditional\proc\p18f67j60.asm
                   EWRPTL   0x000ee2       data     extern E:\c18v3.46\pic18-lt\cxx-framework\src\traditional\proc\p18f67j60.asm
                     FSR0   0x000fe9       data     extern E:\c18v3.46\pic18-lt\cxx-framework\src\traditional\proc\p18f67j60.asm
                    FSR0H   0x000fea       data     extern E:\c18v3.46\pic18-lt\cxx-framework\src\traditional\proc\p18f67j60.asm
                    FSR0L   0x000fe9       data     extern E:\c18v3.46\pic18-lt\cxx-framework\src\traditional\proc\p18f67j60.asm
                     FSR1   0x000fe1       data     extern E:\c18v3.46\pic18-lt\cxx-framework\src\traditional\proc\p18f67j60.asm
                    FSR1H   0x000fe2       data     extern E:\c18v3.46\pic18-lt\cxx-framework\src\traditional\proc\p18f67j60.asm
                    FSR1L   0x000fe1       data     extern E:\c18v3.46\pic18-lt\cxx-framework\src\traditional\proc\p18f67j60.asm
                     FSR2   0x000fd9       data     extern E:\c18v3.46\pic18-lt\cxx-framework\src\traditional\proc\p18f67j60.asm
                    FSR2H   0x000fda       data     extern E:\c18v3.46\pic18-lt\cxx-framework\src\traditional\proc\p18f67j60.asm
                    FSR2L   0x000fd9       data     extern E:\c18v3.46\pic18-lt\cxx-framework\src\traditional\proc\p18f67j60.asm
                    Flags   0x0004c1       data     static D:\jo\Ideonics\Repository\OR_SYSTEM_FIRMWARE_POLLING\TCPIP\source\UDP.c
                    INDF0   0x000fef       data     extern E:\c18v3.46\pic18-lt\cxx-framework\src\traditional\proc\p18f67j60.asm
                    INDF1   0x000fe7       data     extern E:\c18v3.46\pic18-lt\cxx-framework\src\traditional\proc\p18f67j60.asm
                    INDF2   0x000fdf       data     extern E:\c18v3.46\pic18-lt\cxx-framework\src\traditional\proc\p18f67j60.asm
                   INTCON   0x000ff2       data     extern E:\c18v3.46\pic18-lt\cxx-framework\src\traditional\proc\p18f67j60.asm
                  INTCON2   0x000ff1       data     extern E:\c18v3.46\pic18-lt\cxx-framework\src\traditional\proc\p18f67j60.asm
              INTCON2bits   0x000ff1       data     extern E:\c18v3.46\pic18-lt\cxx-framework\src\traditional\proc\p18f67j60.asm
                  INTCON3   0x000ff0       data     extern E:\c18v3.46\pic18-lt\cxx-framework\src\traditional\proc\p18f67j60.asm
[...]
                 PIR2bits   0x000fa1       data     extern E:\c18v3.46\pic18-lt\cxx-framework\src\traditional\proc\p18f67j60.asm
                     PIR2   0x000fa1       data     extern E:\c18v3.46\pic18-lt\cxx-framework\src\traditional\proc\p18f67j60.asm
                 IPR2bits   0x000fa2       data     extern E:\c18v3.46\pic18-lt\cxx-framework\src\traditional\proc\p18f67j60.asm
                     IPR2   0x000fa2       data     extern E:\c18v3.46\pic18-lt\cxx-framework\src\traditional\proc\p18f67j60.asm
                     PIE3   0x000fa3       data     extern E:\c18v3.46\pic18-lt\cxx-framework\src\traditional\proc\p18f67j60.asm
                 PIE3bits   0x000fa3       data     extern E:\c18v3.46\pic18-lt\cxx-framework\src\traditional\proc\p18f67j60.asm
                 PIR3bits   0x000fa4       data     extern E:\c18v3.46\pic18-lt\cxx-framework\src\traditional\proc\p18f67j60.asm
                     PIR3   0x000fa4       data     extern E:\c18v3.46\pic18-lt\cxx-framework\src\traditional\proc\p18f67j60.asm
                     IPR3   0x000fa5       data     extern E:\c18v3.46\pic18-lt\cxx-framework\src\traditional\proc\p18f67j60.asm
                 IPR3bits   0x000fa5       data     extern E:\c18v3.46\pic18-lt\cxx-framework\src\traditional\proc\p18f67j60.asm
                   EECON1   0x000fa6       data     extern E:\c18v3.46\pic18-lt\cxx-framework\src\traditional\proc\p18f67j60.asm
               EECON1bits   0x000fa6       data     extern E:\c18v3.46\pic18-lt\cxx-framework\src\traditional\proc\p18f67j60.asm
                   EECON2   0x000fa7       data     extern E:\c18v3.46\pic18-lt\cxx-framework\src\traditional\proc\p18f67j60.asm
                    RCSTA   0x000fab       data     extern E:\c18v3.46\pic18-lt\cxx-framework\src\traditional\proc\p18f67j60.asm
                RCSTAbits   0x000fab       data     extern E:\c18v3.46\pic18-lt\cxx-framework\src\traditional\proc\p18f67j60.asm
                   RCSTA1   0x000fab       data     extern E:\c18v3.46\pic18-lt\cxx-framework\src\traditional\proc\p18f67j60.asm
               RCSTA1bits   0x000fab       data     extern E:\c18v3.46\pic18-lt\cxx-framework\src\traditional\proc\p18f67j60.asm
                    TXSTA   0x000fac       data     extern E:\c18v3.46\pic18-lt\cxx-framework\src\traditional\proc\p18f67j60.asm
                   TXSTA1   0x000fac       data     extern E:\c18v3.46\pic18-lt\cxx-framework\src\traditional\proc\p18f67j60.asm
               TXSTA1bits   0x000fac       data     extern E:\c18v3.46\pic18-lt\cxx-framework\src\traditional\proc\p18f67j60.asm
                TXSTAbits   0x000fac       data     extern E:\c18v3.46\pic18-lt\cxx-framework\src\traditional\proc\p18f67j60.asm
                    TXREG   0x000fad       data     extern E:\c18v3.46\pic18-lt\cxx-framework\src\traditional\proc\p18f67j60.asm
                   TXREG1   0x000fad       data     extern E:\c18v3.46\pic18-lt\cxx-framework\src\traditional\proc\p18f67j60.asm
                   RCREG1   0x000fae       data     extern E:\c18v3.46\pic18-lt\cxx-framework\src\traditional\proc\p18f67j60.asm
                    RCREG   0x000fae       data     extern E:\c18v3.46\pic18-lt\cxx-framework\src\traditional\proc\p18f67j60.asm
                    SPBRG   0x000faf       data     extern E:\c18v3.46\pic18-lt\cxx-framework\src\traditional\proc\p18f67j60.asm
                   SPBRG1   0x000faf       data     extern E:\c18v3.46\pic18-lt\cxx-framework\src\traditional\proc\p18f67j60.asm
                    T3CON   0x000fb1       data     extern E:\c18v3.46\pic18-lt\cxx-framework\src\traditional\proc\p18f67j60.asm
                T3CONbits   0x000fb1       data     extern E:\c18v3.46\pic18-lt\cxx-framework\src\traditional\proc\p18f67j60.asm
                    TMR3L   0x000fb2       data     extern E:\c18v3.46\pic18-lt\cxx-framework\src\traditional\proc\p18f67j60.asm
                    TMR3H   0x000fb3       data     extern E:\c18v3.46\pic18-lt\cxx-framework\src\traditional\proc\p18f67j60.asm
                CMCONbits   0x000fb4       data     extern E:\c18v3.46\pic18-lt\cxx-framework\src\traditional\proc\p18f67j60.asm
                    CMCON   0x000fb4       data     extern E:\c18v3.46\pic18-lt\cxx-framework\src\traditional\proc\p18f67j60.asm
               CVRCONbits   0x000fb5       data     extern E:\c18v3.46\pic18-lt\cxx-framework\src\traditional\proc\p18f67j60.asm
                   CVRCON   0x000fb5       data     extern E:\c18v3.46\pic18-lt\cxx-framework\src\traditional\proc\p18f67j60.asm
                  ECCP1AS   0x000fb6       data     extern E:\c18v3.46\pic18-lt\cxx-framework\src\traditional\proc\p18f67j60.asm
              ECCP1ASbits   0x000fb6       data     extern E:\c18v3.46\pic18-lt\cxx-framework\src\traditional\proc\p18f67j60.asm
                  CCP3CON   0x000fb7       data     extern E:\c18v3.46\pic18-lt\cxx-framework\src\traditional\proc\p18f67j60.asm
              CCP3CONbits   0x000fb7       data     extern E:\c18v3.46\pic18-lt\cxx-framework\src\traditional\proc\p18f67j60.asm
             ECCP3CONbits   0x000fb7       data     extern E:\c18v3.46\pic18-lt\cxx-framework\src\traditional\proc\p18f67j60.asm
                 ECCP3CON   0x000fb7       data     extern E:\c18v3.46\pic18-lt\cxx-framework\src\traditional\proc\p18f67j60.asm
                   CCPR3L   0x000fb8       data     extern E:\c18v3.46\pic18-lt\cxx-framework\src\traditional\proc\p18f67j60.asm
                    CCPR3   0x000fb8       data     extern E:\c18v3.46\pic18-lt\cxx-framework\src\traditional\proc\p18f67j60.asm
                   CCPR3H   0x000fb9       data     extern E:\c18v3.46\pic18-lt\cxx-framework\src\traditional\proc\p18f67j60.asm
                  CCP2CON   0x000fba       data     extern E:\c18v3.46\pic18-lt\cxx-framework\src\traditional\proc\p18f67j60.asm
              CCP2CONbits   0x000fba       data     extern E:\c18v3.46\pic18-lt\cxx-framework\src\traditional\proc\p18f67j60.asm
             ECCP2CONbits   0x000fba       data     extern E:\c18v3.46\pic18-lt\cxx-framework\src\traditional\proc\p18f67j60.asm
                 ECCP2CON   0x000fba       data     extern E:\c18v3.46\pic18-lt\cxx-framework\src\traditional\proc\p18f67j60.asm
                   CCPR2L   0x000fbb       data     extern E:\c18v3.46\pic18-lt\cxx-framework\src\traditional\proc\p18f67j60.asm
                    CCPR2   0x000fbb       data     extern E:\c18v3.46\pic18-lt\cxx-framework\src\traditional\proc\p18f67j60.asm
                   CCPR2H   0x000fbc       data     extern E:\c18v3.46\pic18-lt\cxx-framework\src\traditional\proc\p18f67j60.asm
              CCP1CONbits   0x000fbd       data     extern E:\c18v3.46\pic18-lt\cxx-framework\src\traditional\proc\p18f67j60.asm
                  CCP1CON   0x000fbd       data     extern E:\c18v3.46\pic18-lt\cxx-framework\src\traditional\proc\p18f67j60.asm
             ECCP1CONbits   0x000fbd       data     extern E:\c18v3.46\pic18-lt\cxx-framework\src\traditional\proc\p18f67j60.asm
                 ECCP1CON   0x000fbd       data     extern E:\c18v3.46\pic18-lt\cxx-framework\src\traditional\proc\p18f67j60.asm
                   CCPR1L   0x000fbe       data     extern E:\c18v3.46\pic18-lt\cxx-framework\src\traditional\proc\p18f67j60.asm
                    CCPR1   0x000fbe       data     extern E:\c18v3.46\pic18-lt\cxx-framework\src\traditional\proc\p18f67j60.asm
                   CCPR1H   0x000fbf       data     extern E:\c18v3.46\pic18-lt\cxx-framework\src\traditional\proc\p18f67j60.asm
               ADCON2bits   0x000fc0       data     extern E:\c18v3.46\pic18-lt\cxx-framework\src\traditional\proc\p18f67j60.asm
                   ADCON2   0x000fc0       data     extern E:\c18v3.46\pic18-lt\cxx-framework\src\traditional\proc\p18f67j60.asm
               ADCON1bits   0x000fc1       data     extern E:\c18v3.46\pic18-lt\cxx-framework\src\traditional\proc\p18f67j60.asm
                   ADCON1   0x000fc1       data     extern E:\c18v3.46\pic18-lt\cxx-framework\src\traditional\proc\p18f67j60.asm
               ADCON0bits   0x000fc2       data     extern E:\c18v3.46\pic18-lt\cxx-framework\src\traditional\proc\p18f67j60.asm
                   ADCON0   0x000fc2       data     extern E:\c18v3.46\pic18-lt\cxx-framework\src\traditional\proc\p18f67j60.asm
                   ADRESL   0x000fc3       data     extern E:\c18v3.46\pic18-lt\cxx-framework\src\traditional\proc\p18f67j60.asm
                    ADRES   0x000fc3       data     extern E:\c18v3.46\pic18-lt\cxx-framework\src\traditional\proc\p18f67j60.asm
                   ADRESH   0x000fc4       data     extern E:\c18v3.46\pic18-lt\cxx-framework\src\traditional\proc\p18f67j60.asm
                 SSP1CON2   0x000fc5       data     extern E:\c18v3.46\pic18-lt\cxx-framework\src\traditional\proc\p18f67j60.asm
             SSP1CON2bits   0x000fc5       data     extern E:\c18v3.46\pic18-lt\cxx-framework\src\traditional\proc\p18f67j60.asm
                  SSPCON2   0x000fc5       data     extern E:\c18v3.46\pic18-lt\cxx-framework\src\traditional\proc\p18f67j60.asm
              SSPCON2bits   0x000fc5       data     extern E:\c18v3.46\pic18-lt\cxx-framework\src\traditional\proc\p18f67j60.asm
                  SSPCON1   0x000fc6       data     extern E:\c18v3.46\pic18-lt\cxx-framework\src\traditional\proc\p18f67j60.asm
              SSPCON1bits   0x000fc6       data     extern E:\c18v3.46\pic18-lt\cxx-framework\src\traditional\proc\p18f67j60.asm
             SSP1CON1bits   0x000fc6       data     extern E:\c18v3.46\pic18-lt\cxx-framework\src\traditional\proc\p18f67j60.asm
                 SSP1CON1   0x000fc6       data     extern E:\c18v3.46\pic18-lt\cxx-framework\src\traditional\proc\p18f67j60.asm
                 SSP1STAT   0x000fc7       data     extern E:\c18v3.46\pic18-lt\cxx-framework\src\traditional\proc\p18f67j60.asm
             SSP1STATbits   0x000fc7       data     extern E:\c18v3.46\pic18-lt\cxx-framework\src\traditional\proc\p18f67j60.asm
              SSPSTATbits   0x000fc7       data     extern E:\c18v3.46\pic18-lt\cxx-framework\src\traditional\proc\p18f67j60.asm
                  SSPSTAT   0x000fc7       data     extern E:\c18v3.46\pic18-lt\cxx-framework\src\traditional\proc\p18f67j60.asm
                  SSP1ADD   0x000fc8       data     extern E:\c18v3.46\pic18-lt\cxx-framework\src\traditional\proc\p18f67j60.asm
                   SSPADD   0x000fc8       data     extern E:\c18v3.46\pic18-lt\cxx-framework\src\traditional\proc\p18f67j60.asm
                  SSP1BUF   0x000fc9       data     extern E:\c18v3.46\pic18-lt\cxx-framework\src\traditional\proc\p18f67j60.asm
                   SSPBUF   0x000fc9       data     extern E:\c18v3.46\pic18-lt\cxx-framework\src\traditional\proc\p18f67j60.asm
                    T2CON   0x000fca       data     extern E:\c18v3.46\pic18-lt\cxx-framework\src\traditional\proc\p18f67j60.asm
                T2CONbits   0x000fca       data     extern E:\c18v3.46\pic18-lt\cxx-framework\src\traditional\proc\p18f67j60.asm
                      PR2   0x000fcb       data     extern E:\c18v3.46\pic18-lt\cxx-framework\src\traditional\proc\p18f67j60.asm
                     TMR2   0x000fcc       data     extern E:\c18v3.46\pic18-lt\cxx-framework\src\traditional\proc\p18f67j60.asm
                T1CONbits   0x000fcd       data     extern E:\c18v3.46\pic18-lt\cxx-framework\src\traditional\proc\p18f67j60.asm
                    T1CON   0x000fcd       data     extern E:\c18v3.46\pic18-lt\cxx-framework\src\traditional\proc\p18f67j60.asm
                    TMR1L   0x000fce       data     extern E:\c18v3.46\pic18-lt\cxx-framework\src\traditional\proc\p18f67j60.asm
                    TMR1H   0x000fcf       data     extern E:\c18v3.46\pic18-lt\cxx-framework\src\traditional\proc\p18f67j60.asm
                 RCONbits   0x000fd0       data     extern E:\c18v3.46\pic18-lt\cxx-framework\src\traditional\proc\p18f67j60.asm
                     RCON   0x000fd0       data     extern E:\c18v3.46\pic18-lt\cxx-framework\src\traditional\proc\p18f67j60.asm
               WDTCONbits   0x000fd1       data     extern E:\c18v3.46\pic18-lt\cxx-framework\src\traditional\proc\p18f67j60.asm
                   WDTCON   0x000fd1       data     extern E:\c18v3.46\pic18-lt\cxx-framework\src\traditional\proc\p18f67j60.asm
                    ECON1   0x000fd2       data     extern E:\c18v3.46\pic18-lt\cxx-framework\src\traditional\proc\p18f67j60.asm
                ECON1bits   0x000fd2       data     extern E:\c18v3.46\pic18-lt\cxx-framework\src\traditional\proc\p18f67j60.asm
                   OSCCON   0x000fd3       data     extern E:\c18v3.46\pic18-lt\cxx-framework\src\traditional\proc\p18f67j60.asm
               OSCCONbits   0x000fd3       data     extern E:\c18v3.46\pic18-lt\cxx-framework\src\traditional\proc\p18f67j60.asm
                    T0CON   0x000fd5       data     extern E:\c18v3.46\pic18-lt\cxx-framework\src\traditional\proc\p18f67j60.asm
                T0CONbits   0x000fd5       data     extern E:\c18v3.46\pic18-lt\cxx-framework\src\traditional\proc\p18f67j60.asm
                    TMR0L   0x000fd6       data     extern E:\c18v3.46\pic18-lt\cxx-framework\src\traditional\proc\p18f67j60.asm
                    TMR0H   0x000fd7       data     extern E:\c18v3.46\pic18-lt\cxx-framework\src\traditional\proc\p18f67j60.asm
                   STATUS   0x000fd8       data     extern E:\c18v3.46\pic18-lt\cxx-framework\src\traditional\proc\p18f67j60.asm
               STATUSbits   0x000fd8       data     extern E:\c18v3.46\pic18-lt\cxx-framework\src\traditional\proc\p18f67j60.asm
                    FSR2L   0x000fd9       data     extern E:\c18v3.46\pic18-lt\cxx-framework\src\traditional\proc\p18f67j60.asm
                     FSR2   0x000fd9       data     extern E:\c18v3.46\pic18-lt\cxx-framework\src\traditional\proc\p18f67j60.asm
                    FSR2H   0x000fda       data     extern E:\c18v3.46\pic18-lt\cxx-framework\src\traditional\proc\p18f67j60.asm
                   PLUSW2   0x000fdb       data     extern E:\c18v3.46\pic18-lt\cxx-framework\src\traditional\proc\p18f67j60.asm
                  PREINC2   0x000fdc       data     extern E:\c18v3.46\pic18-lt\cxx-framework\src\traditional\proc\p18f67j60.asm
                 POSTDEC2   0x000fdd       data     extern E:\c18v3.46\pic18-lt\cxx-framework\src\traditional\proc\p18f67j60.asm
                 POSTINC2   0x000fde       data     extern E:\c18v3.46\pic18-lt\cxx-framework\src\traditional\proc\p18f67j60.asm
                    INDF2   0x000fdf       data     extern E:\c18v3.46\pic18-lt\cxx-framework\src\traditional\proc\p18f67j60.asm
                      BSR   0x000fe0       data     extern E:\c18v3.46\pic18-lt\cxx-framework\src\traditional\proc\p18f67j60.asm
                    FSR1L   0x000fe1       data     extern E:\c18v3.46\pic18-lt\cxx-framework\src\traditional\proc\p18f67j60.asm
                     FSR1   0x000fe1       data     extern E:\c18v3.46\pic18-lt\cxx-framework\src\traditional\proc\p18f67j60.asm
                    FSR1H   0x000fe2       data     extern E:\c18v3.46\pic18-lt\cxx-framework\src\traditional\proc\p18f67j60.asm
                   PLUSW1   0x000fe3       data     extern E:\c18v3.46\pic18-lt\cxx-framework\src\traditional\proc\p18f67j60.asm
                  PREINC1   0x000fe4       data     extern E:\c18v3.46\pic18-lt\cxx-framework\src\traditional\proc\p18f67j60.asm
                 POSTDEC1   0x000fe5       data     extern E:\c18v3.46\pic18-lt\cxx-framework\src\traditional\proc\p18f67j60.asm
                 POSTINC1   0x000fe6       data     extern E:\c18v3.46\pic18-lt\cxx-framework\src\traditional\proc\p18f67j60.asm
                    INDF1   0x000fe7       data     extern E:\c18v3.46\pic18-lt\cxx-framework\src\traditional\proc\p18f67j60.asm
                     WREG   0x000fe8       data     extern E:\c18v3.46\pic18-lt\cxx-framework\src\traditional\proc\p18f67j60.asm
                    FSR0L   0x000fe9       data     extern E:\c18v3.46\pic18-lt\cxx-framework\src\traditional\proc\p18f67j60.asm
                     FSR0   0x000fe9       data     extern E:\c18v3.46\pic18-lt\cxx-framework\src\traditional\proc\p18f67j60.asm
                    FSR0H   0x000fea       data     extern E:\c18v3.46\pic18-lt\cxx-framework\src\traditional\proc\p18f67j60.asm
                   PLUSW0   0x000feb       data     extern E:\c18v3.46\pic18-lt\cxx-framework\src\traditional\proc\p18f67j60.asm
                  PREINC0   0x000fec       data     extern E:\c18v3.46\pic18-lt\cxx-framework\src\traditional\proc\p18f67j60.asm
                 POSTDEC0   0x000fed       data     extern E:\c18v3.46\pic18-lt\cxx-framework\src\traditional\proc\p18f67j60.asm
                 POSTINC0   0x000fee       data     extern E:\c18v3.46\pic18-lt\cxx-framework\src\traditional\proc\p18f67j60.asm
                    INDF0   0x000fef       data     extern E:\c18v3.46\pic18-lt\cxx-framework\src\traditional\proc\p18f67j60.asm
              INTCON3bits   0x000ff0       data     extern E:\c18v3.46\pic18-lt\cxx-framework\src\traditional\proc\p18f67j60.asm
                  INTCON3   0x000ff0       data     extern E:\c18v3.46\pic18-lt\cxx-framework\src\traditional\proc\p18f67j60.asm
                  INTCON2   0x000ff1       data     extern E:\c18v3.46\pic18-lt\cxx-framework\src\traditional\proc\p18f67j60.asm
              INTCON2bits   0x000ff1       data     extern E:\c18v3.46\pic18-lt\cxx-framework\src\traditional\proc\p18f67j60.asm
                   INTCON   0x000ff2       data     extern E:\c18v3.46\pic18-lt\cxx-framework\src\traditional\proc\p18f67j60.asm
               INTCONbits   0x000ff2       data     extern E:\c18v3.46\pic18-lt\cxx-framework\src\traditional\proc\p18f67j60.asm
                     PROD   0x000ff3       data     extern E:\c18v3.46\pic18-lt\cxx-framework\src\traditional\proc\p18f67j60.asm
                    PRODL   0x000ff3       data     extern E:\c18v3.46\pic18-lt\cxx-framework\src\traditional\proc\p18f67j60.asm
                    PRODH   0x000ff4       data     extern E:\c18v3.46\pic18-lt\cxx-framework\src\traditional\proc\p18f67j60.asm
                   TABLAT   0x000ff5       data     extern E:\c18v3.46\pic18-lt\cxx-framework\src\traditional\proc\p18f67j60.asm
                  TBLPTRL   0x000ff6       data     extern E:\c18v3.46\pic18-lt\cxx-framework\src\traditional\proc\p18f67j60.asm
                   TBLPTR   0x000ff6       data     extern E:\c18v3.46\pic18-lt\cxx-framework\src\traditional\proc\p18f67j60.asm
                  TBLPTRH   0x000ff7       data     extern E:\c18v3.46\pic18-lt\cxx-framework\src\traditional\proc\p18f67j60.asm
                  TBLPTRU   0x000ff8       data     extern E:\c18v3.46\pic18-lt\cxx-framework\src\traditional\proc\p18f67j60.asm
                      PCL   0x000ff9       data     extern E:\c18v3.46\pic18-lt\cxx-framework\src\traditional\proc\p18f67j60.asm
                       PC   0x000ff9       data     extern E:\c18v3.46\pic18-lt\cxx-framework\src\traditional\proc\p18f67j60.asm
                   PCLATH   0x000ffa       data     extern E:\c18v3.46\pic18-lt\cxx-framework\src\traditional\proc\p18f67j60.asm
                   PCLATU   0x000ffb       data     extern E:\c18v3.46\pic18-lt\cxx-framework\src\traditional\proc\p18f67j60.asm
               STKPTRbits   0x000ffc       data     extern E:\c18v3.46\pic18-lt\cxx-framework\src\traditional\proc\p18f67j60.asm
                   STKPTR   0x000ffc       data     extern E:\c18v3.46\pic18-lt\cxx-framework\src\traditional\proc\p18f67j60.asm
                      TOS   0x000ffd       data     extern E:\c18v3.46\pic18-lt\cxx-framework\src\traditional\proc\p18f67j60.asm
                     TOSL   0x000ffd       data     extern E:\c18v3.46\pic18-lt\cxx-framework\src\traditional\proc\p18f67j60.asm
                     TOSH   0x000ffe       data     extern E:\c18v3.46\pic18-lt\cxx-framework\src\traditional\proc\p18f67j60.asm
                     TOSU   0x000fff       data     extern E:\c18v3.46\pic18-lt\cxx-framework\src\traditional\proc\p18f67j60.asm


